Archive member included to satisfy reference by file (symbol)

d:/freedomstudio-4.7.2/sifive/toolchain/riscv64-unknown-elf-gcc-8.2.0-2019.02.0/bin/../lib/gcc/riscv64-unknown-elf/8.2.0/../../../../riscv64-unknown-elf/lib/rv32imac/ilp32\libc.a(lib_a-printf.o)
                              C:\Users\miyazaki\AppData\Local\Temp\cceof6g7.o (printf)
d:/freedomstudio-4.7.2/sifive/toolchain/riscv64-unknown-elf-gcc-8.2.0-2019.02.0/bin/../lib/gcc/riscv64-unknown-elf/8.2.0/../../../../riscv64-unknown-elf/lib/rv32imac/ilp32\libc.a(lib_a-vfprintf.o)
                              d:/freedomstudio-4.7.2/sifive/toolchain/riscv64-unknown-elf-gcc-8.2.0-2019.02.0/bin/../lib/gcc/riscv64-unknown-elf/8.2.0/../../../../riscv64-unknown-elf/lib/rv32imac/ilp32\libc.a(lib_a-printf.o) (_vfprintf_r)
d:/freedomstudio-4.7.2/sifive/toolchain/riscv64-unknown-elf-gcc-8.2.0-2019.02.0/bin/../lib/gcc/riscv64-unknown-elf/8.2.0/../../../../riscv64-unknown-elf/lib/rv32imac/ilp32\libc.a(lib_a-wsetup.o)
                              d:/freedomstudio-4.7.2/sifive/toolchain/riscv64-unknown-elf-gcc-8.2.0-2019.02.0/bin/../lib/gcc/riscv64-unknown-elf/8.2.0/../../../../riscv64-unknown-elf/lib/rv32imac/ilp32\libc.a(lib_a-vfprintf.o) (__swsetup_r)
d:/freedomstudio-4.7.2/sifive/toolchain/riscv64-unknown-elf-gcc-8.2.0-2019.02.0/bin/../lib/gcc/riscv64-unknown-elf/8.2.0/../../../../riscv64-unknown-elf/lib/rv32imac/ilp32\libc.a(lib_a-fflush.o)
                              d:/freedomstudio-4.7.2/sifive/toolchain/riscv64-unknown-elf-gcc-8.2.0-2019.02.0/bin/../lib/gcc/riscv64-unknown-elf/8.2.0/../../../../riscv64-unknown-elf/lib/rv32imac/ilp32\libc.a(lib_a-vfprintf.o) (_fflush_r)
d:/freedomstudio-4.7.2/sifive/toolchain/riscv64-unknown-elf-gcc-8.2.0-2019.02.0/bin/../lib/gcc/riscv64-unknown-elf/8.2.0/../../../../riscv64-unknown-elf/lib/rv32imac/ilp32\libc.a(lib_a-findfp.o)
                              d:/freedomstudio-4.7.2/sifive/toolchain/riscv64-unknown-elf-gcc-8.2.0-2019.02.0/bin/../lib/gcc/riscv64-unknown-elf/8.2.0/../../../../riscv64-unknown-elf/lib/rv32imac/ilp32\libc.a(lib_a-vfprintf.o) (__sinit)
d:/freedomstudio-4.7.2/sifive/toolchain/riscv64-unknown-elf-gcc-8.2.0-2019.02.0/bin/../lib/gcc/riscv64-unknown-elf/8.2.0/../../../../riscv64-unknown-elf/lib/rv32imac/ilp32\libc.a(lib_a-freer.o)
                              d:/freedomstudio-4.7.2/sifive/toolchain/riscv64-unknown-elf-gcc-8.2.0-2019.02.0/bin/../lib/gcc/riscv64-unknown-elf/8.2.0/../../../../riscv64-unknown-elf/lib/rv32imac/ilp32\libc.a(lib_a-vfprintf.o) (_free_r)
d:/freedomstudio-4.7.2/sifive/toolchain/riscv64-unknown-elf-gcc-8.2.0-2019.02.0/bin/../lib/gcc/riscv64-unknown-elf/8.2.0/../../../../riscv64-unknown-elf/lib/rv32imac/ilp32\libc.a(lib_a-fwalk.o)
                              d:/freedomstudio-4.7.2/sifive/toolchain/riscv64-unknown-elf-gcc-8.2.0-2019.02.0/bin/../lib/gcc/riscv64-unknown-elf/8.2.0/../../../../riscv64-unknown-elf/lib/rv32imac/ilp32\libc.a(lib_a-findfp.o) (_fwalk)
d:/freedomstudio-4.7.2/sifive/toolchain/riscv64-unknown-elf-gcc-8.2.0-2019.02.0/bin/../lib/gcc/riscv64-unknown-elf/8.2.0/../../../../riscv64-unknown-elf/lib/rv32imac/ilp32\libc.a(lib_a-impure.o)
                              d:/freedomstudio-4.7.2/sifive/toolchain/riscv64-unknown-elf-gcc-8.2.0-2019.02.0/bin/../lib/gcc/riscv64-unknown-elf/8.2.0/../../../../riscv64-unknown-elf/lib/rv32imac/ilp32\libc.a(lib_a-fflush.o) (_global_impure_ptr)
d:/freedomstudio-4.7.2/sifive/toolchain/riscv64-unknown-elf-gcc-8.2.0-2019.02.0/bin/../lib/gcc/riscv64-unknown-elf/8.2.0/../../../../riscv64-unknown-elf/lib/rv32imac/ilp32\libc.a(lib_a-ldtoa.o)
                              d:/freedomstudio-4.7.2/sifive/toolchain/riscv64-unknown-elf-gcc-8.2.0-2019.02.0/bin/../lib/gcc/riscv64-unknown-elf/8.2.0/../../../../riscv64-unknown-elf/lib/rv32imac/ilp32\libc.a(lib_a-vfprintf.o) (_ldtoa_r)
d:/freedomstudio-4.7.2/sifive/toolchain/riscv64-unknown-elf-gcc-8.2.0-2019.02.0/bin/../lib/gcc/riscv64-unknown-elf/8.2.0/../../../../riscv64-unknown-elf/lib/rv32imac/ilp32\libc.a(lib_a-localeconv.o)
                              d:/freedomstudio-4.7.2/sifive/toolchain/riscv64-unknown-elf-gcc-8.2.0-2019.02.0/bin/../lib/gcc/riscv64-unknown-elf/8.2.0/../../../../riscv64-unknown-elf/lib/rv32imac/ilp32\libc.a(lib_a-vfprintf.o) (_localeconv_r)
d:/freedomstudio-4.7.2/sifive/toolchain/riscv64-unknown-elf-gcc-8.2.0-2019.02.0/bin/../lib/gcc/riscv64-unknown-elf/8.2.0/../../../../riscv64-unknown-elf/lib/rv32imac/ilp32\libc.a(lib_a-locale.o)
                              d:/freedomstudio-4.7.2/sifive/toolchain/riscv64-unknown-elf-gcc-8.2.0-2019.02.0/bin/../lib/gcc/riscv64-unknown-elf/8.2.0/../../../../riscv64-unknown-elf/lib/rv32imac/ilp32\libc.a(lib_a-localeconv.o) (__global_locale)
d:/freedomstudio-4.7.2/sifive/toolchain/riscv64-unknown-elf-gcc-8.2.0-2019.02.0/bin/../lib/gcc/riscv64-unknown-elf/8.2.0/../../../../riscv64-unknown-elf/lib/rv32imac/ilp32\libc.a(lib_a-makebuf.o)
[...]
Memory Configuration

Name             Origin             Length             Attributes
ram              0x0000000080000000 0x0000000000004000 axw !rl
flash            0x0000000020010000 0x000000000006a120 axrl !w
*default*        0x0000000000000000 0xffffffffffffffff

Linker script and memory map

LOAD C:\Users\miyazaki\AppData\Local\Temp\cceof6g7.o
START GROUP
LOAD d:/freedomstudio-4.7.2/sifive/toolchain/riscv64-unknown-elf-gcc-8.2.0-2019.02.0/bin/../lib/gcc/riscv64-unknown-elf/8.2.0/../../../../riscv64-unknown-elf/lib/rv32imac/ilp32\libc.a
LOAD d:/freedomstudio-4.7.2/sifive/toolchain/riscv64-unknown-elf-gcc-8.2.0-2019.02.0/bin/../lib/gcc/riscv64-unknown-elf/8.2.0/rv32imac/ilp32\libgcc.a
LOAD C:/Users/miyazaki/wsFreedomStudio/sample/bsp/install/lib/debug/\libmetal.a
LOAD C:/Users/miyazaki/wsFreedomStudio/sample/bsp/install/lib/debug/\libmetal-gloss.a
END GROUP
                0x0000000000000400                __stack_size = DEFINED (__stack_size)?__stack_size:0x400
                0x0000000000000400                __heap_size = DEFINED (__heap_size)?__heap_size:0x400

.init           0x0000000020010000      0x130
 *(.text.metal.init.enter)
 .text.metal.init.enter
                0x0000000020010000       0x54 C:/Users/miyazaki/wsFreedomStudio/sample/bsp/install/lib/debug/\libmetal.a(libriscv__mmachine___a-entry.o)
                0x0000000020010000                _enter
 *(SORT_NONE(.init))
 *(.text.libgloss.start)
 .text.libgloss.start
                0x0000000020010054       0xdc C:/Users/miyazaki/wsFreedomStudio/sample/bsp/install/lib/debug/\libmetal-gloss.a(crt0.o)
                0x0000000020010054                _start
                0x000000002001012e                _fini
                0x000000002001012e                _init

.text           0x0000000020010180     0xd8c2
 *(.text.unlikely .text.unlikely.*)
 *(.text.startup .text.startup.*)
 *(.text .text.*)
 .text.is_even  0x0000000020010180       0x28 C:\Users\miyazaki\AppData\Local\Temp\cceof6g7.o
                0x0000000020010180                is_even
 .text.main     0x00000000200101a8       0x40 C:\Users\miyazaki\AppData\Local\Temp\cceof6g7.o
                0x00000000200101a8                main
 .text          0x00000000200101e8       0x4e d:/freedomstudio-4.7.2/sifive/toolchain/riscv64-unknown-elf-gcc-8.2.0-2019.02.0/bin/../lib/gcc/riscv64-unknown-elf/8.2.0/../../../../riscv64-unknown-elf/lib/rv32imac/ilp32\libc.a(lib_a-printf.o)
                0x00000000200101e8                _printf_r
                0x0000000020010208                printf
 .text          0x0000000020010236     0x16b2 d:/freedomstudio-4.7.2/sifive/toolchain/riscv64-unknown-elf-gcc-8.2.0-2019.02.0/bin/../lib/gcc/riscv64-unknown-elf/8.2.0/../../../../riscv64-unknown-elf/lib/rv32imac/ilp32\libc.a(lib_a-vfprintf.o)
                0x0000000020010236                _vfprintf_r
                0x000000002001184a                vfprintf
 .text          0x00000000200118e8       0xdc d:/freedomstudio-4.7.2/sifive/toolchain/riscv64-unknown-elf-gcc-8.2.0-2019.02.0/bin/../lib/gcc/riscv64-unknown-elf/8.2.0/../../../../riscv64-unknown-elf/lib/rv32imac/ilp32\libc.a(lib_a-wsetup.o)
                0x00000000200118e8                __swsetup_r
 .text          0x00000000200119c4      0x1a8 d:/freedomstudio-4.7.2/sifive/toolchain/riscv64-unknown-elf-gcc-8.2.0-2019.02.0/bin/../lib/gcc/riscv64-unknown-elf/8.2.0/../../../../riscv64-unknown-elf/lib/rv32imac/ilp32\libc.a(lib_a-fflush.o)
                0x00000000200119c4                __sflush_r
                0x0000000020011b1e                _fflush_r
                0x0000000020011b4c                fflush
 .text          0x0000000020011b6c      0x1e6 d:/freedomstudio-4.7.2/sifive/toolchain/riscv64-unknown-elf-gcc-8.2.0-2019.02.0/bin/../lib/gcc/riscv64-unknown-elf/8.2.0/../../../../riscv64-unknown-elf/lib/rv32imac/ilp32\libc.a(lib_a-findfp.o)
                0x0000000020011bda                _cleanup_r
                0x0000000020011be8                __sfmoreglue
                0x0000000020011c30                _cleanup
                0x0000000020011c38                __sinit
                0x0000000020011c86                __sfp
                0x0000000020011d22                __sfp_lock_acquire
                0x0000000020011d24                __sfp_lock_release
                0x0000000020011d26                __sinit_lock_acquire
                0x0000000020011d28                __sinit_lock_release
                0x0000000020011d2a                __fp_lock_all
                0x0000000020011d3e                __fp_unlock_all
 .text          0x0000000020011d52      0x2a0 d:/freedomstudio-4.7.2/sifive/toolchain/riscv64-unknown-elf-gcc-8.2.0-2019.02.0/bin/../lib/gcc/riscv64-unknown-elf/8.2.0/../../../../riscv64-unknown-elf/lib/rv32imac/ilp32\libc.a(lib_a-freer.o)
                0x0000000020011d52                _malloc_trim_r
                0x0000000020011e22                _free_r
 .text          0x0000000020011ff2       0xce d:/freedomstudio-4.7.2/sifive/toolchain/riscv64-unknown-elf-gcc-8.2.0-2019.02.0/bin/../lib/gcc/riscv64-unknown-elf/8.2.0/../../../../riscv64-unknown-elf/lib/rv32imac/ilp32\libc.a(lib_a-fwalk.o)
                0x0000000020011ff2                _fwalk
                0x0000000020012054                _fwalk_reent
 .text          0x00000000200120c0     0x1610 d:/freedomstudio-4.7.2/sifive/toolchain/riscv64-unknown-elf-gcc-8.2.0-2019.02.0/bin/../lib/gcc/riscv64-unknown-elf/8.2.0/../../../../riscv64-unknown-elf/lib/rv32imac/ilp32\libc.a(lib_a-ldtoa.o)
                0x0000000020012d9e                _ldtoa_r
                0x0000000020013692                _ldcheck
 .text          0x00000000200136d0       0x3e d:/freedomstudio-4.7.2/sifive/toolchain/riscv64-unknown-elf-gcc-8.2.0-2019.02.0/bin/../lib/gcc/riscv64-unknown-elf/8.2.0/../../../../riscv64-unknown-elf/lib/rv32imac/ilp32\libc.a(lib_a-localeconv.o)
                0x00000000200136d0                __localeconv_l
                0x00000000200136d6                _localeconv_r
                0x00000000200136f2                localeconv
 .text          0x000000002001370e       0xa6 d:/freedomstudio-4.7.2/sifive/toolchain/riscv64-unknown-elf-gcc-8.2.0-2019.02.0/bin/../lib/gcc/riscv64-unknown-elf/8.2.0/../../../../riscv64-unknown-elf/lib/rv32imac/ilp32\libc.a(lib_a-locale.o)
                0x000000002001370e                _setlocale_r
                0x0000000020013766                __locale_mb_cur_max
                0x0000000020013782                __locale_ctype_ptr_l
                0x0000000020013788                __locale_ctype_ptr
                0x00000000200137a4                setlocale
 .text          0x00000000200137b4      0x104 d:/freedomstudio-4.7.2/sifive/toolchain/riscv64-unknown-elf-gcc-8.2.0-2019.02.0/bin/../lib/gcc/riscv64-unknown-elf/8.2.0/../../../../riscv64-unknown-elf/lib/rv32imac/ilp32\libc.a(lib_a-makebuf.o)
                0x00000000200137b4                __swhatbuf_r
                0x000000002001381a                __smakebuf_r
 .text          0x00000000200138b8      0x50e d:/freedomstudio-4.7.2/sifive/toolchain/riscv64-unknown-elf-gcc-8.2.0-2019.02.0/bin/../lib/gcc/riscv64-unknown-elf/8.2.0/../../../../riscv64-unknown-elf/lib/rv32imac/ilp32\libc.a(lib_a-mallocr.o)
                0x00000000200138b8                _malloc_r
 .text          0x0000000020013dc6       0x56 d:/freedomstudio-4.7.2/sifive/toolchain/riscv64-unknown-elf-gcc-8.2.0-2019.02.0/bin/../lib/gcc/riscv64-unknown-elf/8.2.0/../../../../riscv64-unknown-elf/lib/rv32imac/ilp32\libc.a(lib_a-mbtowc_r.o)
                0x0000000020013dc6                _mbtowc_r
                0x0000000020013de2                __ascii_mbtowc
 .text          0x0000000020013e1c       0x1a d:/freedomstudio-4.7.2/sifive/toolchain/riscv64-unknown-elf-gcc-8.2.0-2019.02.0/bin/../lib/gcc/riscv64-unknown-elf/8.2.0/../../../../riscv64-unknown-elf/lib/rv32imac/ilp32\libc.a(lib_a-memchr.o)
                0x0000000020013e1c                memchr
 .text          0x0000000020013e36       0xa8 d:/freedomstudio-4.7.2/sifive/toolchain/riscv64-unknown-elf-gcc-8.2.0-2019.02.0/bin/../lib/gcc/riscv64-unknown-elf/8.2.0/../../../../riscv64-unknown-elf/lib/rv32imac/ilp32\libc.a(lib_a-memset.o)
                0x0000000020013e36                memset
 .text          0x0000000020013ede        0x4 d:/freedomstudio-4.7.2/sifive/toolchain/riscv64-unknown-elf-gcc-8.2.0-2019.02.0/bin/../lib/gcc/riscv64-unknown-elf/8.2.0/../../../../riscv64-unknown-elf/lib/rv32imac/ilp32\libc.a(lib_a-mlock.o)
                0x0000000020013ede                __malloc_lock
                0x0000000020013ee0                __malloc_unlock
 .text          0x0000000020013ee2      0x93c d:/freedomstudio-4.7.2/sifive/toolchain/riscv64-unknown-elf-gcc-8.2.0-2019.02.0/bin/../lib/gcc/riscv64-unknown-elf/8.2.0/../../../../riscv64-unknown-elf/lib/rv32imac/ilp32\libc.a(lib_a-mprec.o)
                0x0000000020013ee2                _Balloc
                0x0000000020013f48                _Bfree
                0x0000000020013f5c                __multadd
                0x0000000020013ff0                __s2b
                0x0000000020014090                __hi0bits
                0x00000000200140d6                __lo0bits
                0x0000000020014140                __i2b
                0x000000002001415a                __multiply
                0x000000002001429c                __pow5mult
                0x000000002001432c                __lshift
                0x00000000200143f6                __mcmp
                0x0000000020014428                __mdiff
                0x0000000020014514                __ulp
                0x000000002001455a                __b2d
                0x000000002001460c                __d2b
                0x00000000200146d8                __ratio
                0x0000000020014748                _mprec_log10
                0x00000000200147a2                __copybits
                0x00000000200147d8                __any_on
 .text          0x000000002001481e       0x2a d:/freedomstudio-4.7.2/sifive/toolchain/riscv64-unknown-elf-gcc-8.2.0-2019.02.0/bin/../lib/gcc/riscv64-unknown-elf/8.2.0/../../../../riscv64-unknown-elf/lib/rv32imac/ilp32\libc.a(lib_a-sbrkr.o)
                0x000000002001481e                _sbrk_r
 .text          0x0000000020014848       0x7e d:/freedomstudio-4.7.2/sifive/toolchain/riscv64-unknown-elf-gcc-8.2.0-2019.02.0/bin/../lib/gcc/riscv64-unknown-elf/8.2.0/../../../../riscv64-unknown-elf/lib/rv32imac/ilp32\libc.a(lib_a-s_frexp.o)
                0x0000000020014848                frexp
 .text          0x00000000200148c6       0x82 d:/freedomstudio-4.7.2/sifive/toolchain/riscv64-unknown-elf-gcc-8.2.0-2019.02.0/bin/../lib/gcc/riscv64-unknown-elf/8.2.0/../../../../riscv64-unknown-elf/lib/rv32imac/ilp32\libc.a(lib_a-sprintf.o)
                0x00000000200148c6                _sprintf_r
                0x0000000020014900                sprintf
 .text          0x0000000020014948       0xc8 d:/freedomstudio-4.7.2/sifive/toolchain/riscv64-unknown-elf-gcc-8.2.0-2019.02.0/bin/../lib/gcc/riscv64-unknown-elf/8.2.0/../../../../riscv64-unknown-elf/lib/rv32imac/ilp32\libc.a(lib_a-stdio.o)
                0x0000000020014948                __sread
                0x000000002001497a                __seofread
                0x000000002001497e                __swrite
                0x00000000200149d0                __sseek
                0x0000000020014a08                __sclose
 .text          0x0000000020014a10      0x11e d:/freedomstudio-4.7.2/sifive/toolchain/riscv64-unknown-elf-gcc-8.2.0-2019.02.0/bin/../lib/gcc/riscv64-unknown-elf/8.2.0/../../../../riscv64-unknown-elf/lib/rv32imac/ilp32\libc.a(lib_a-strcmp.o)
                0x0000000020014a10                strcmp
 .text          0x0000000020014b2e       0x12 d:/freedomstudio-4.7.2/sifive/toolchain/riscv64-unknown-elf-gcc-8.2.0-2019.02.0/bin/../lib/gcc/riscv64-unknown-elf/8.2.0/../../../../riscv64-unknown-elf/lib/rv32imac/ilp32\libc.a(lib_a-strcpy.o)
                0x0000000020014b2e                strcpy
 .text          0x0000000020014b40       0x12 d:/freedomstudio-4.7.2/sifive/toolchain/riscv64-unknown-elf-gcc-8.2.0-2019.02.0/bin/../lib/gcc/riscv64-unknown-elf/8.2.0/../../../../riscv64-unknown-elf/lib/rv32imac/ilp32\libc.a(lib_a-strlen.o)
                0x0000000020014b40                strlen
 .text          0x0000000020014b52       0x24 d:/freedomstudio-4.7.2/sifive/toolchain/riscv64-unknown-elf-gcc-8.2.0-2019.02.0/bin/../lib/gcc/riscv64-unknown-elf/8.2.0/../../../../riscv64-unknown-elf/lib/rv32imac/ilp32\libc.a(lib_a-strncpy.o)
                0x0000000020014b52                strncpy
 .text          0x0000000020014b76     0x15da d:/freedomstudio-4.7.2/sifive/toolchain/riscv64-unknown-elf-gcc-8.2.0-2019.02.0/bin/../lib/gcc/riscv64-unknown-elf/8.2.0/../../../../riscv64-unknown-elf/lib/rv32imac/ilp32\libc.a(lib_a-svfprintf.o)
                0x0000000020014b76                _svfprintf_r
 .text          0x0000000020016150      0xa2a d:/freedomstudio-4.7.2/sifive/toolchain/riscv64-unknown-elf-gcc-8.2.0-2019.02.0/bin/../lib/gcc/riscv64-unknown-elf/8.2.0/../../../../riscv64-unknown-elf/lib/rv32imac/ilp32\libc.a(lib_a-vfiprintf.o)
                0x0000000020016150                __sprint_r
                0x00000000200161ec                _vfiprintf_r
                0x0000000020016ada                vfiprintf
 .text          0x0000000020016b7a       0x3c d:/freedomstudio-4.7.2/sifive/toolchain/riscv64-unknown-elf-gcc-8.2.0-2019.02.0/bin/../lib/gcc/riscv64-unknown-elf/8.2.0/../../../../riscv64-unknown-elf/lib/rv32imac/ilp32\libc.a(lib_a-wctomb_r.o)
                0x0000000020016b7a                _wctomb_r
                0x0000000020016b96                __ascii_wctomb
 .text          0x0000000020016bb6       0x2e d:/freedomstudio-4.7.2/sifive/toolchain/riscv64-unknown-elf-gcc-8.2.0-2019.02.0/bin/../lib/gcc/riscv64-unknown-elf/8.2.0/../../../../riscv64-unknown-elf/lib/rv32imac/ilp32\libc.a(lib_a-writer.o)
                0x0000000020016bb6                _write_r
 .text          0x0000000020016be4       0x78 d:/freedomstudio-4.7.2/sifive/toolchain/riscv64-unknown-elf-gcc-8.2.0-2019.02.0/bin/../lib/gcc/riscv64-unknown-elf/8.2.0/../../../../riscv64-unknown-elf/lib/rv32imac/ilp32\libc.a(lib_a-callocr.o)
                0x0000000020016be4                _calloc_r
 .text          0x0000000020016c5c       0x2a d:/freedomstudio-4.7.2/sifive/toolchain/riscv64-unknown-elf-gcc-8.2.0-2019.02.0/bin/../lib/gcc/riscv64-unknown-elf/8.2.0/../../../../riscv64-unknown-elf/lib/rv32imac/ilp32\libc.a(lib_a-closer.o)
                0x0000000020016c5c                _close_r
 .text          0x0000000020016c86       0x9c d:/freedomstudio-4.7.2/sifive/toolchain/riscv64-unknown-elf-gcc-8.2.0-2019.02.0/bin/../lib/gcc/riscv64-unknown-elf/8.2.0/../../../../riscv64-unknown-elf/lib/rv32imac/ilp32\libc.a(lib_a-fclose.o)
                0x0000000020016c86                _fclose_r
                0x0000000020016d14                fclose
 .text          0x0000000020016d22      0x106 d:/freedomstudio-4.7.2/sifive/toolchain/riscv64-unknown-elf-gcc-8.2.0-2019.02.0/bin/../lib/gcc/riscv64-unknown-elf/8.2.0/../../../../riscv64-unknown-elf/lib/rv32imac/ilp32\libc.a(lib_a-fputwc.o)
                0x0000000020016d22                __fputwc
                0x0000000020016dd6                _fputwc_r
                0x0000000020016df4                fputwc
 .text          0x0000000020016e28       0x2c d:/freedomstudio-4.7.2/sifive/toolchain/riscv64-unknown-elf-gcc-8.2.0-2019.02.0/bin/../lib/gcc/riscv64-unknown-elf/8.2.0/../../../../riscv64-unknown-elf/lib/rv32imac/ilp32\libc.a(lib_a-fstatr.o)
                0x0000000020016e28                _fstat_r
 .text          0x0000000020016e54      0x2da d:/freedomstudio-4.7.2/sifive/toolchain/riscv64-unknown-elf-gcc-8.2.0-2019.02.0/bin/../lib/gcc/riscv64-unknown-elf/8.2.0/../../../../riscv64-unknown-elf/lib/rv32imac/ilp32\libc.a(lib_a-fvwrite.o)
                0x0000000020016e54                __sfvwrite_r
 .text          0x000000002001712e       0x2a d:/freedomstudio-4.7.2/sifive/toolchain/riscv64-unknown-elf-gcc-8.2.0-2019.02.0/bin/../lib/gcc/riscv64-unknown-elf/8.2.0/../../../../riscv64-unknown-elf/lib/rv32imac/ilp32\libc.a(lib_a-isattyr.o)
                0x000000002001712e                _isatty_r
 .text          0x0000000020017158       0x2e d:/freedomstudio-4.7.2/sifive/toolchain/riscv64-unknown-elf-gcc-8.2.0-2019.02.0/bin/../lib/gcc/riscv64-unknown-elf/8.2.0/../../../../riscv64-unknown-elf/lib/rv32imac/ilp32\libc.a(lib_a-lseekr.o)
                0x0000000020017158                _lseek_r
 .text          0x0000000020017186       0xb6 d:/freedomstudio-4.7.2/sifive/toolchain/riscv64-unknown-elf-gcc-8.2.0-2019.02.0/bin/../lib/gcc/riscv64-unknown-elf/8.2.0/../../../../riscv64-unknown-elf/lib/rv32imac/ilp32\libc.a(lib_a-memcpy.o)
                0x0000000020017186                memcpy
 .text          0x000000002001723c       0x4a d:/freedomstudio-4.7.2/sifive/toolchain/riscv64-unknown-elf-gcc-8.2.0-2019.02.0/bin/../lib/gcc/riscv64-unknown-elf/8.2.0/../../../../riscv64-unknown-elf/lib/rv32imac/ilp32\libc.a(lib_a-memmove.o)
                0x000000002001723c                memmove
 .text          0x0000000020017286       0x2e d:/freedomstudio-4.7.2/sifive/toolchain/riscv64-unknown-elf-gcc-8.2.0-2019.02.0/bin/../lib/gcc/riscv64-unknown-elf/8.2.0/../../../../riscv64-unknown-elf/lib/rv32imac/ilp32\libc.a(lib_a-readr.o)
                0x0000000020017286                _read_r
 .text          0x00000000200172b4      0x3a0 d:/freedomstudio-4.7.2/sifive/toolchain/riscv64-unknown-elf-gcc-8.2.0-2019.02.0/bin/../lib/gcc/riscv64-unknown-elf/8.2.0/../../../../riscv64-unknown-elf/lib/rv32imac/ilp32\libc.a(lib_a-reallocr.o)
                0x00000000200172b4                _realloc_r
 .text          0x0000000020017654      0x9ce d:/freedomstudio-4.7.2/sifive/toolchain/riscv64-unknown-elf-gcc-8.2.0-2019.02.0/bin/../lib/gcc/riscv64-unknown-elf/8.2.0/../../../../riscv64-unknown-elf/lib/rv32imac/ilp32\libc.a(lib_a-svfiprintf.o)
                0x0000000020017654                __ssprint_r
                0x0000000020017788                _svfiprintf_r
 .text          0x0000000020018022       0xca d:/freedomstudio-4.7.2/sifive/toolchain/riscv64-unknown-elf-gcc-8.2.0-2019.02.0/bin/../lib/gcc/riscv64-unknown-elf/8.2.0/../../../../riscv64-unknown-elf/lib/rv32imac/ilp32\libc.a(lib_a-wbuf.o)
                0x0000000020018022                __swbuf_r
                0x00000000200180dc                __swbuf
 .text          0x00000000200180ec       0x70 d:/freedomstudio-4.7.2/sifive/toolchain/riscv64-unknown-elf-gcc-8.2.0-2019.02.0/bin/../lib/gcc/riscv64-unknown-elf/8.2.0/../../../../riscv64-unknown-elf/lib/rv32imac/ilp32\libc.a(lib_a-wcrtomb.o)
                0x00000000200180ec                _wcrtomb_r
                0x000000002001814a                wcrtomb
 .text          0x000000002001815c      0x35e d:/freedomstudio-4.7.2/sifive/toolchain/riscv64-unknown-elf-gcc-8.2.0-2019.02.0/bin/../lib/gcc/riscv64-unknown-elf/8.2.0/rv32imac/ilp32\libgcc.a(_udivdi3.o)
                0x000000002001815c                __udivdi3
 .text          0x00000000200184ba      0x352 d:/freedomstudio-4.7.2/sifive/toolchain/riscv64-unknown-elf-gcc-8.2.0-2019.02.0/bin/../lib/gcc/riscv64-unknown-elf/8.2.0/rv32imac/ilp32\libgcc.a(_umoddi3.o)
                0x00000000200184ba                __umoddi3
 .text          0x000000002001880c      0x54a d:/freedomstudio-4.7.2/sifive/toolchain/riscv64-unknown-elf-gcc-8.2.0-2019.02.0/bin/../lib/gcc/riscv64-unknown-elf/8.2.0/rv32imac/ilp32\libgcc.a(divdf3.o)
                0x000000002001880c                __divdf3
 .text          0x0000000020018d56      0x450 d:/freedomstudio-4.7.2/sifive/toolchain/riscv64-unknown-elf-gcc-8.2.0-2019.02.0/bin/../lib/gcc/riscv64-unknown-elf/8.2.0/rv32imac/ilp32\libgcc.a(muldf3.o)
                0x0000000020018d56                __muldf3
 .text          0x00000000200191a6       0xa6 d:/freedomstudio-4.7.2/sifive/toolchain/riscv64-unknown-elf-gcc-8.2.0-2019.02.0/bin/../lib/gcc/riscv64-unknown-elf/8.2.0/rv32imac/ilp32\libgcc.a(eqtf2.o)
                0x00000000200191a6                __netf2
                0x00000000200191a6                __eqtf2
 .text          0x000000002001924c       0xfa d:/freedomstudio-4.7.2/sifive/toolchain/riscv64-unknown-elf-gcc-8.2.0-2019.02.0/bin/../lib/gcc/riscv64-unknown-elf/8.2.0/rv32imac/ilp32\libgcc.a(getf2.o)
                0x000000002001924c                __gttf2
                0x000000002001924c                __getf2
 .text          0x0000000020019346       0xfa d:/freedomstudio-4.7.2/sifive/toolchain/riscv64-unknown-elf-gcc-8.2.0-2019.02.0/bin/../lib/gcc/riscv64-unknown-elf/8.2.0/rv32imac/ilp32\libgcc.a(letf2.o)
                0x0000000020019346                __lttf2
                0x0000000020019346                __letf2
 .text          0x0000000020019440      0xb3c d:/freedomstudio-4.7.2/sifive/toolchain/riscv64-unknown-elf-gcc-8.2.0-2019.02.0/bin/../lib/gcc/riscv64-unknown-elf/8.2.0/rv32imac/ilp32\libgcc.a(multf3.o)
                0x0000000020019440                __multf3
 .text          0x0000000020019f7c      0xe5c d:/freedomstudio-4.7.2/sifive/toolchain/riscv64-unknown-elf-gcc-8.2.0-2019.02.0/bin/../lib/gcc/riscv64-unknown-elf/8.2.0/rv32imac/ilp32\libgcc.a(subtf3.o)
                0x0000000020019f7c                __subtf3
 .text          0x000000002001add8       0xec d:/freedomstudio-4.7.2/sifive/toolchain/riscv64-unknown-elf-gcc-8.2.0-2019.02.0/bin/../lib/gcc/riscv64-unknown-elf/8.2.0/rv32imac/ilp32\libgcc.a(fixtfsi.o)
                0x000000002001add8                __fixtfsi
 .text          0x000000002001aec4       0xf8 d:/freedomstudio-4.7.2/sifive/toolchain/riscv64-unknown-elf-gcc-8.2.0-2019.02.0/bin/../lib/gcc/riscv64-unknown-elf/8.2.0/rv32imac/ilp32\libgcc.a(floatsitf.o)
                0x000000002001aec4                __floatsitf
 .text          0x000000002001afbc      0x152 d:/freedomstudio-4.7.2/sifive/toolchain/riscv64-unknown-elf-gcc-8.2.0-2019.02.0/bin/../lib/gcc/riscv64-unknown-elf/8.2.0/rv32imac/ilp32\libgcc.a(extenddftf2.o)
                0x000000002001afbc                __extenddftf2
 .text          0x000000002001b10e      0x230 d:/freedomstudio-4.7.2/sifive/toolchain/riscv64-unknown-elf-gcc-8.2.0-2019.02.0/bin/../lib/gcc/riscv64-unknown-elf/8.2.0/rv32imac/ilp32\libgcc.a(trunctfdf2.o)
                0x000000002001b10e                __trunctfdf2
 .text          0x000000002001b33e       0x3c d:/freedomstudio-4.7.2/sifive/toolchain/riscv64-unknown-elf-gcc-8.2.0-2019.02.0/bin/../lib/gcc/riscv64-unknown-elf/8.2.0/rv32imac/ilp32\libgcc.a(_clzsi2.o)
                0x000000002001b33e                __clzsi2
 *fill*         0x000000002001b37a        0x2 
 .text.metal.init.trapvec
                0x000000002001b37c        0x2 C:/Users/miyazaki/wsFreedomStudio/sample/bsp/install/lib/debug/\libmetal.a(libriscv__mmachine___a-entry.o)
 .text._close   0x000000002001b37e       0x22 C:/Users/miyazaki/wsFreedomStudio/sample/bsp/install/lib/debug/\libmetal-gloss.a(sys_close.o)
                0x000000002001b37e                _close
 .text._fstat   0x000000002001b3a0       0x26 C:/Users/miyazaki/wsFreedomStudio/sample/bsp/install/lib/debug/\libmetal-gloss.a(sys_fstat.o)
                0x000000002001b3a0                _fstat
 .text._isatty  0x000000002001b3c6       0x20 C:/Users/miyazaki/wsFreedomStudio/sample/bsp/install/lib/debug/\libmetal-gloss.a(sys_isatty.o)
                0x000000002001b3c6                _isatty
 .text._lseek   0x000000002001b3e6       0x2a C:/Users/miyazaki/wsFreedomStudio/sample/bsp/install/lib/debug/\libmetal-gloss.a(sys_lseek.o)
                0x000000002001b3e6                _lseek
 .text._read    0x000000002001b410       0x2a C:/Users/miyazaki/wsFreedomStudio/sample/bsp/install/lib/debug/\libmetal-gloss.a(sys_read.o)
                0x000000002001b410                _read
 .text._sbrk    0x000000002001b43a       0x64 C:/Users/miyazaki/wsFreedomStudio/sample/bsp/install/lib/debug/\libmetal-gloss.a(sys_sbrk.o)
                0x000000002001b43a                _sbrk
 .text._write   0x000000002001b49e       0x6e C:/Users/miyazaki/wsFreedomStudio/sample/bsp/install/lib/debug/\libmetal-gloss.a(sys_write.o)
                0x000000002001b49e                _write
 .text          0x000000002001b50c        0xa d:/freedomstudio-4.7.2/sifive/toolchain/riscv64-unknown-elf-gcc-8.2.0-2019.02.0/bin/../lib/gcc/riscv64-unknown-elf/8.2.0/../../../../riscv64-unknown-elf/lib/rv32imac/ilp32\libc.a(lib_a-atexit.o)
                0x000000002001b50c                atexit
 .text          0x000000002001b516        0xc d:/freedomstudio-4.7.2/sifive/toolchain/riscv64-unknown-elf-gcc-8.2.0-2019.02.0/bin/../lib/gcc/riscv64-unknown-elf/8.2.0/../../../../riscv64-unknown-elf/lib/rv32imac/ilp32\libc.a(lib_a-errno.o)
                0x000000002001b516                __errno
 .text          0x000000002001b522       0x1e d:/freedomstudio-4.7.2/sifive/toolchain/riscv64-unknown-elf-gcc-8.2.0-2019.02.0/bin/../lib/gcc/riscv64-unknown-elf/8.2.0/../../../../riscv64-unknown-elf/lib/rv32imac/ilp32\libc.a(lib_a-exit.o)
                0x000000002001b522                exit
 .text          0x000000002001b540       0x3a d:/freedomstudio-4.7.2/sifive/toolchain/riscv64-unknown-elf-gcc-8.2.0-2019.02.0/bin/../lib/gcc/riscv64-unknown-elf/8.2.0/../../../../riscv64-unknown-elf/lib/rv32imac/ilp32\libc.a(lib_a-fini.o)
                0x000000002001b540                __libc_fini_array
 .text          0x000000002001b57a       0x6e d:/freedomstudio-4.7.2/sifive/toolchain/riscv64-unknown-elf-gcc-8.2.0-2019.02.0/bin/../lib/gcc/riscv64-unknown-elf/8.2.0/../../../../riscv64-unknown-elf/lib/rv32imac/ilp32\libc.a(lib_a-init.o)
                0x000000002001b57a                __libc_init_array
 .text          0x000000002001b5e8       0x62 d:/freedomstudio-4.7.2/sifive/toolchain/riscv64-unknown-elf-gcc-8.2.0-2019.02.0/bin/../lib/gcc/riscv64-unknown-elf/8.2.0/../../../../riscv64-unknown-elf/lib/rv32imac/ilp32\libc.a(lib_a-__atexit.o)
                0x000000002001b5e8                __register_exitproc
 .text          0x000000002001b64a       0xae d:/freedomstudio-4.7.2/sifive/toolchain/riscv64-unknown-elf-gcc-8.2.0-2019.02.0/bin/../lib/gcc/riscv64-unknown-elf/8.2.0/../../../../riscv64-unknown-elf/lib/rv32imac/ilp32\libc.a(lib_a-__call_atexit.o)
                0x000000002001b64a                __call_exitprocs
 .text.metal_tty_putc
                0x000000002001b6f8       0x50 C:/Users/miyazaki/wsFreedomStudio/sample/bsp/install/lib/debug/\libmetal.a(libriscv__mmachine___a-tty.o)
                0x000000002001b6f8                metal_tty_putc
 .text.metal_tty_init
                0x000000002001b748       0x22 C:/Users/miyazaki/wsFreedomStudio/sample/bsp/install/lib/debug/\libmetal.a(libriscv__mmachine___a-tty.o)
 .text.metal_uart_init
                0x000000002001b76a       0x2a C:/Users/miyazaki/wsFreedomStudio/sample/bsp/install/lib/debug/\libmetal.a(libriscv__mmachine___a-uart.o)
                0x000000002001b76a                metal_uart_init
 .text.metal_uart_putc
                0x000000002001b794       0x32 C:/Users/miyazaki/wsFreedomStudio/sample/bsp/install/lib/debug/\libmetal.a(libriscv__mmachine___a-uart.o)
                0x000000002001b794                metal_uart_putc
 .text.metal_uart_set_baud_rate
                0x000000002001b7c6       0x2e C:/Users/miyazaki/wsFreedomStudio/sample/bsp/install/lib/debug/\libmetal.a(libriscv__mmachine___a-uart.o)
                0x000000002001b7c6                metal_uart_set_baud_rate
 .text.__metal_driver_fixed_clock_get_rate_hz
                0x000000002001b7f4       0x20 C:/Users/miyazaki/wsFreedomStudio/sample/bsp/install/lib/debug/\libmetal.a(libriscv__mmachine___a-fixed-clock.o)
                0x000000002001b7f4                __metal_driver_fixed_clock_get_rate_hz
 .text.__metal_driver_fixed_clock_set_rate_hz
                0x000000002001b814       0x24 C:/Users/miyazaki/wsFreedomStudio/sample/bsp/install/lib/debug/\libmetal.a(libriscv__mmachine___a-fixed-clock.o)
                0x000000002001b814                __metal_driver_fixed_clock_set_rate_hz
 .text.__metal_clint0_mtime_get
                0x000000002001b838       0x76 C:/Users/miyazaki/wsFreedomStudio/sample/bsp/install/lib/debug/\libmetal.a(libriscv__mmachine___a-riscv,clint0.o)
                0x000000002001b838                __metal_clint0_mtime_get
 .text.__metal_clint0_mtime_set
                0x000000002001b8ae       0x58 C:/Users/miyazaki/wsFreedomStudio/sample/bsp/install/lib/debug/\libmetal.a(libriscv__mmachine___a-riscv,clint0.o)
                0x000000002001b8ae                __metal_clint0_mtime_set
 .text.__metal_driver_riscv_clint0_init
                0x000000002001b906       0x7e C:/Users/miyazaki/wsFreedomStudio/sample/bsp/install/lib/debug/\libmetal.a(libriscv__mmachine___a-riscv,clint0.o)
                0x000000002001b906                __metal_driver_riscv_clint0_init
 .text.__metal_driver_riscv_clint0_register
                0x000000002001b984       0x62 C:/Users/miyazaki/wsFreedomStudio/sample/bsp/install/lib/debug/\libmetal.a(libriscv__mmachine___a-riscv,clint0.o)
                0x000000002001b984                __metal_driver_riscv_clint0_register
 .text.__metal_driver_riscv_clint0_enable
                0x000000002001b9e6       0x56 C:/Users/miyazaki/wsFreedomStudio/sample/bsp/install/lib/debug/\libmetal.a(libriscv__mmachine___a-riscv,clint0.o)
                0x000000002001b9e6                __metal_driver_riscv_clint0_enable
 .text.__metal_driver_riscv_clint0_disable
                0x000000002001ba3c       0x56 C:/Users/miyazaki/wsFreedomStudio/sample/bsp/install/lib/debug/\libmetal.a(libriscv__mmachine___a-riscv,clint0.o)
                0x000000002001ba3c                __metal_driver_riscv_clint0_disable
 .text.__metal_driver_riscv_clint0_command_request
                0x000000002001ba92      0x126 C:/Users/miyazaki/wsFreedomStudio/sample/bsp/install/lib/debug/\libmetal.a(libriscv__mmachine___a-riscv,clint0.o)
                0x000000002001ba92                __metal_driver_riscv_clint0_command_request
 .text.__metal_driver_cpu_get
                0x000000002001bbb8       0x2c C:/Users/miyazaki/wsFreedomStudio/sample/bsp/install/lib/debug/\libmetal.a(libriscv__mmachine___a-riscv,cpu.o)
                0x000000002001bbb8                __metal_driver_cpu_get
 .text.__metal_myhart_id
                0x000000002001bbe4       0x1a C:/Users/miyazaki/wsFreedomStudio/sample/bsp/install/lib/debug/\libmetal.a(libriscv__mmachine___a-riscv,cpu.o)
                0x000000002001bbe4                __metal_myhart_id
 .text.__metal_interrupt_global_enable
                0x000000002001bbfe       0x18 C:/Users/miyazaki/wsFreedomStudio/sample/bsp/install/lib/debug/\libmetal.a(libriscv__mmachine___a-riscv,cpu.o)
                0x000000002001bbfe                __metal_interrupt_global_enable
 .text.__metal_interrupt_global_disable
                0x000000002001bc16       0x18 C:/Users/miyazaki/wsFreedomStudio/sample/bsp/install/lib/debug/\libmetal.a(libriscv__mmachine___a-riscv,cpu.o)
                0x000000002001bc16                __metal_interrupt_global_disable
 .text.__metal_interrupt_software_enable
                0x000000002001bc2e       0x18 C:/Users/miyazaki/wsFreedomStudio/sample/bsp/install/lib/debug/\libmetal.a(libriscv__mmachine___a-riscv,cpu.o)
                0x000000002001bc2e                __metal_interrupt_software_enable
 .text.__metal_interrupt_software_disable
                0x000000002001bc46       0x18 C:/Users/miyazaki/wsFreedomStudio/sample/bsp/install/lib/debug/\libmetal.a(libriscv__mmachine___a-riscv,cpu.o)
                0x000000002001bc46                __metal_interrupt_software_disable
 .text.__metal_interrupt_timer_enable
                0x000000002001bc5e       0x1a C:/Users/miyazaki/wsFreedomStudio/sample/bsp/install/lib/debug/\libmetal.a(libriscv__mmachine___a-riscv,cpu.o)
                0x000000002001bc5e                __metal_interrupt_timer_enable
 .text.__metal_interrupt_timer_disable
                0x000000002001bc78       0x1a C:/Users/miyazaki/wsFreedomStudio/sample/bsp/install/lib/debug/\libmetal.a(libriscv__mmachine___a-riscv,cpu.o)
                0x000000002001bc78                __metal_interrupt_timer_disable
 .text.__metal_interrupt_external_enable
                0x000000002001bc92       0x1c C:/Users/miyazaki/wsFreedomStudio/sample/bsp/install/lib/debug/\libmetal.a(libriscv__mmachine___a-riscv,cpu.o)
                0x000000002001bc92                __metal_interrupt_external_enable
 .text.__metal_interrupt_external_disable
                0x000000002001bcae       0x1c C:/Users/miyazaki/wsFreedomStudio/sample/bsp/install/lib/debug/\libmetal.a(libriscv__mmachine___a-riscv,cpu.o)
                0x000000002001bcae                __metal_interrupt_external_disable
 .text.__metal_interrupt_local_enable
                0x000000002001bcca       0x2c C:/Users/miyazaki/wsFreedomStudio/sample/bsp/install/lib/debug/\libmetal.a(libriscv__mmachine___a-riscv,cpu.o)
                0x000000002001bcca                __metal_interrupt_local_enable
 .text.__metal_interrupt_local_disable
                0x000000002001bcf6       0x2c C:/Users/miyazaki/wsFreedomStudio/sample/bsp/install/lib/debug/\libmetal.a(libriscv__mmachine___a-riscv,cpu.o)
                0x000000002001bcf6                __metal_interrupt_local_disable
 .text.__metal_default_exception_handler
                0x000000002001bd22       0x18 C:/Users/miyazaki/wsFreedomStudio/sample/bsp/install/lib/debug/\libmetal.a(libriscv__mmachine___a-riscv,cpu.o)
                0x000000002001bd22                __metal_default_exception_handler
 .text.__metal_default_interrupt_handler
                0x000000002001bd3a       0x18 C:/Users/miyazaki/wsFreedomStudio/sample/bsp/install/lib/debug/\libmetal.a(libriscv__mmachine___a-riscv,cpu.o)
                0x000000002001bd3a                __metal_default_interrupt_handler
 .text.__metal_default_sw_handler
                0x000000002001bd52       0x66 C:/Users/miyazaki/wsFreedomStudio/sample/bsp/install/lib/debug/\libmetal.a(libriscv__mmachine___a-riscv,cpu.o)
                0x000000002001bd52                __metal_default_sw_handler
 .text.__metal_default_timer_handler
                0x000000002001bdb8       0x6a C:/Users/miyazaki/wsFreedomStudio/sample/bsp/install/lib/debug/\libmetal.a(libriscv__mmachine___a-riscv,cpu.o)
                0x000000002001bdb8                __metal_default_timer_handler
 *fill*         0x000000002001be22       0x5e 
 .text.__metal_exception_handler
                0x000000002001be80      0x17a C:/Users/miyazaki/wsFreedomStudio/sample/bsp/install/lib/debug/\libmetal.a(libriscv__mmachine___a-riscv,cpu.o)
                0x000000002001be80                __metal_exception_handler
 .text.__metal_controller_interrupt_vector
                0x000000002001bffa       0xa6 C:/Users/miyazaki/wsFreedomStudio/sample/bsp/install/lib/debug/\libmetal.a(libriscv__mmachine___a-riscv,cpu.o)
                0x000000002001bffa                __metal_controller_interrupt_vector
 .text.__metal_valid_interrupt_id
                0x000000002001c0a0       0x38 C:/Users/miyazaki/wsFreedomStudio/sample/bsp/install/lib/debug/\libmetal.a(libriscv__mmachine___a-riscv,cpu.o)
                0x000000002001c0a0                __metal_valid_interrupt_id
 .text.__metal_local_interrupt_enable
                0x000000002001c0d8       0xb6 C:/Users/miyazaki/wsFreedomStudio/sample/bsp/install/lib/debug/\libmetal.a(libriscv__mmachine___a-riscv,cpu.o)
                0x000000002001c0d8                __metal_local_interrupt_enable
 .text.__metal_exception_register
                0x000000002001c18e       0x4e C:/Users/miyazaki/wsFreedomStudio/sample/bsp/install/lib/debug/\libmetal.a(libriscv__mmachine___a-riscv,cpu.o)
                0x000000002001c18e                __metal_exception_register
 .text.__metal_driver_riscv_cpu_controller_interrupt_init
                0x000000002001c1dc       0xf6 C:/Users/miyazaki/wsFreedomStudio/sample/bsp/install/lib/debug/\libmetal.a(libriscv__mmachine___a-riscv,cpu.o)
                0x000000002001c1dc                __metal_driver_riscv_cpu_controller_interrupt_init
 .text.__metal_driver_riscv_cpu_controller_interrupt_register
                0x000000002001c2d2      0x14a C:/Users/miyazaki/wsFreedomStudio/sample/bsp/install/lib/debug/\libmetal.a(libriscv__mmachine___a-riscv,cpu.o)
                0x000000002001c2d2                __metal_driver_riscv_cpu_controller_interrupt_register
 .text.__metal_driver_riscv_cpu_controller_interrupt_enable
                0x000000002001c41c       0x2c C:/Users/miyazaki/wsFreedomStudio/sample/bsp/install/lib/debug/\libmetal.a(libriscv__mmachine___a-riscv,cpu.o)
                0x000000002001c41c                __metal_driver_riscv_cpu_controller_interrupt_enable
 .text.__metal_driver_riscv_cpu_controller_interrupt_disable
                0x000000002001c448       0x2c C:/Users/miyazaki/wsFreedomStudio/sample/bsp/install/lib/debug/\libmetal.a(libriscv__mmachine___a-riscv,cpu.o)
                0x000000002001c448                __metal_driver_riscv_cpu_controller_interrupt_disable
 .text.__metal_driver_riscv_cpu_controller_interrupt_enable_vector
                0x000000002001c474       0x66 C:/Users/miyazaki/wsFreedomStudio/sample/bsp/install/lib/debug/\libmetal.a(libriscv__mmachine___a-riscv,cpu.o)
                0x000000002001c474                __metal_driver_riscv_cpu_controller_interrupt_enable_vector
 .text.__metal_driver_riscv_cpu_controller_interrupt_disable_vector
                0x000000002001c4da       0x3c C:/Users/miyazaki/wsFreedomStudio/sample/bsp/install/lib/debug/\libmetal.a(libriscv__mmachine___a-riscv,cpu.o)
                0x000000002001c4da                __metal_driver_riscv_cpu_controller_interrupt_disable_vector
 .text.__metal_driver_riscv_cpu_controller_command_request
                0x000000002001c516       0x1c C:/Users/miyazaki/wsFreedomStudio/sample/bsp/install/lib/debug/\libmetal.a(libriscv__mmachine___a-riscv,cpu.o)
                0x000000002001c516                __metal_driver_riscv_cpu_controller_command_request
 .text.__metal_driver_cpu_timer_get
                0x000000002001c532       0x72 C:/Users/miyazaki/wsFreedomStudio/sample/bsp/install/lib/debug/\libmetal.a(libriscv__mmachine___a-riscv,cpu.o)
                0x000000002001c532                __metal_driver_cpu_timer_get
 .text.__metal_driver_cpu_timebase_get
                0x000000002001c5a4       0x34 C:/Users/miyazaki/wsFreedomStudio/sample/bsp/install/lib/debug/\libmetal.a(libriscv__mmachine___a-riscv,cpu.o)
                0x000000002001c5a4                __metal_driver_cpu_timebase_get
 .text.__metal_driver_cpu_mtime_get
                0x000000002001c5d8       0x6e C:/Users/miyazaki/wsFreedomStudio/sample/bsp/install/lib/debug/\libmetal.a(libriscv__mmachine___a-riscv,cpu.o)
                0x000000002001c5d8                __metal_driver_cpu_mtime_get
 .text.__metal_driver_cpu_mtimecmp_set
                0x000000002001c646       0x6e C:/Users/miyazaki/wsFreedomStudio/sample/bsp/install/lib/debug/\libmetal.a(libriscv__mmachine___a-riscv,cpu.o)
                0x000000002001c646                __metal_driver_cpu_mtimecmp_set
 .text.__metal_driver_cpu_timer_controller_interrupt
                0x000000002001c6b4       0x1a C:/Users/miyazaki/wsFreedomStudio/sample/bsp/install/lib/debug/\libmetal.a(libriscv__mmachine___a-riscv,cpu.o)
                0x000000002001c6b4                __metal_driver_cpu_timer_controller_interrupt
 .text.__metal_driver_cpu_get_timer_interrupt_id
                0x000000002001c6ce       0x14 C:/Users/miyazaki/wsFreedomStudio/sample/bsp/install/lib/debug/\libmetal.a(libriscv__mmachine___a-riscv,cpu.o)
                0x000000002001c6ce                __metal_driver_cpu_get_timer_interrupt_id
 .text.__metal_driver_cpu_sw_controller_interrupt
                0x000000002001c6e2       0x1a C:/Users/miyazaki/wsFreedomStudio/sample/bsp/install/lib/debug/\libmetal.a(libriscv__mmachine___a-riscv,cpu.o)
                0x000000002001c6e2                __metal_driver_cpu_sw_controller_interrupt
 .text.__metal_driver_cpu_get_sw_interrupt_id
                0x000000002001c6fc       0x14 C:/Users/miyazaki/wsFreedomStudio/sample/bsp/install/lib/debug/\libmetal.a(libriscv__mmachine___a-riscv,cpu.o)
                0x000000002001c6fc                __metal_driver_cpu_get_sw_interrupt_id
 .text.__metal_driver_cpu_set_sw_ipi
                0x000000002001c710       0x6a C:/Users/miyazaki/wsFreedomStudio/sample/bsp/install/lib/debug/\libmetal.a(libriscv__mmachine___a-riscv,cpu.o)
                0x000000002001c710                __metal_driver_cpu_set_sw_ipi
 .text.__metal_driver_cpu_clear_sw_ipi
                0x000000002001c77a       0x6a C:/Users/miyazaki/wsFreedomStudio/sample/bsp/install/lib/debug/\libmetal.a(libriscv__mmachine___a-riscv,cpu.o)
                0x000000002001c77a                __metal_driver_cpu_clear_sw_ipi
 .text.__metal_driver_cpu_get_msip
                0x000000002001c7e4       0x68 C:/Users/miyazaki/wsFreedomStudio/sample/bsp/install/lib/debug/\libmetal.a(libriscv__mmachine___a-riscv,cpu.o)
                0x000000002001c7e4                __metal_driver_cpu_get_msip
 .text.__metal_driver_cpu_controller_interrupt
                0x000000002001c84c       0x20 C:/Users/miyazaki/wsFreedomStudio/sample/bsp/install/lib/debug/\libmetal.a(libriscv__mmachine___a-riscv,cpu.o)
                0x000000002001c84c                __metal_driver_cpu_controller_interrupt
 .text.__metal_driver_cpu_exception_register
                0x000000002001c86c       0x48 C:/Users/miyazaki/wsFreedomStudio/sample/bsp/install/lib/debug/\libmetal.a(libriscv__mmachine___a-riscv,cpu.o)
                0x000000002001c86c                __metal_driver_cpu_exception_register
 .text.__metal_driver_cpu_get_instruction_length
                0x000000002001c8b4       0x28 C:/Users/miyazaki/wsFreedomStudio/sample/bsp/install/lib/debug/\libmetal.a(libriscv__mmachine___a-riscv,cpu.o)
                0x000000002001c8b4                __metal_driver_cpu_get_instruction_length
 .text.__metal_driver_cpu_get_exception_pc
                0x000000002001c8dc       0x1e C:/Users/miyazaki/wsFreedomStudio/sample/bsp/install/lib/debug/\libmetal.a(libriscv__mmachine___a-riscv,cpu.o)
                0x000000002001c8dc                __metal_driver_cpu_get_exception_pc
 .text.__metal_driver_cpu_set_exception_pc
                0x000000002001c8fa       0x20 C:/Users/miyazaki/wsFreedomStudio/sample/bsp/install/lib/debug/\libmetal.a(libriscv__mmachine___a-riscv,cpu.o)
                0x000000002001c8fa                __metal_driver_cpu_set_exception_pc
 .text.__metal_plic0_claim_interrupt
                0x000000002001c91a       0x22 C:/Users/miyazaki/wsFreedomStudio/sample/bsp/install/lib/debug/\libmetal.a(libriscv__mmachine___a-riscv,plic0.o)
                0x000000002001c91a                __metal_plic0_claim_interrupt
 .text.__metal_plic0_complete_interrupt
                0x000000002001c93c       0x2c C:/Users/miyazaki/wsFreedomStudio/sample/bsp/install/lib/debug/\libmetal.a(libriscv__mmachine___a-riscv,plic0.o)
                0x000000002001c93c                __metal_plic0_complete_interrupt
 .text.__metal_plic0_set_threshold
                0x000000002001c968       0x2a C:/Users/miyazaki/wsFreedomStudio/sample/bsp/install/lib/debug/\libmetal.a(libriscv__mmachine___a-riscv,plic0.o)
                0x000000002001c968                __metal_plic0_set_threshold
 .text.__metal_plic0_set_priority
                0x000000002001c992       0x48 C:/Users/miyazaki/wsFreedomStudio/sample/bsp/install/lib/debug/\libmetal.a(libriscv__mmachine___a-riscv,plic0.o)
                0x000000002001c992                __metal_plic0_set_priority
 .text.__metal_plic0_enable
                0x000000002001c9da       0x8a C:/Users/miyazaki/wsFreedomStudio/sample/bsp/install/lib/debug/\libmetal.a(libriscv__mmachine___a-riscv,plic0.o)
                0x000000002001c9da                __metal_plic0_enable
 .text.__metal_plic0_default_handler
                0x000000002001ca64       0x18 C:/Users/miyazaki/wsFreedomStudio/sample/bsp/install/lib/debug/\libmetal.a(libriscv__mmachine___a-riscv,plic0.o)
                0x000000002001ca64                __metal_plic0_default_handler
 .text.__metal_plic0_handler
                0x000000002001ca7c       0x8e C:/Users/miyazaki/wsFreedomStudio/sample/bsp/install/lib/debug/\libmetal.a(libriscv__mmachine___a-riscv,plic0.o)
                0x000000002001ca7c                __metal_plic0_handler
 .text.__metal_driver_riscv_plic0_init
                0x000000002001cb0a      0x120 C:/Users/miyazaki/wsFreedomStudio/sample/bsp/install/lib/debug/\libmetal.a(libriscv__mmachine___a-riscv,plic0.o)
                0x000000002001cb0a                __metal_driver_riscv_plic0_init
 .text.__metal_driver_riscv_plic0_register
                0x000000002001cc2a       0xc2 C:/Users/miyazaki/wsFreedomStudio/sample/bsp/install/lib/debug/\libmetal.a(libriscv__mmachine___a-riscv,plic0.o)
                0x000000002001cc2a                __metal_driver_riscv_plic0_register
 .text.__metal_driver_riscv_plic0_enable
                0x000000002001ccec       0x44 C:/Users/miyazaki/wsFreedomStudio/sample/bsp/install/lib/debug/\libmetal.a(libriscv__mmachine___a-riscv,plic0.o)
                0x000000002001ccec                __metal_driver_riscv_plic0_enable
 .text.__metal_driver_riscv_plic0_disable
                0x000000002001cd30       0x44 C:/Users/miyazaki/wsFreedomStudio/sample/bsp/install/lib/debug/\libmetal.a(libriscv__mmachine___a-riscv,plic0.o)
                0x000000002001cd30                __metal_driver_riscv_plic0_disable
 .text.__metal_driver_sifive_fe310_g000_hfrosc_get_rate_hz
                0x000000002001cd74       0x5c C:/Users/miyazaki/wsFreedomStudio/sample/bsp/install/lib/debug/\libmetal.a(libriscv__mmachine___a-sifive,fe310-g000,hfrosc.o)
                0x000000002001cd74                __metal_driver_sifive_fe310_g000_hfrosc_get_rate_hz
 .text.__metal_driver_sifive_fe310_g000_hfrosc_set_rate_hz
                0x000000002001cdd0       0x24 C:/Users/miyazaki/wsFreedomStudio/sample/bsp/install/lib/debug/\libmetal.a(libriscv__mmachine___a-sifive,fe310-g000,hfrosc.o)
                0x000000002001cdd0                __metal_driver_sifive_fe310_g000_hfrosc_set_rate_hz
 .text.__metal_driver_sifive_fe310_g000_hfxosc_get_rate_hz
                0x000000002001cdf4       0x4c C:/Users/miyazaki/wsFreedomStudio/sample/bsp/install/lib/debug/\libmetal.a(libriscv__mmachine___a-sifive,fe310-g000,hfxosc.o)
                0x000000002001cdf4                __metal_driver_sifive_fe310_g000_hfxosc_get_rate_hz
 .text.__metal_driver_sifive_fe310_g000_hfxosc_set_rate_hz
                0x000000002001ce40       0x24 C:/Users/miyazaki/wsFreedomStudio/sample/bsp/install/lib/debug/\libmetal.a(libriscv__mmachine___a-sifive,fe310-g000,hfxosc.o)
                0x000000002001ce40                __metal_driver_sifive_fe310_g000_hfxosc_set_rate_hz
 .text.get_pll_config_freq
                0x000000002001ce64       0x4e C:/Users/miyazaki/wsFreedomStudio/sample/bsp/install/lib/debug/\libmetal.a(libriscv__mmachine___a-sifive,fe310-g000,pll.o)
 .text.metal_sifive_fe310_g000_pll_init
                0x000000002001ceb2       0x28 C:/Users/miyazaki/wsFreedomStudio/sample/bsp/install/lib/debug/\libmetal.a(libriscv__mmachine___a-sifive,fe310-g000,pll.o)
 .text.__metal_driver_sifive_fe310_g000_pll_init
                0x000000002001ceda       0xaa C:/Users/miyazaki/wsFreedomStudio/sample/bsp/install/lib/debug/\libmetal.a(libriscv__mmachine___a-sifive,fe310-g000,pll.o)
                0x000000002001ceda                __metal_driver_sifive_fe310_g000_pll_init
 .text.__metal_driver_sifive_fe310_g000_pll_get_rate_hz
                0x000000002001cf84      0x156 C:/Users/miyazaki/wsFreedomStudio/sample/bsp/install/lib/debug/\libmetal.a(libriscv__mmachine___a-sifive,fe310-g000,pll.o)
                0x000000002001cf84                __metal_driver_sifive_fe310_g000_pll_get_rate_hz
 .text.find_closest_config
                0x000000002001d0da       0xaa C:/Users/miyazaki/wsFreedomStudio/sample/bsp/install/lib/debug/\libmetal.a(libriscv__mmachine___a-sifive,fe310-g000,pll.o)
 .text.configure_pll
                0x000000002001d184      0x132 C:/Users/miyazaki/wsFreedomStudio/sample/bsp/install/lib/debug/\libmetal.a(libriscv__mmachine___a-sifive,fe310-g000,pll.o)
 .text.__metal_driver_sifive_fe310_g000_pll_set_rate_hz
                0x000000002001d2b6      0x144 C:/Users/miyazaki/wsFreedomStudio/sample/bsp/install/lib/debug/\libmetal.a(libriscv__mmachine___a-sifive,fe310-g000,pll.o)
                0x000000002001d2b6                __metal_driver_sifive_fe310_g000_pll_set_rate_hz
 .text.use_hfxosc
                0x000000002001d3fa       0x28 C:/Users/miyazaki/wsFreedomStudio/sample/bsp/install/lib/debug/\libmetal.a(libriscv__mmachine___a-sifive,fe310-g000,pll.o)
 .text.__metal_driver_sifive_fe310_g000_prci_get_reg
                0x000000002001d422       0x24 C:/Users/miyazaki/wsFreedomStudio/sample/bsp/install/lib/debug/\libmetal.a(libriscv__mmachine___a-sifive,fe310-g000,prci.o)
                0x000000002001d422                __metal_driver_sifive_fe310_g000_prci_get_reg
 .text.__metal_driver_sifive_fe310_g000_prci_set_reg
                0x000000002001d446       0x2e C:/Users/miyazaki/wsFreedomStudio/sample/bsp/install/lib/debug/\libmetal.a(libriscv__mmachine___a-sifive,fe310-g000,prci.o)
                0x000000002001d446                __metal_driver_sifive_fe310_g000_prci_set_reg
 .text.__metal_driver_sifive_gpio0_disable_input
                0x000000002001d474       0x40 C:/Users/miyazaki/wsFreedomStudio/sample/bsp/install/lib/debug/\libmetal.a(libriscv__mmachine___a-sifive,gpio0.o)
                0x000000002001d474                __metal_driver_sifive_gpio0_disable_input
 .text.__metal_driver_sifive_gpio0_output
                0x000000002001d4b4       0x24 C:/Users/miyazaki/wsFreedomStudio/sample/bsp/install/lib/debug/\libmetal.a(libriscv__mmachine___a-sifive,gpio0.o)
                0x000000002001d4b4                __metal_driver_sifive_gpio0_output
 .text.__metal_driver_sifive_gpio0_enable_output
                0x000000002001d4d8       0x3a C:/Users/miyazaki/wsFreedomStudio/sample/bsp/install/lib/debug/\libmetal.a(libriscv__mmachine___a-sifive,gpio0.o)
                0x000000002001d4d8                __metal_driver_sifive_gpio0_enable_output
 .text.__metal_driver_sifive_gpio0_output_set
                0x000000002001d512       0x3a C:/Users/miyazaki/wsFreedomStudio/sample/bsp/install/lib/debug/\libmetal.a(libriscv__mmachine___a-sifive,gpio0.o)
                0x000000002001d512                __metal_driver_sifive_gpio0_output_set
 .text.__metal_driver_sifive_gpio0_output_clear
                0x000000002001d54c       0x40 C:/Users/miyazaki/wsFreedomStudio/sample/bsp/install/lib/debug/\libmetal.a(libriscv__mmachine___a-sifive,gpio0.o)
                0x000000002001d54c                __metal_driver_sifive_gpio0_output_clear
 .text.__metal_driver_sifive_gpio0_output_toggle
                0x000000002001d58c       0x3a C:/Users/miyazaki/wsFreedomStudio/sample/bsp/install/lib/debug/\libmetal.a(libriscv__mmachine___a-sifive,gpio0.o)
                0x000000002001d58c                __metal_driver_sifive_gpio0_output_toggle
 .text.__metal_driver_sifive_gpio0_enable_io
                0x000000002001d5c6       0x66 C:/Users/miyazaki/wsFreedomStudio/sample/bsp/install/lib/debug/\libmetal.a(libriscv__mmachine___a-sifive,gpio0.o)
                0x000000002001d5c6                __metal_driver_sifive_gpio0_enable_io
 .text.__metal_driver_sifive_uart0_interrupt_controller
                0x000000002001d62c       0x20 C:/Users/miyazaki/wsFreedomStudio/sample/bsp/install/lib/debug/\libmetal.a(libriscv__mmachine___a-sifive,uart0.o)
                0x000000002001d62c                __metal_driver_sifive_uart0_interrupt_controller
 .text.__metal_driver_sifive_uart0_get_interrupt_id
                0x000000002001d64c       0x24 C:/Users/miyazaki/wsFreedomStudio/sample/bsp/install/lib/debug/\libmetal.a(libriscv__mmachine___a-sifive,uart0.o)
                0x000000002001d64c                __metal_driver_sifive_uart0_get_interrupt_id
 .text.__metal_driver_sifive_uart0_putc
                0x000000002001d670       0x36 C:/Users/miyazaki/wsFreedomStudio/sample/bsp/install/lib/debug/\libmetal.a(libriscv__mmachine___a-sifive,uart0.o)
                0x000000002001d670                __metal_driver_sifive_uart0_putc
 .text.__metal_driver_sifive_uart0_getc
                0x000000002001d6a6       0x48 C:/Users/miyazaki/wsFreedomStudio/sample/bsp/install/lib/debug/\libmetal.a(libriscv__mmachine___a-sifive,uart0.o)
                0x000000002001d6a6                __metal_driver_sifive_uart0_getc
 .text.__metal_driver_sifive_uart0_get_baud_rate
                0x000000002001d6ee       0x20 C:/Users/miyazaki/wsFreedomStudio/sample/bsp/install/lib/debug/\libmetal.a(libriscv__mmachine___a-sifive,uart0.o)
                0x000000002001d6ee                __metal_driver_sifive_uart0_get_baud_rate
 .text.__metal_driver_sifive_uart0_set_baud_rate
                0x000000002001d70e       0x98 C:/Users/miyazaki/wsFreedomStudio/sample/bsp/install/lib/debug/\libmetal.a(libriscv__mmachine___a-sifive,uart0.o)
                0x000000002001d70e                __metal_driver_sifive_uart0_set_baud_rate
 .text.pre_rate_change_callback
                0x000000002001d7a6       0xd0 C:/Users/miyazaki/wsFreedomStudio/sample/bsp/install/lib/debug/\libmetal.a(libriscv__mmachine___a-sifive,uart0.o)
 .text.post_rate_change_callback
                0x000000002001d876       0x30 C:/Users/miyazaki/wsFreedomStudio/sample/bsp/install/lib/debug/\libmetal.a(libriscv__mmachine___a-sifive,uart0.o)
 .text.__metal_driver_sifive_uart0_init
                0x000000002001d8a6       0x94 C:/Users/miyazaki/wsFreedomStudio/sample/bsp/install/lib/debug/\libmetal.a(libriscv__mmachine___a-sifive,uart0.o)
                0x000000002001d8a6                __metal_driver_sifive_uart0_init
 .text.metal_clock_get_rate_hz
                0x000000002001d93a       0x26 C:/Users/miyazaki/wsFreedomStudio/sample/bsp/install/lib/debug/\libmetal.a(libriscv__mmachine___a-clock.o)
                0x000000002001d93a                metal_clock_get_rate_hz
 .text.metal_clock_set_rate_hz
                0x000000002001d960       0x64 C:/Users/miyazaki/wsFreedomStudio/sample/bsp/install/lib/debug/\libmetal.a(libriscv__mmachine___a-clock.o)
                0x000000002001d960                metal_clock_set_rate_hz
 .text.metal_clock_register_pre_rate_change_callback
                0x000000002001d9c4       0x2e C:/Users/miyazaki/wsFreedomStudio/sample/bsp/install/lib/debug/\libmetal.a(libriscv__mmachine___a-clock.o)
                0x000000002001d9c4                metal_clock_register_pre_rate_change_callback
 .text.metal_clock_register_post_rate_change_callback
                0x000000002001d9f2       0x2e C:/Users/miyazaki/wsFreedomStudio/sample/bsp/install/lib/debug/\libmetal.a(libriscv__mmachine___a-clock.o)
                0x000000002001d9f2                metal_clock_register_post_rate_change_callback
 .text.metal_shutdown
                0x000000002001da20        0xe C:/Users/miyazaki/wsFreedomStudio/sample/bsp/install/lib/debug/\libmetal.a(libriscv__mmachine___a-shutdown.o)
                0x000000002001da20                metal_shutdown
 .text._exit    0x000000002001da2e       0x14 C:/Users/miyazaki/wsFreedomStudio/sample/bsp/install/lib/debug/\libmetal-gloss.a(sys_exit.o)
                0x000000002001da2e                _exit
 *(.itim .itim.*)
 *(.gnu.linkonce.t.*)

.fini
 *(SORT_NONE(.fini))
                [!provide]                        PROVIDE (__etext = .)
                [!provide]                        PROVIDE (_etext = .)
                [!provide]                        PROVIDE (etext = .)

.rodata         0x000000002001da48     0x17f0
 *(.rdata)
 *(.rodata .rodata.*)
 .rodata        0x000000002001da48       0x25 C:\Users\miyazaki\AppData\Local\Temp\cceof6g7.o
 *fill*         0x000000002001da6d        0x3 
 .rodata        0x000000002001da70      0x18c d:/freedomstudio-4.7.2/sifive/toolchain/riscv64-unknown-elf-gcc-8.2.0-2019.02.0/bin/../lib/gcc/riscv64-unknown-elf/8.2.0/../../../../riscv64-unknown-elf/lib/rv32imac/ilp32\libc.a(lib_a-vfprintf.o)
 .rodata.str1.4
                0x000000002001dbfc       0x3a d:/freedomstudio-4.7.2/sifive/toolchain/riscv64-unknown-elf-gcc-8.2.0-2019.02.0/bin/../lib/gcc/riscv64-unknown-elf/8.2.0/../../../../riscv64-unknown-elf/lib/rv32imac/ilp32\libc.a(lib_a-vfprintf.o)
 *fill*         0x000000002001dc36        0x2 
 .rodata        0x000000002001dc38      0x254 d:/freedomstudio-4.7.2/sifive/toolchain/riscv64-unknown-elf-gcc-8.2.0-2019.02.0/bin/../lib/gcc/riscv64-unknown-elf/8.2.0/../../../../riscv64-unknown-elf/lib/rv32imac/ilp32\libc.a(lib_a-ldtoa.o)
 .rodata.str1.4
                0x000000002001de8c       0x28 d:/freedomstudio-4.7.2/sifive/toolchain/riscv64-unknown-elf-gcc-8.2.0-2019.02.0/bin/../lib/gcc/riscv64-unknown-elf/8.2.0/../../../../riscv64-unknown-elf/lib/rv32imac/ilp32\libc.a(lib_a-ldtoa.o)
 .rodata.str1.4
                0x000000002001deb4       0x10 d:/freedomstudio-4.7.2/sifive/toolchain/riscv64-unknown-elf-gcc-8.2.0-2019.02.0/bin/../lib/gcc/riscv64-unknown-elf/8.2.0/../../../../riscv64-unknown-elf/lib/rv32imac/ilp32\libc.a(lib_a-locale.o)
                                         0x12 (size before relaxing)
 *fill*         0x000000002001dec4        0x4 
 .rodata        0x000000002001dec8      0x128 d:/freedomstudio-4.7.2/sifive/toolchain/riscv64-unknown-elf-gcc-8.2.0-2019.02.0/bin/../lib/gcc/riscv64-unknown-elf/8.2.0/../../../../riscv64-unknown-elf/lib/rv32imac/ilp32\libc.a(lib_a-mprec.o)
                0x000000002001ded8                __mprec_tens
                0x000000002001dfa0                __mprec_tinytens
                0x000000002001dfc8                __mprec_bigtens
 .rodata        0x000000002001dff0      0x18c d:/freedomstudio-4.7.2/sifive/toolchain/riscv64-unknown-elf-gcc-8.2.0-2019.02.0/bin/../lib/gcc/riscv64-unknown-elf/8.2.0/../../../../riscv64-unknown-elf/lib/rv32imac/ilp32\libc.a(lib_a-svfprintf.o)
 .rodata.str1.4
                0x000000002001e17c       0x3a d:/freedomstudio-4.7.2/sifive/toolchain/riscv64-unknown-elf-gcc-8.2.0-2019.02.0/bin/../lib/gcc/riscv64-unknown-elf/8.2.0/../../../../riscv64-unknown-elf/lib/rv32imac/ilp32\libc.a(lib_a-svfprintf.o)
 .rodata        0x000000002001e17c      0x18c d:/freedomstudio-4.7.2/sifive/toolchain/riscv64-unknown-elf-gcc-8.2.0-2019.02.0/bin/../lib/gcc/riscv64-unknown-elf/8.2.0/../../../../riscv64-unknown-elf/lib/rv32imac/ilp32\libc.a(lib_a-vfiprintf.o)
 .rodata.str1.4
                0x000000002001e308       0x25 d:/freedomstudio-4.7.2/sifive/toolchain/riscv64-unknown-elf-gcc-8.2.0-2019.02.0/bin/../lib/gcc/riscv64-unknown-elf/8.2.0/../../../../riscv64-unknown-elf/lib/rv32imac/ilp32\libc.a(lib_a-vfiprintf.o)
 .rodata        0x000000002001e308      0x101 d:/freedomstudio-4.7.2/sifive/toolchain/riscv64-unknown-elf-gcc-8.2.0-2019.02.0/bin/../lib/gcc/riscv64-unknown-elf/8.2.0/../../../../riscv64-unknown-elf/lib/rv32imac/ilp32\libc.a(lib_a-ctype_.o)
                0x000000002001e308                _ctype_
 *fill*         0x000000002001e409        0x3 
 .rodata        0x000000002001e40c      0x18c d:/freedomstudio-4.7.2/sifive/toolchain/riscv64-unknown-elf-gcc-8.2.0-2019.02.0/bin/../lib/gcc/riscv64-unknown-elf/8.2.0/../../../../riscv64-unknown-elf/lib/rv32imac/ilp32\libc.a(lib_a-svfiprintf.o)
 .rodata.str1.4
                0x000000002001e598       0x25 d:/freedomstudio-4.7.2/sifive/toolchain/riscv64-unknown-elf-gcc-8.2.0-2019.02.0/bin/../lib/gcc/riscv64-unknown-elf/8.2.0/../../../../riscv64-unknown-elf/lib/rv32imac/ilp32\libc.a(lib_a-svfiprintf.o)
 .rodata        0x000000002001e598       0x3c d:/freedomstudio-4.7.2/sifive/toolchain/riscv64-unknown-elf-gcc-8.2.0-2019.02.0/bin/../lib/gcc/riscv64-unknown-elf/8.2.0/rv32imac/ilp32\libgcc.a(divdf3.o)
 .rodata        0x000000002001e5d4       0x3c d:/freedomstudio-4.7.2/sifive/toolchain/riscv64-unknown-elf-gcc-8.2.0-2019.02.0/bin/../lib/gcc/riscv64-unknown-elf/8.2.0/rv32imac/ilp32\libgcc.a(muldf3.o)
 .rodata        0x000000002001e610       0x3c d:/freedomstudio-4.7.2/sifive/toolchain/riscv64-unknown-elf-gcc-8.2.0-2019.02.0/bin/../lib/gcc/riscv64-unknown-elf/8.2.0/rv32imac/ilp32\libgcc.a(multf3.o)
 .rodata        0x000000002001e64c      0x100 d:/freedomstudio-4.7.2/sifive/toolchain/riscv64-unknown-elf-gcc-8.2.0-2019.02.0/bin/../lib/gcc/riscv64-unknown-elf/8.2.0/rv32imac/ilp32\libgcc.a(_clz.o)
                0x000000002001e64c                __clz_tab
 .rodata.libgloss.start
                0x000000002001e74c       0x11 C:/Users/miyazaki/wsFreedomStudio/sample/bsp/install/lib/debug/\libmetal-gloss.a(crt0.o)
 *fill*         0x000000002001e75d        0x3 
 .rodata.__metal_driver_vtable_riscv_cpu_intc
                0x000000002001e760       0x1c C:/Users/miyazaki/wsFreedomStudio/sample/bsp/install/lib/debug/\libmetal.a(libriscv__mmachine___a-tty.o)
                0x000000002001e760                __metal_driver_vtable_riscv_cpu_intc
 .rodata.__metal_driver_vtable_cpu
                0x000000002001e77c       0x40 C:/Users/miyazaki/wsFreedomStudio/sample/bsp/install/lib/debug/\libmetal.a(libriscv__mmachine___a-tty.o)
                0x000000002001e77c                __metal_driver_vtable_cpu
 .rodata.__metal_driver_vtable_riscv_clint0
                0x000000002001e7bc       0x1c C:/Users/miyazaki/wsFreedomStudio/sample/bsp/install/lib/debug/\libmetal.a(libriscv__mmachine___a-tty.o)
                0x000000002001e7bc                __metal_driver_vtable_riscv_clint0
 .rodata.__metal_driver_vtable_riscv_plic0
                0x000000002001e7d8       0x1c C:/Users/miyazaki/wsFreedomStudio/sample/bsp/install/lib/debug/\libmetal.a(libriscv__mmachine___a-tty.o)
                0x000000002001e7d8                __metal_driver_vtable_riscv_plic0
 .rodata.__metal_driver_vtable_sifive_gpio0
                0x000000002001e7f4       0x1c C:/Users/miyazaki/wsFreedomStudio/sample/bsp/install/lib/debug/\libmetal.a(libriscv__mmachine___a-tty.o)
                0x000000002001e7f4                __metal_driver_vtable_sifive_gpio0
 .rodata.__metal_driver_vtable_sifive_uart0
                0x000000002001e810       0x1c C:/Users/miyazaki/wsFreedomStudio/sample/bsp/install/lib/debug/\libmetal.a(libriscv__mmachine___a-tty.o)
                0x000000002001e810                __metal_driver_vtable_sifive_uart0
 .rodata.__metal_driver_vtable_sifive_fe310_g000_pll
                0x000000002001e82c        0xc C:/Users/miyazaki/wsFreedomStudio/sample/bsp/install/lib/debug/\libmetal.a(libriscv__mmachine___a-tty.o)
                0x000000002001e82c                __metal_driver_vtable_sifive_fe310_g000_pll
 .rodata.__metal_driver_riscv_clint0_command_request
                0x000000002001e838       0x18 C:/Users/miyazaki/wsFreedomStudio/sample/bsp/install/lib/debug/\libmetal.a(libriscv__mmachine___a-riscv,clint0.o)
 .rodata.__metal_valid_interrupt_id
                0x000000002001e850       0x74 C:/Users/miyazaki/wsFreedomStudio/sample/bsp/install/lib/debug/\libmetal.a(libriscv__mmachine___a-riscv,cpu.o)
 .rodata.__metal_local_interrupt_enable
                0x000000002001e8c4       0x80 C:/Users/miyazaki/wsFreedomStudio/sample/bsp/install/lib/debug/\libmetal.a(libriscv__mmachine___a-riscv,cpu.o)
 .rodata.__metal_driver_riscv_cpu_controller_interrupt_register
                0x000000002001e944       0x74 C:/Users/miyazaki/wsFreedomStudio/sample/bsp/install/lib/debug/\libmetal.a(libriscv__mmachine___a-riscv,cpu.o)
 .rodata.pll_configs
                0x000000002001e9b8      0x880 C:/Users/miyazaki/wsFreedomStudio/sample/bsp/install/lib/debug/\libmetal.a(libriscv__mmachine___a-sifive,fe310-g000,pll.o)
 *(.gnu.linkonce.r.*)

.rela.dyn       0x000000002001f238        0x0
 .rela.text     0x000000002001f238        0x0 C:\Users\miyazaki\AppData\Local\Temp\cceof6g7.o
 .rela.text.metal.init.enter
                0x000000002001f238        0x0 C:\Users\miyazaki\AppData\Local\Temp\cceof6g7.o
 .rela.text.libgloss.start
                0x000000002001f238        0x0 C:\Users\miyazaki\AppData\Local\Temp\cceof6g7.o
 .rela.sdata.brk
                0x000000002001f238        0x0 C:\Users\miyazaki\AppData\Local\Temp\cceof6g7.o
 .rela.text._sbrk
                0x000000002001f238        0x0 C:\Users\miyazaki\AppData\Local\Temp\cceof6g7.o
 .rela.data.__metal_dt_clock_0
                0x000000002001f238        0x0 C:\Users\miyazaki\AppData\Local\Temp\cceof6g7.o
 .rela.data.__metal_dt_clock_2
                0x000000002001f238        0x0 C:\Users\miyazaki\AppData\Local\Temp\cceof6g7.o
 .rela.data.__metal_dt_clint_2000000
                0x000000002001f238        0x0 C:\Users\miyazaki\AppData\Local\Temp\cceof6g7.o
 .rela.data.__metal_dt_cpu_0
                0x000000002001f238        0x0 C:\Users\miyazaki\AppData\Local\Temp\cceof6g7.o
 .rela.data.__metal_dt_interrupt_controller
                0x000000002001f238        0x0 C:\Users\miyazaki\AppData\Local\Temp\cceof6g7.o
 .rela.data.__metal_dt_interrupt_controller_c000000
                0x000000002001f238        0x0 C:\Users\miyazaki\AppData\Local\Temp\cceof6g7.o
 .rela.data.__metal_dt_gpio_10012000
                0x000000002001f238        0x0 C:\Users\miyazaki\AppData\Local\Temp\cceof6g7.o
 .rela.data.__metal_dt_serial_10013000
                0x000000002001f238        0x0 C:\Users\miyazaki\AppData\Local\Temp\cceof6g7.o
 .rela.data.__metal_dt_clock_3
                0x000000002001f238        0x0 C:\Users\miyazaki\AppData\Local\Temp\cceof6g7.o
 .rela.data.__metal_dt_clock_1
                0x000000002001f238        0x0 C:\Users\miyazaki\AppData\Local\Temp\cceof6g7.o
 .rela.data.__metal_dt_clock_4
                0x000000002001f238        0x0 C:\Users\miyazaki\AppData\Local\Temp\cceof6g7.o
 .rela.data.__metal_dt_prci_10008000
                0x000000002001f238        0x0 C:\Users\miyazaki\AppData\Local\Temp\cceof6g7.o
 .rela.sdata.__metal_cpu_table
                0x000000002001f238        0x0 C:\Users\miyazaki\AppData\Local\Temp\cceof6g7.o
 .rela.text.metal_tty_putc
                0x000000002001f238        0x0 C:\Users\miyazaki\AppData\Local\Temp\cceof6g7.o
 .rela.text.metal_tty_init
                0x000000002001f238        0x0 C:\Users\miyazaki\AppData\Local\Temp\cceof6g7.o
 .rela.text.__metal_driver_cpu_get
                0x000000002001f238        0x0 C:\Users\miyazaki\AppData\Local\Temp\cceof6g7.o
 .rela.text.__metal_default_sw_handler
                0x000000002001f238        0x0 C:\Users\miyazaki\AppData\Local\Temp\cceof6g7.o
 .rela.text.__metal_exception_handler
                0x000000002001f238        0x0 C:\Users\miyazaki\AppData\Local\Temp\cceof6g7.o
 .rela.text.__metal_driver_cpu_timer_controller_interrupt
                0x000000002001f238        0x0 C:\Users\miyazaki\AppData\Local\Temp\cceof6g7.o
 .rela.text.__metal_driver_cpu_sw_controller_interrupt
                0x000000002001f238        0x0 C:\Users\miyazaki\AppData\Local\Temp\cceof6g7.o
 .rela.text.metal_sifive_fe310_g000_pll_init
                0x000000002001f238        0x0 C:\Users\miyazaki\AppData\Local\Temp\cceof6g7.o
 .rela.text.use_hfxosc
                0x000000002001f238        0x0 C:\Users\miyazaki\AppData\Local\Temp\cceof6g7.o
                0x000000002001f238                . = ALIGN (0x4)

.preinit_array  0x000000002001f238        0x0
                0x000000002001f238                PROVIDE (__preinit_array_start = .)
 *(.preinit_array)
                0x000000002001f238                PROVIDE (__preinit_array_end = .)

.init_array     0x000000002001f238        0xc
                0x000000002001f238                PROVIDE (__init_array_start = .)
 *(SORT_BY_INIT_PRIORITY(.init_array.*) SORT_BY_INIT_PRIORITY(.ctors.*))
 *(.init_array EXCLUDE_FILE(*crtend?.o *crtend.o *crtbegin?.o *crtbegin.o) .ctors)
 .init_array    0x000000002001f238        0x4 C:/Users/miyazaki/wsFreedomStudio/sample/bsp/install/lib/debug/\libmetal.a(libriscv__mmachine___a-tty.o)
 .init_array    0x000000002001f23c        0x8 C:/Users/miyazaki/wsFreedomStudio/sample/bsp/install/lib/debug/\libmetal.a(libriscv__mmachine___a-sifive,fe310-g000,pll.o)
                0x000000002001f244                PROVIDE (__init_array_end = .)

.finit_array    0x000000002001f244        0x0
                [!provide]                        PROVIDE (__finit_array_start = .)
 *(SORT_BY_INIT_PRIORITY(.fini_array.*) SORT_BY_INIT_PRIORITY(.dtors.*))
 *(.fini_array EXCLUDE_FILE(*crtend?.o *crtend.o *crtbegin?.o *crtbegin.o) .dtors)
                [!provide]                        PROVIDE (__finit_array_end = .)

.ctors
 *crtbegin.o(.ctors)
 *crtbegin?.o(.ctors)
 *(EXCLUDE_FILE(*crtend?.o *crtend.o) .ctors)
 *(SORT_BY_NAME(.ctors.*))
 *(.ctors)

.dtors
 *crtbegin.o(.dtors)
 *crtbegin?.o(.dtors)
 *(EXCLUDE_FILE(*crtend?.o *crtend.o) .dtors)
 *(SORT_BY_NAME(.dtors.*))
 *(.dtors)

.litimalign     0x000000002001f244        0x0
                0x000000002001f244                . = ALIGN (0x4)
                0x000000002001f244                PROVIDE (metal_segment_itim_source_start = .)

.ditimalign     0x0000000080000000        0x0 load address 0x000000002001f244
                0x0000000080000000                . = ALIGN (0x4)
                0x0000000080000000                PROVIDE (metal_segment_itim_target_start = .)

.itim
 *(.itim .itim.*)
                0x0000000080000000                . = ALIGN (0x8)
                0x0000000080000000                PROVIDE (metal_segment_itim_target_end = .)

.lalign         0x000000002001f244        0x0
                0x000000002001f244                . = ALIGN (0x4)
                [!provide]                        PROVIDE (_data_lma = .)
                0x000000002001f244                PROVIDE (metal_segment_data_source_start = .)

.dalign         0x0000000080000000        0x0 load address 0x000000002001f244
                0x0000000080000000                . = ALIGN (0x4)
                0x0000000080000000                PROVIDE (metal_segment_data_target_start = .)

.data           0x0000000080000000     0x124c load address 0x000000002001f244
 *(.data .data.*)
 .data          0x0000000080000000      0x428 d:/freedomstudio-4.7.2/sifive/toolchain/riscv64-unknown-elf-gcc-8.2.0-2019.02.0/bin/../lib/gcc/riscv64-unknown-elf/8.2.0/../../../../riscv64-unknown-elf/lib/rv32imac/ilp32\libc.a(lib_a-impure.o)
 .data          0x0000000080000428      0x16c d:/freedomstudio-4.7.2/sifive/toolchain/riscv64-unknown-elf-gcc-8.2.0-2019.02.0/bin/../lib/gcc/riscv64-unknown-elf/8.2.0/../../../../riscv64-unknown-elf/lib/rv32imac/ilp32\libc.a(lib_a-locale.o)
                0x0000000080000428                __global_locale
 .data          0x0000000080000594      0x408 d:/freedomstudio-4.7.2/sifive/toolchain/riscv64-unknown-elf-gcc-8.2.0-2019.02.0/bin/../lib/gcc/riscv64-unknown-elf/8.2.0/../../../../riscv64-unknown-elf/lib/rv32imac/ilp32\libc.a(lib_a-mallocr.o)
                0x0000000080000594                __malloc_av_
 .data.__metal_dt_clock_0
                0x000000008000099c       0x1c C:/Users/miyazaki/wsFreedomStudio/sample/bsp/install/lib/debug/\libmetal.a(libriscv__mmachine___a-tty.o)
                0x000000008000099c                __metal_dt_clock_0
 .data.__metal_dt_clock_2
                0x00000000800009b8       0x1c C:/Users/miyazaki/wsFreedomStudio/sample/bsp/install/lib/debug/\libmetal.a(libriscv__mmachine___a-tty.o)
                0x00000000800009b8                __metal_dt_clock_2
 .data.__metal_dt_clint_2000000
                0x00000000800009d4       0x24 C:/Users/miyazaki/wsFreedomStudio/sample/bsp/install/lib/debug/\libmetal.a(libriscv__mmachine___a-tty.o)
                0x00000000800009d4                __metal_dt_clint_2000000
 .data.__metal_dt_cpu_0
                0x00000000800009f8       0x10 C:/Users/miyazaki/wsFreedomStudio/sample/bsp/install/lib/debug/\libmetal.a(libriscv__mmachine___a-tty.o)
                0x00000000800009f8                __metal_dt_cpu_0
 .data.__metal_dt_interrupt_controller
                0x0000000080000a08      0x3c0 C:/Users/miyazaki/wsFreedomStudio/sample/bsp/install/lib/debug/\libmetal.a(libriscv__mmachine___a-tty.o)
                0x0000000080000a08                __metal_dt_interrupt_controller
 .data.__metal_dt_interrupt_controller_c000000
                0x0000000080000dc8      0x320 C:/Users/miyazaki/wsFreedomStudio/sample/bsp/install/lib/debug/\libmetal.a(libriscv__mmachine___a-tty.o)
                0x0000000080000dc8                __metal_dt_interrupt_controller_c000000
 .data.__metal_dt_gpio_10012000
                0x00000000800010e8       0x58 C:/Users/miyazaki/wsFreedomStudio/sample/bsp/install/lib/debug/\libmetal.a(libriscv__mmachine___a-tty.o)
                0x00000000800010e8                __metal_dt_gpio_10012000
 .data.__metal_dt_serial_10013000
                0x0000000080001140       0x30 C:/Users/miyazaki/wsFreedomStudio/sample/bsp/install/lib/debug/\libmetal.a(libriscv__mmachine___a-tty.o)
                0x0000000080001140                __metal_dt_serial_10013000
 .data.__metal_dt_clock_3
                0x0000000080001170       0x24 C:/Users/miyazaki/wsFreedomStudio/sample/bsp/install/lib/debug/\libmetal.a(libriscv__mmachine___a-tty.o)
                0x0000000080001170                __metal_dt_clock_3
 .data.__metal_dt_clock_1
                0x0000000080001194       0x24 C:/Users/miyazaki/wsFreedomStudio/sample/bsp/install/lib/debug/\libmetal.a(libriscv__mmachine___a-tty.o)
                0x0000000080001194                __metal_dt_clock_1
 .data.__metal_dt_clock_4
                0x00000000800011b8       0x34 C:/Users/miyazaki/wsFreedomStudio/sample/bsp/install/lib/debug/\libmetal.a(libriscv__mmachine___a-tty.o)
                0x00000000800011b8                __metal_dt_clock_4
 .data.__metal_dt_prci_10008000
                0x00000000800011ec        0xc C:/Users/miyazaki/wsFreedomStudio/sample/bsp/install/lib/debug/\libmetal.a(libriscv__mmachine___a-tty.o)
                0x00000000800011ec                __metal_dt_prci_10008000
 *(.gnu.linkonce.d.*)
                0x00000000800011f8                . = ALIGN (0x8)
                0x00000000800019f8                PROVIDE (__global_pointer$ = (. + 0x800))
 *(.sdata .sdata.* .sdata2.*)
 .sdata         0x00000000800011f8        0x4 d:/freedomstudio-4.7.2/sifive/toolchain/riscv64-unknown-elf-gcc-8.2.0-2019.02.0/bin/../lib/gcc/riscv64-unknown-elf/8.2.0/../../../../riscv64-unknown-elf/lib/rv32imac/ilp32\libc.a(lib_a-impure.o)
                0x00000000800011f8                _impure_ptr
 .sdata         0x00000000800011fc        0x8 d:/freedomstudio-4.7.2/sifive/toolchain/riscv64-unknown-elf-gcc-8.2.0-2019.02.0/bin/../lib/gcc/riscv64-unknown-elf/8.2.0/../../../../riscv64-unknown-elf/lib/rv32imac/ilp32\libc.a(lib_a-mallocr.o)
                0x00000000800011fc                __malloc_sbrk_base
                0x0000000080001200                __malloc_trim_threshold
 .sdata.brk     0x0000000080001204        0x4 C:/Users/miyazaki/wsFreedomStudio/sample/bsp/install/lib/debug/\libmetal-gloss.a(sys_sbrk.o)
 .sdata2.__metal_driver_vtable_fixed_clock
                0x0000000080001208        0x8 C:/Users/miyazaki/wsFreedomStudio/sample/bsp/install/lib/debug/\libmetal.a(libriscv__mmachine___a-tty.o)
                0x0000000080001208                __metal_driver_vtable_fixed_clock
 .sdata2.__metal_driver_vtable_sifive_fe310_g000_prci
                0x0000000080001210        0x8 C:/Users/miyazaki/wsFreedomStudio/sample/bsp/install/lib/debug/\libmetal.a(libriscv__mmachine___a-tty.o)
                0x0000000080001210                __metal_driver_vtable_sifive_fe310_g000_prci
 .sdata2.__metal_driver_vtable_sifive_fe310_g000_hfrosc
                0x0000000080001218        0x8 C:/Users/miyazaki/wsFreedomStudio/sample/bsp/install/lib/debug/\libmetal.a(libriscv__mmachine___a-tty.o)
                0x0000000080001218                __metal_driver_vtable_sifive_fe310_g000_hfrosc
 .sdata2.__metal_driver_vtable_sifive_fe310_g000_hfxosc
                0x0000000080001220        0x8 C:/Users/miyazaki/wsFreedomStudio/sample/bsp/install/lib/debug/\libmetal.a(libriscv__mmachine___a-tty.o)
                0x0000000080001220                __metal_driver_vtable_sifive_fe310_g000_hfxosc
 .sdata.__metal_cpu_table
                0x0000000080001228        0x4 C:/Users/miyazaki/wsFreedomStudio/sample/bsp/install/lib/debug/\libmetal.a(libriscv__mmachine___a-tty.o)
                0x0000000080001228                __metal_cpu_table
 *(.gnu.linkonce.s.*)
                0x0000000080001230                . = ALIGN (0x8)
 *fill*         0x000000008000122c        0x4 
 *(.srodata.cst16)
 *(.srodata.cst8)
 .srodata.cst8  0x0000000080001230       0x10 d:/freedomstudio-4.7.2/sifive/toolchain/riscv64-unknown-elf-gcc-8.2.0-2019.02.0/bin/../lib/gcc/riscv64-unknown-elf/8.2.0/../../../../riscv64-unknown-elf/lib/rv32imac/ilp32\libc.a(lib_a-mprec.o)
 .srodata.cst8  0x0000000080001240        0x8 d:/freedomstudio-4.7.2/sifive/toolchain/riscv64-unknown-elf-gcc-8.2.0-2019.02.0/bin/../lib/gcc/riscv64-unknown-elf/8.2.0/../../../../riscv64-unknown-elf/lib/rv32imac/ilp32\libc.a(lib_a-s_frexp.o)
 *(.srodata.cst4)
 *(.srodata.cst2)
 *(.srodata .srodata.*)
 .srodata       0x0000000080001248        0x4 d:/freedomstudio-4.7.2/sifive/toolchain/riscv64-unknown-elf-gcc-8.2.0-2019.02.0/bin/../lib/gcc/riscv64-unknown-elf/8.2.0/../../../../riscv64-unknown-elf/lib/rv32imac/ilp32\libc.a(lib_a-impure.o)
                0x0000000080001248                _global_impure_ptr
                0x000000008000124c                . = ALIGN (0x4)
                [!provide]                        PROVIDE (_edata = .)
                [!provide]                        PROVIDE (edata = .)
                0x000000008000124c                PROVIDE (metal_segment_data_target_end = .)
                [!provide]                        PROVIDE (_fbss = .)
                [!provide]                        PROVIDE (__bss_start = .)
                0x000000008000124c                PROVIDE (metal_segment_bss_target_start = .)

.bss            0x000000008000124c       0x38
 *(.sbss*)
 .sbss          0x000000008000124c        0xc d:/freedomstudio-4.7.2/sifive/toolchain/riscv64-unknown-elf-gcc-8.2.0-2019.02.0/bin/../lib/gcc/riscv64-unknown-elf/8.2.0/../../../../riscv64-unknown-elf/lib/rv32imac/ilp32\libc.a(lib_a-mallocr.o)
                0x000000008000124c                __malloc_max_total_mem
                0x0000000080001250                __malloc_max_sbrked_mem
                0x0000000080001254                __malloc_top_pad
 *(.gnu.linkonce.sb.*)
 *(.bss .bss.*)
 .bss           0x0000000080001258       0x28 d:/freedomstudio-4.7.2/sifive/toolchain/riscv64-unknown-elf-gcc-8.2.0-2019.02.0/bin/../lib/gcc/riscv64-unknown-elf/8.2.0/../../../../riscv64-unknown-elf/lib/rv32imac/ilp32\libc.a(lib_a-mallocr.o)
                0x0000000080001258                __malloc_current_mallinfo
 *(.gnu.linkonce.b.*)
 *(COMMON)
 COMMON         0x0000000080001280        0x4 d:/freedomstudio-4.7.2/sifive/toolchain/riscv64-unknown-elf-gcc-8.2.0-2019.02.0/bin/../lib/gcc/riscv64-unknown-elf/8.2.0/../../../../riscv64-unknown-elf/lib/rv32imac/ilp32\libc.a(lib_a-reent.o)
                0x0000000080001280                errno
                0x0000000080001284                . = ALIGN (0x4)
                0x0000000080001288                . = ALIGN (0x8)
                [!provide]                        PROVIDE (_end = .)
                [!provide]                        PROVIDE (end = .)
                0x0000000080001288                PROVIDE (metal_segment_bss_target_end = .)

.stack          0x0000000080001284      0x400
                [!provide]                        PROVIDE (metal_segment_stack_begin = .)
                0x0000000000000400                . = __stack_size
 *fill*         0x0000000080001284      0x400 
                [!provide]                        PROVIDE (_sp = .)
                0x0000000080001684                PROVIDE (metal_segment_stack_end = .)

.heap           0x0000000080001684     0x297c
                0x0000000080001684                PROVIDE (metal_segment_heap_target_start = .)
                0x0000000000000400                . = __heap_size
 *fill*         0x0000000080001684      0x400 
                0x0000000080004000                . = (__heap_size == 0x0)?0x0:(ORIGIN (ram) + LENGTH (ram))
 *fill*         0x0000000080001a84     0x257c 
                0x0000000080004000                PROVIDE (metal_segment_heap_target_end = .)
                [!provide]                        PROVIDE (_heap_end = .)
OUTPUT(hello elf32-littleriscv)

.debug_info     0x0000000000000000    0x15d63
 .debug_info    0x0000000000000000      0x984 C:\Users\miyazaki\AppData\Local\Temp\cceof6g7.o
 .debug_info    0x0000000000000984     0x121a d:/freedomstudio-4.7.2/sifive/toolchain/riscv64-unknown-elf-gcc-8.2.0-2019.02.0/bin/../lib/gcc/riscv64-unknown-elf/8.2.0/rv32imac/ilp32\libgcc.a(_udivdi3.o)
 .debug_info    0x0000000000001b9e     0x1278 d:/freedomstudio-4.7.2/sifive/toolchain/riscv64-unknown-elf-gcc-8.2.0-2019.02.0/bin/../lib/gcc/riscv64-unknown-elf/8.2.0/rv32imac/ilp32\libgcc.a(_umoddi3.o)
 .debug_info    0x0000000000002e16      0x730 d:/freedomstudio-4.7.2/sifive/toolchain/riscv64-unknown-elf-gcc-8.2.0-2019.02.0/bin/../lib/gcc/riscv64-unknown-elf/8.2.0/rv32imac/ilp32\libgcc.a(divdf3.o)
 .debug_info    0x0000000000003546      0x768 d:/freedomstudio-4.7.2/sifive/toolchain/riscv64-unknown-elf-gcc-8.2.0-2019.02.0/bin/../lib/gcc/riscv64-unknown-elf/8.2.0/rv32imac/ilp32\libgcc.a(muldf3.o)
 .debug_info    0x0000000000003cae      0x298 d:/freedomstudio-4.7.2/sifive/toolchain/riscv64-unknown-elf-gcc-8.2.0-2019.02.0/bin/../lib/gcc/riscv64-unknown-elf/8.2.0/rv32imac/ilp32\libgcc.a(eqtf2.o)
 .debug_info    0x0000000000003f46      0x294 d:/freedomstudio-4.7.2/sifive/toolchain/riscv64-unknown-elf-gcc-8.2.0-2019.02.0/bin/../lib/gcc/riscv64-unknown-elf/8.2.0/rv32imac/ilp32\libgcc.a(getf2.o)
 .debug_info    0x00000000000041da      0x294 d:/freedomstudio-4.7.2/sifive/toolchain/riscv64-unknown-elf-gcc-8.2.0-2019.02.0/bin/../lib/gcc/riscv64-unknown-elf/8.2.0/rv32imac/ilp32\libgcc.a(letf2.o)
 .debug_info    0x000000000000446e     0x126c d:/freedomstudio-4.7.2/sifive/toolchain/riscv64-unknown-elf-gcc-8.2.0-2019.02.0/bin/../lib/gcc/riscv64-unknown-elf/8.2.0/rv32imac/ilp32\libgcc.a(multf3.o)
 .debug_info    0x00000000000056da      0xd83 d:/freedomstudio-4.7.2/sifive/toolchain/riscv64-unknown-elf-gcc-8.2.0-2019.02.0/bin/../lib/gcc/riscv64-unknown-elf/8.2.0/rv32imac/ilp32\libgcc.a(subtf3.o)
 .debug_info    0x000000000000645d      0x2c5 d:/freedomstudio-4.7.2/sifive/toolchain/riscv64-unknown-elf-gcc-8.2.0-2019.02.0/bin/../lib/gcc/riscv64-unknown-elf/8.2.0/rv32imac/ilp32\libgcc.a(fixtfsi.o)
 .debug_info    0x0000000000006722      0x3c6 d:/freedomstudio-4.7.2/sifive/toolchain/riscv64-unknown-elf-gcc-8.2.0-2019.02.0/bin/../lib/gcc/riscv64-unknown-elf/8.2.0/rv32imac/ilp32\libgcc.a(floatsitf.o)
 .debug_info    0x0000000000006ae8      0x3ef d:/freedomstudio-4.7.2/sifive/toolchain/riscv64-unknown-elf-gcc-8.2.0-2019.02.0/bin/../lib/gcc/riscv64-unknown-elf/8.2.0/rv32imac/ilp32\libgcc.a(extenddftf2.o)
 .debug_info    0x0000000000006ed7      0x53b d:/freedomstudio-4.7.2/sifive/toolchain/riscv64-unknown-elf-gcc-8.2.0-2019.02.0/bin/../lib/gcc/riscv64-unknown-elf/8.2.0/rv32imac/ilp32\libgcc.a(trunctfdf2.o)
 .debug_info    0x0000000000007412      0xb3f d:/freedomstudio-4.7.2/sifive/toolchain/riscv64-unknown-elf-gcc-8.2.0-2019.02.0/bin/../lib/gcc/riscv64-unknown-elf/8.2.0/rv32imac/ilp32\libgcc.a(_clz.o)
 .debug_info    0x0000000000007f51      0xbac d:/freedomstudio-4.7.2/sifive/toolchain/riscv64-unknown-elf-gcc-8.2.0-2019.02.0/bin/../lib/gcc/riscv64-unknown-elf/8.2.0/rv32imac/ilp32\libgcc.a(_clzsi2.o)
 .debug_info    0x0000000000008afd       0x22 C:/Users/miyazaki/wsFreedomStudio/sample/bsp/install/lib/debug/\libmetal.a(libriscv__mmachine___a-entry.o)
 .debug_info    0x0000000000008b1f       0x26 C:/Users/miyazaki/wsFreedomStudio/sample/bsp/install/lib/debug/\libmetal-gloss.a(crt0.o)
 .debug_info    0x0000000000008b45      0x969 C:/Users/miyazaki/wsFreedomStudio/sample/bsp/install/lib/debug/\libmetal-gloss.a(sys_close.o)
 .debug_info    0x00000000000094ae      0xbac C:/Users/miyazaki/wsFreedomStudio/sample/bsp/install/lib/debug/\libmetal-gloss.a(sys_fstat.o)
 .debug_info    0x000000000000a05a       0xf4 C:/Users/miyazaki/wsFreedomStudio/sample/bsp/install/lib/debug/\libmetal-gloss.a(sys_isatty.o)
 .debug_info    0x000000000000a14e      0x99f C:/Users/miyazaki/wsFreedomStudio/sample/bsp/install/lib/debug/\libmetal-gloss.a(sys_lseek.o)
 .debug_info    0x000000000000aaed      0x99f C:/Users/miyazaki/wsFreedomStudio/sample/bsp/install/lib/debug/\libmetal-gloss.a(sys_read.o)
 .debug_info    0x000000000000b48c      0x117 C:/Users/miyazaki/wsFreedomStudio/sample/bsp/install/lib/debug/\libmetal-gloss.a(sys_sbrk.o)
 .debug_info    0x000000000000b5a3      0xa1e C:/Users/miyazaki/wsFreedomStudio/sample/bsp/install/lib/debug/\libmetal-gloss.a(sys_write.o)
 .debug_info    0x000000000000bfc1     0x1460 C:/Users/miyazaki/wsFreedomStudio/sample/bsp/install/lib/debug/\libmetal.a(libriscv__mmachine___a-tty.o)
 .debug_info    0x000000000000d421      0x3f1 C:/Users/miyazaki/wsFreedomStudio/sample/bsp/install/lib/debug/\libmetal.a(libriscv__mmachine___a-uart.o)
 .debug_info    0x000000000000d812      0x220 C:/Users/miyazaki/wsFreedomStudio/sample/bsp/install/lib/debug/\libmetal.a(libriscv__mmachine___a-fixed-clock.o)
 .debug_info    0x000000000000da32      0x822 C:/Users/miyazaki/wsFreedomStudio/sample/bsp/install/lib/debug/\libmetal.a(libriscv__mmachine___a-riscv,clint0.o)
 .debug_info    0x000000000000e254     0x22c6 C:/Users/miyazaki/wsFreedomStudio/sample/bsp/install/lib/debug/\libmetal.a(libriscv__mmachine___a-riscv,cpu.o)
 .debug_info    0x000000000001051a      0x8da C:/Users/miyazaki/wsFreedomStudio/sample/bsp/install/lib/debug/\libmetal.a(libriscv__mmachine___a-riscv,plic0.o)
 .debug_info    0x0000000000010df4      0x315 C:/Users/miyazaki/wsFreedomStudio/sample/bsp/install/lib/debug/\libmetal.a(libriscv__mmachine___a-sifive,fe310-g000,hfrosc.o)
 .debug_info    0x0000000000011109      0x315 C:/Users/miyazaki/wsFreedomStudio/sample/bsp/install/lib/debug/\libmetal.a(libriscv__mmachine___a-sifive,fe310-g000,hfxosc.o)
 .debug_info    0x000000000001141e     0x2008 C:/Users/miyazaki/wsFreedomStudio/sample/bsp/install/lib/debug/\libmetal.a(libriscv__mmachine___a-sifive,fe310-g000,pll.o)
 .debug_info    0x0000000000013426      0x18e C:/Users/miyazaki/wsFreedomStudio/sample/bsp/install/lib/debug/\libmetal.a(libriscv__mmachine___a-sifive,fe310-g000,prci.o)
 .debug_info    0x00000000000135b4      0x3fc C:/Users/miyazaki/wsFreedomStudio/sample/bsp/install/lib/debug/\libmetal.a(libriscv__mmachine___a-sifive,gpio0.o)
 .debug_info    0x00000000000139b0      0xc6d C:/Users/miyazaki/wsFreedomStudio/sample/bsp/install/lib/debug/\libmetal.a(libriscv__mmachine___a-sifive,uart0.o)
 .debug_info    0x000000000001461d      0x229 C:/Users/miyazaki/wsFreedomStudio/sample/bsp/install/lib/debug/\libmetal.a(libriscv__mmachine___a-clock.o)
 .debug_info    0x0000000000014846     0x14ce C:/Users/miyazaki/wsFreedomStudio/sample/bsp/install/lib/debug/\libmetal.a(libriscv__mmachine___a-shutdown.o)
 .debug_info    0x0000000000015d14       0x4f C:/Users/miyazaki/wsFreedomStudio/sample/bsp/install/lib/debug/\libmetal-gloss.a(sys_exit.o)

.debug_abbrev   0x0000000000000000     0x4079
 .debug_abbrev  0x0000000000000000      0x20d C:\Users\miyazaki\AppData\Local\Temp\cceof6g7.o
 .debug_abbrev  0x000000000000020d      0x2cc d:/freedomstudio-4.7.2/sifive/toolchain/riscv64-unknown-elf-gcc-8.2.0-2019.02.0/bin/../lib/gcc/riscv64-unknown-elf/8.2.0/rv32imac/ilp32\libgcc.a(_udivdi3.o)
 .debug_abbrev  0x00000000000004d9      0x2e8 d:/freedomstudio-4.7.2/sifive/toolchain/riscv64-unknown-elf-gcc-8.2.0-2019.02.0/bin/../lib/gcc/riscv64-unknown-elf/8.2.0/rv32imac/ilp32\libgcc.a(_umoddi3.o)
 .debug_abbrev  0x00000000000007c1      0x187 d:/freedomstudio-4.7.2/sifive/toolchain/riscv64-unknown-elf-gcc-8.2.0-2019.02.0/bin/../lib/gcc/riscv64-unknown-elf/8.2.0/rv32imac/ilp32\libgcc.a(divdf3.o)
 .debug_abbrev  0x0000000000000948      0x18e d:/freedomstudio-4.7.2/sifive/toolchain/riscv64-unknown-elf-gcc-8.2.0-2019.02.0/bin/../lib/gcc/riscv64-unknown-elf/8.2.0/rv32imac/ilp32\libgcc.a(muldf3.o)
 .debug_abbrev  0x0000000000000ad6      0x18b d:/freedomstudio-4.7.2/sifive/toolchain/riscv64-unknown-elf-gcc-8.2.0-2019.02.0/bin/../lib/gcc/riscv64-unknown-elf/8.2.0/rv32imac/ilp32\libgcc.a(eqtf2.o)
 .debug_abbrev  0x0000000000000c61      0x19e d:/freedomstudio-4.7.2/sifive/toolchain/riscv64-unknown-elf-gcc-8.2.0-2019.02.0/bin/../lib/gcc/riscv64-unknown-elf/8.2.0/rv32imac/ilp32\libgcc.a(getf2.o)
 .debug_abbrev  0x0000000000000dff      0x19e d:/freedomstudio-4.7.2/sifive/toolchain/riscv64-unknown-elf-gcc-8.2.0-2019.02.0/bin/../lib/gcc/riscv64-unknown-elf/8.2.0/rv32imac/ilp32\libgcc.a(letf2.o)
 .debug_abbrev  0x0000000000000f9d      0x1a8 d:/freedomstudio-4.7.2/sifive/toolchain/riscv64-unknown-elf-gcc-8.2.0-2019.02.0/bin/../lib/gcc/riscv64-unknown-elf/8.2.0/rv32imac/ilp32\libgcc.a(multf3.o)
 .debug_abbrev  0x0000000000001145      0x1bd d:/freedomstudio-4.7.2/sifive/toolchain/riscv64-unknown-elf-gcc-8.2.0-2019.02.0/bin/../lib/gcc/riscv64-unknown-elf/8.2.0/rv32imac/ilp32\libgcc.a(subtf3.o)
 .debug_abbrev  0x0000000000001302      0x1ac d:/freedomstudio-4.7.2/sifive/toolchain/riscv64-unknown-elf-gcc-8.2.0-2019.02.0/bin/../lib/gcc/riscv64-unknown-elf/8.2.0/rv32imac/ilp32\libgcc.a(fixtfsi.o)
 .debug_abbrev  0x00000000000014ae      0x1b5 d:/freedomstudio-4.7.2/sifive/toolchain/riscv64-unknown-elf-gcc-8.2.0-2019.02.0/bin/../lib/gcc/riscv64-unknown-elf/8.2.0/rv32imac/ilp32\libgcc.a(floatsitf.o)
 .debug_abbrev  0x0000000000001663      0x1ab d:/freedomstudio-4.7.2/sifive/toolchain/riscv64-unknown-elf-gcc-8.2.0-2019.02.0/bin/../lib/gcc/riscv64-unknown-elf/8.2.0/rv32imac/ilp32\libgcc.a(extenddftf2.o)
 .debug_abbrev  0x000000000000180e      0x1b7 d:/freedomstudio-4.7.2/sifive/toolchain/riscv64-unknown-elf-gcc-8.2.0-2019.02.0/bin/../lib/gcc/riscv64-unknown-elf/8.2.0/rv32imac/ilp32\libgcc.a(trunctfdf2.o)
 .debug_abbrev  0x00000000000019c5      0x1e8 d:/freedomstudio-4.7.2/sifive/toolchain/riscv64-unknown-elf-gcc-8.2.0-2019.02.0/bin/../lib/gcc/riscv64-unknown-elf/8.2.0/rv32imac/ilp32\libgcc.a(_clz.o)
 .debug_abbrev  0x0000000000001bad      0x242 d:/freedomstudio-4.7.2/sifive/toolchain/riscv64-unknown-elf-gcc-8.2.0-2019.02.0/bin/../lib/gcc/riscv64-unknown-elf/8.2.0/rv32imac/ilp32\libgcc.a(_clzsi2.o)
 .debug_abbrev  0x0000000000001def       0x12 C:/Users/miyazaki/wsFreedomStudio/sample/bsp/install/lib/debug/\libmetal.a(libriscv__mmachine___a-entry.o)
 .debug_abbrev  0x0000000000001e01       0x14 C:/Users/miyazaki/wsFreedomStudio/sample/bsp/install/lib/debug/\libmetal-gloss.a(crt0.o)
 .debug_abbrev  0x0000000000001e15      0x1e7 C:/Users/miyazaki/wsFreedomStudio/sample/bsp/install/lib/debug/\libmetal-gloss.a(sys_close.o)
 .debug_abbrev  0x0000000000001ffc      0x1fa C:/Users/miyazaki/wsFreedomStudio/sample/bsp/install/lib/debug/\libmetal-gloss.a(sys_fstat.o)
 .debug_abbrev  0x00000000000021f6       0x73 C:/Users/miyazaki/wsFreedomStudio/sample/bsp/install/lib/debug/\libmetal-gloss.a(sys_isatty.o)
 .debug_abbrev  0x0000000000002269      0x1f8 C:/Users/miyazaki/wsFreedomStudio/sample/bsp/install/lib/debug/\libmetal-gloss.a(sys_lseek.o)
 .debug_abbrev  0x0000000000002461      0x1f8 C:/Users/miyazaki/wsFreedomStudio/sample/bsp/install/lib/debug/\libmetal-gloss.a(sys_read.o)
 .debug_abbrev  0x0000000000002659       0xb8 C:/Users/miyazaki/wsFreedomStudio/sample/bsp/install/lib/debug/\libmetal-gloss.a(sys_sbrk.o)
 .debug_abbrev  0x0000000000002711      0x22a C:/Users/miyazaki/wsFreedomStudio/sample/bsp/install/lib/debug/\libmetal-gloss.a(sys_write.o)
 .debug_abbrev  0x000000000000293b      0x1f9 C:/Users/miyazaki/wsFreedomStudio/sample/bsp/install/lib/debug/\libmetal.a(libriscv__mmachine___a-tty.o)
 .debug_abbrev  0x0000000000002b34      0x105 C:/Users/miyazaki/wsFreedomStudio/sample/bsp/install/lib/debug/\libmetal.a(libriscv__mmachine___a-uart.o)
 .debug_abbrev  0x0000000000002c39       0xfe C:/Users/miyazaki/wsFreedomStudio/sample/bsp/install/lib/debug/\libmetal.a(libriscv__mmachine___a-fixed-clock.o)
 .debug_abbrev  0x0000000000002d37      0x1a2 C:/Users/miyazaki/wsFreedomStudio/sample/bsp/install/lib/debug/\libmetal.a(libriscv__mmachine___a-riscv,clint0.o)
 .debug_abbrev  0x0000000000002ed9      0x35a C:/Users/miyazaki/wsFreedomStudio/sample/bsp/install/lib/debug/\libmetal.a(libriscv__mmachine___a-riscv,cpu.o)
 .debug_abbrev  0x0000000000003233      0x1b7 C:/Users/miyazaki/wsFreedomStudio/sample/bsp/install/lib/debug/\libmetal.a(libriscv__mmachine___a-riscv,plic0.o)
 .debug_abbrev  0x00000000000033ea       0xf1 C:/Users/miyazaki/wsFreedomStudio/sample/bsp/install/lib/debug/\libmetal.a(libriscv__mmachine___a-sifive,fe310-g000,hfrosc.o)
 .debug_abbrev  0x00000000000034db       0xf1 C:/Users/miyazaki/wsFreedomStudio/sample/bsp/install/lib/debug/\libmetal.a(libriscv__mmachine___a-sifive,fe310-g000,hfxosc.o)
 .debug_abbrev  0x00000000000035cc      0x3aa C:/Users/miyazaki/wsFreedomStudio/sample/bsp/install/lib/debug/\libmetal.a(libriscv__mmachine___a-sifive,fe310-g000,pll.o)