Archive member included to satisfy reference by file (symbol)

d:/freedomstudio-4.7.2/sifive/toolchain/riscv64-unknown-elf-gcc-8.2.0-2019.02.0/bin/../lib/gcc/riscv64-unknown-elf/8.2.0/../../../../riscv64-unknown-elf/lib/rv32imac/ilp32\libc.a(lib_a-puts.o)
                              C:\Users\miyazaki\AppData\Local\Temp\ccIXSqJf.o (puts)
d:/freedomstudio-4.7.2/sifive/toolchain/riscv64-unknown-elf-gcc-8.2.0-2019.02.0/bin/../lib/gcc/riscv64-unknown-elf/8.2.0/../../../../riscv64-unknown-elf/lib/rv32imac/ilp32\libc.a(lib_a-strlen.o)
                              d:/freedomstudio-4.7.2/sifive/toolchain/riscv64-unknown-elf-gcc-8.2.0-2019.02.0/bin/../lib/gcc/riscv64-unknown-elf/8.2.0/../../../../riscv64-unknown-elf/lib/rv32imac/ilp32\libc.a(lib_a-puts.o) (strlen)
d:/freedomstudio-4.7.2/sifive/toolchain/riscv64-unknown-elf-gcc-8.2.0-2019.02.0/bin/../lib/gcc/riscv64-unknown-elf/8.2.0/../../../../riscv64-unknown-elf/lib/rv32imac/ilp32\libc.a(lib_a-findfp.o)
                              d:/freedomstudio-4.7.2/sifive/toolchain/riscv64-unknown-elf-gcc-8.2.0-2019.02.0/bin/../lib/gcc/riscv64-unknown-elf/8.2.0/../../../../riscv64-unknown-elf/lib/rv32imac/ilp32\libc.a(lib_a-puts.o) (__sinit)
d:/freedomstudio-4.7.2/sifive/toolchain/riscv64-unknown-elf-gcc-8.2.0-2019.02.0/bin/../lib/gcc/riscv64-unknown-elf/8.2.0/../../../../riscv64-unknown-elf/lib/rv32imac/ilp32\libc.a(lib_a-fvwrite.o)
                              d:/freedomstudio-4.7.2/sifive/toolchain/riscv64-unknown-elf-gcc-8.2.0-2019.02.0/bin/../lib/gcc/riscv64-unknown-elf/8.2.0/../../../../riscv64-unknown-elf/lib/rv32imac/ilp32\libc.a(lib_a-puts.o) (__sfvwrite_r)
d:/freedomstudio-4.7.2/sifive/toolchain/riscv64-unknown-elf-gcc-8.2.0-2019.02.0/bin/../lib/gcc/riscv64-unknown-elf/8.2.0/../../../../riscv64-unknown-elf/lib/rv32imac/ilp32\libc.a(lib_a-fwalk.o)
                              d:/freedomstudio-4.7.2/sifive/toolchain/riscv64-unknown-elf-gcc-8.2.0-2019.02.0/bin/../lib/gcc/riscv64-unknown-elf/8.2.0/../../../../riscv64-unknown-elf/lib/rv32imac/ilp32\libc.a(lib_a-findfp.o) (_fwalk)
d:/freedomstudio-4.7.2/sifive/toolchain/riscv64-unknown-elf-gcc-8.2.0-2019.02.0/bin/../lib/gcc/riscv64-unknown-elf/8.2.0/../../../../riscv64-unknown-elf/lib/rv32imac/ilp32\libc.a(lib_a-impure.o)
                              d:/freedomstudio-4.7.2/sifive/toolchain/riscv64-unknown-elf-gcc-8.2.0-2019.02.0/bin/../lib/gcc/riscv64-unknown-elf/8.2.0/../../../../riscv64-unknown-elf/lib/rv32imac/ilp32\libc.a(lib_a-findfp.o) (_global_impure_ptr)
d:/freedomstudio-4.7.2/sifive/toolchain/riscv64-unknown-elf-gcc-8.2.0-2019.02.0/bin/../lib/gcc/riscv64-unknown-elf/8.2.0/../../../../riscv64-unknown-elf/lib/rv32imac/ilp32\libc.a(lib_a-mallocr.o)
                              d:/freedomstudio-4.7.2/sifive/toolchain/riscv64-unknown-elf-gcc-8.2.0-2019.02.0/bin/../lib/gcc/riscv64-unknown-elf/8.2.0/../../../../riscv64-unknown-elf/lib/rv32imac/ilp32\libc.a(lib_a-findfp.o) (_malloc_r)
d:/freedomstudio-4.7.2/sifive/toolchain/riscv64-unknown-elf-gcc-8.2.0-2019.02.0/bin/../lib/gcc/riscv64-unknown-elf/8.2.0/../../../../riscv64-unknown-elf/lib/rv32imac/ilp32\libc.a(lib_a-memchr.o)
                              d:/freedomstudio-4.7.2/sifive/toolchain/riscv64-unknown-elf-gcc-8.2.0-2019.02.0/bin/../lib/gcc/riscv64-unknown-elf/8.2.0/../../../../riscv64-unknown-elf/lib/rv32imac/ilp32\libc.a(lib_a-fvwrite.o) (memchr)
d:/freedomstudio-4.7.2/sifive/toolchain/riscv64-unknown-elf-gcc-8.2.0-2019.02.0/bin/../lib/gcc/riscv64-unknown-elf/8.2.0/../../../../riscv64-unknown-elf/lib/rv32imac/ilp32\libc.a(lib_a-memcpy.o)
                              d:/freedomstudio-4.7.2/sifive/toolchain/riscv64-unknown-elf-gcc-8.2.0-2019.02.0/bin/../lib/gcc/riscv64-unknown-elf/8.2.0/../../../../riscv64-unknown-elf/lib/rv32imac/ilp32\libc.a(lib_a-fvwrite.o) (memcpy)
d:/freedomstudio-4.7.2/sifive/toolchain/riscv64-unknown-elf-gcc-8.2.0-2019.02.0/bin/../lib/gcc/riscv64-unknown-elf/8.2.0/../../../../riscv64-unknown-elf/lib/rv32imac/ilp32\libc.a(lib_a-memmove.o)
                              d:/freedomstudio-4.7.2/sifive/toolchain/riscv64-unknown-elf-gcc-8.2.0-2019.02.0/bin/../lib/gcc/riscv64-unknown-elf/8.2.0/../../../../riscv64-unknown-elf/lib/rv32imac/ilp32\libc.a(lib_a-fvwrite.o) (memmove)
d:/freedomstudio-4.7.2/sifive/toolchain/riscv64-unknown-elf-gcc-8.2.0-2019.02.0/bin/../lib/gcc/riscv64-unknown-elf/8.2.0/../../../../riscv64-unknown-elf/lib/rv32imac/ilp32\libc.a(lib_a-memset.o)
                              d:/freedomstudio-4.7.2/sifive/toolchain/riscv64-unknown-elf-gcc-8.2.0-2019.02.0/bin/../lib/gcc/riscv64-unknown-elf/8.2.0/../../../../riscv64-unknown-elf/lib/rv32imac/ilp32\libc.a(lib_a-findfp.o) (memset)
d:/freedomstudio-4.7.2/sifive/toolchain/riscv64-unknown-elf-gcc-8.2.0-2019.02.0/bin/../lib/gcc/riscv64-unknown-elf/8.2.0/../../../../riscv64-unknown-elf/lib/rv32imac/ilp32\libc.a(lib_a-mlock.o)
[...]
Memory Configuration

Name             Origin             Length             Attributes
ram              0x0000000080000000 0x0000000000004000 axw !rl
flash            0x0000000020010000 0x000000000006a120 axrl !w
*default*        0x0000000000000000 0xffffffffffffffff

Linker script and memory map

LOAD C:\Users\miyazaki\AppData\Local\Temp\ccIXSqJf.o
START GROUP
LOAD d:/freedomstudio-4.7.2/sifive/toolchain/riscv64-unknown-elf-gcc-8.2.0-2019.02.0/bin/../lib/gcc/riscv64-unknown-elf/8.2.0/../../../../riscv64-unknown-elf/lib/rv32imac/ilp32\libc.a
LOAD d:/freedomstudio-4.7.2/sifive/toolchain/riscv64-unknown-elf-gcc-8.2.0-2019.02.0/bin/../lib/gcc/riscv64-unknown-elf/8.2.0/rv32imac/ilp32\libgcc.a
LOAD C:/Users/miyazaki/wsFreedomStudio/sample/bsp/install/lib/debug/\libmetal.a
LOAD C:/Users/miyazaki/wsFreedomStudio/sample/bsp/install/lib/debug/\libmetal-gloss.a
END GROUP
                0x0000000000000400                __stack_size = DEFINED (__stack_size)?__stack_size:0x400
                0x0000000000000400                __heap_size = DEFINED (__heap_size)?__heap_size:0x400

.init           0x0000000020010000      0x134
 *(.text.metal.init.enter)
 .text.metal.init.enter
                0x0000000020010000       0x54 C:/Users/miyazaki/wsFreedomStudio/sample/bsp/install/lib/debug/\libmetal.a(libriscv__mmachine___a-entry.o)
                0x0000000020010000                _enter
 *(SORT_NONE(.init))
 *(.text.libgloss.start)
 .text.libgloss.start
                0x0000000020010054       0xe0 C:/Users/miyazaki/wsFreedomStudio/sample/bsp/install/lib/debug/\libmetal-gloss.a(crt0.o)
                0x0000000020010054                _start
                0x0000000020010132                _fini
                0x0000000020010132                _init

.text           0x0000000020010180     0x3ffe
 *(.text.unlikely .text.unlikely.*)
 *(.text.startup .text.startup.*)
 *(.text .text.*)
 .text.add      0x0000000020010180       0x20 C:\Users\miyazaki\AppData\Local\Temp\ccIXSqJf.o
                0x0000000020010180                add
 .text.main     0x00000000200101a0       0x42 C:\Users\miyazaki\AppData\Local\Temp\ccIXSqJf.o
                0x00000000200101a0                main
 .text          0x00000000200101e2       0x7e d:/freedomstudio-4.7.2/sifive/toolchain/riscv64-unknown-elf-gcc-8.2.0-2019.02.0/bin/../lib/gcc/riscv64-unknown-elf/8.2.0/../../../../riscv64-unknown-elf/lib/rv32imac/ilp32\libc.a(lib_a-puts.o)
                0x00000000200101e2                _puts_r
                0x0000000020010252                puts
 .text          0x0000000020010260       0x12 d:/freedomstudio-4.7.2/sifive/toolchain/riscv64-unknown-elf-gcc-8.2.0-2019.02.0/bin/../lib/gcc/riscv64-unknown-elf/8.2.0/../../../../riscv64-unknown-elf/lib/rv32imac/ilp32\libc.a(lib_a-strlen.o)
                0x0000000020010260                strlen
 .text          0x0000000020010272      0x1e4 d:/freedomstudio-4.7.2/sifive/toolchain/riscv64-unknown-elf-gcc-8.2.0-2019.02.0/bin/../lib/gcc/riscv64-unknown-elf/8.2.0/../../../../riscv64-unknown-elf/lib/rv32imac/ilp32\libc.a(lib_a-findfp.o)
                0x00000000200102e0                _cleanup_r
                0x00000000200102ee                __sfmoreglue
                0x0000000020010334                _cleanup
                0x000000002001033c                __sinit
                0x000000002001038a                __sfp
                0x0000000020010426                __sfp_lock_acquire
                0x0000000020010428                __sfp_lock_release
                0x000000002001042a                __sinit_lock_acquire
                0x000000002001042c                __sinit_lock_release
                0x000000002001042e                __fp_lock_all
                0x0000000020010442                __fp_unlock_all
 .text          0x0000000020010456      0x2dc d:/freedomstudio-4.7.2/sifive/toolchain/riscv64-unknown-elf-gcc-8.2.0-2019.02.0/bin/../lib/gcc/riscv64-unknown-elf/8.2.0/../../../../riscv64-unknown-elf/lib/rv32imac/ilp32\libc.a(lib_a-fvwrite.o)
                0x0000000020010456                __sfvwrite_r
 .text          0x0000000020010732       0xce d:/freedomstudio-4.7.2/sifive/toolchain/riscv64-unknown-elf-gcc-8.2.0-2019.02.0/bin/../lib/gcc/riscv64-unknown-elf/8.2.0/../../../../riscv64-unknown-elf/lib/rv32imac/ilp32\libc.a(lib_a-fwalk.o)
                0x0000000020010732                _fwalk
                0x0000000020010794                _fwalk_reent
 .text          0x0000000020010800      0x50c d:/freedomstudio-4.7.2/sifive/toolchain/riscv64-unknown-elf-gcc-8.2.0-2019.02.0/bin/../lib/gcc/riscv64-unknown-elf/8.2.0/../../../../riscv64-unknown-elf/lib/rv32imac/ilp32\libc.a(lib_a-mallocr.o)
                0x0000000020010800                _malloc_r
 .text          0x0000000020010d0c       0x1a d:/freedomstudio-4.7.2/sifive/toolchain/riscv64-unknown-elf-gcc-8.2.0-2019.02.0/bin/../lib/gcc/riscv64-unknown-elf/8.2.0/../../../../riscv64-unknown-elf/lib/rv32imac/ilp32\libc.a(lib_a-memchr.o)
                0x0000000020010d0c                memchr
 .text          0x0000000020010d26       0xb6 d:/freedomstudio-4.7.2/sifive/toolchain/riscv64-unknown-elf-gcc-8.2.0-2019.02.0/bin/../lib/gcc/riscv64-unknown-elf/8.2.0/../../../../riscv64-unknown-elf/lib/rv32imac/ilp32\libc.a(lib_a-memcpy.o)
                0x0000000020010d26                memcpy
 .text          0x0000000020010ddc       0x4a d:/freedomstudio-4.7.2/sifive/toolchain/riscv64-unknown-elf-gcc-8.2.0-2019.02.0/bin/../lib/gcc/riscv64-unknown-elf/8.2.0/../../../../riscv64-unknown-elf/lib/rv32imac/ilp32\libc.a(lib_a-memmove.o)
                0x0000000020010ddc                memmove
 .text          0x0000000020010e26       0xa8 d:/freedomstudio-4.7.2/sifive/toolchain/riscv64-unknown-elf-gcc-8.2.0-2019.02.0/bin/../lib/gcc/riscv64-unknown-elf/8.2.0/../../../../riscv64-unknown-elf/lib/rv32imac/ilp32\libc.a(lib_a-memset.o)
                0x0000000020010e26                memset
 .text          0x0000000020010ece        0x4 d:/freedomstudio-4.7.2/sifive/toolchain/riscv64-unknown-elf-gcc-8.2.0-2019.02.0/bin/../lib/gcc/riscv64-unknown-elf/8.2.0/../../../../riscv64-unknown-elf/lib/rv32imac/ilp32\libc.a(lib_a-mlock.o)
                0x0000000020010ece                __malloc_lock
                0x0000000020010ed0                __malloc_unlock
 .text          0x0000000020010ed2      0x38a d:/freedomstudio-4.7.2/sifive/toolchain/riscv64-unknown-elf-gcc-8.2.0-2019.02.0/bin/../lib/gcc/riscv64-unknown-elf/8.2.0/../../../../riscv64-unknown-elf/lib/rv32imac/ilp32\libc.a(lib_a-reallocr.o)
                0x0000000020010ed2                _realloc_r
 .text          0x000000002001125c       0x32 d:/freedomstudio-4.7.2/sifive/toolchain/riscv64-unknown-elf-gcc-8.2.0-2019.02.0/bin/../lib/gcc/riscv64-unknown-elf/8.2.0/../../../../riscv64-unknown-elf/lib/rv32imac/ilp32\libc.a(lib_a-sbrkr.o)
                0x000000002001125c                _sbrk_r
 .text          0x000000002001128e       0xc0 d:/freedomstudio-4.7.2/sifive/toolchain/riscv64-unknown-elf-gcc-8.2.0-2019.02.0/bin/../lib/gcc/riscv64-unknown-elf/8.2.0/../../../../riscv64-unknown-elf/lib/rv32imac/ilp32\libc.a(lib_a-stdio.o)
                0x000000002001128e                __sread
                0x00000000200112c0                __seofread
                0x00000000200112c4                __swrite
                0x0000000020011312                __sseek
                0x0000000020011348                __sclose
 .text          0x000000002001134e       0x36 d:/freedomstudio-4.7.2/sifive/toolchain/riscv64-unknown-elf-gcc-8.2.0-2019.02.0/bin/../lib/gcc/riscv64-unknown-elf/8.2.0/../../../../riscv64-unknown-elf/lib/rv32imac/ilp32\libc.a(lib_a-writer.o)
                0x000000002001134e                _write_r
 .text          0x0000000020011384       0xdc d:/freedomstudio-4.7.2/sifive/toolchain/riscv64-unknown-elf-gcc-8.2.0-2019.02.0/bin/../lib/gcc/riscv64-unknown-elf/8.2.0/../../../../riscv64-unknown-elf/lib/rv32imac/ilp32\libc.a(lib_a-wsetup.o)
                0x0000000020011384                __swsetup_r
 .text          0x0000000020011460       0x30 d:/freedomstudio-4.7.2/sifive/toolchain/riscv64-unknown-elf-gcc-8.2.0-2019.02.0/bin/../lib/gcc/riscv64-unknown-elf/8.2.0/../../../../riscv64-unknown-elf/lib/rv32imac/ilp32\libc.a(lib_a-closer.o)
                0x0000000020011460                _close_r
 .text          0x0000000020011490       0x94 d:/freedomstudio-4.7.2/sifive/toolchain/riscv64-unknown-elf-gcc-8.2.0-2019.02.0/bin/../lib/gcc/riscv64-unknown-elf/8.2.0/../../../../riscv64-unknown-elf/lib/rv32imac/ilp32\libc.a(lib_a-fclose.o)
                0x0000000020011490                _fclose_r
                0x0000000020011516                fclose
 .text          0x0000000020011524      0x1ac d:/freedomstudio-4.7.2/sifive/toolchain/riscv64-unknown-elf-gcc-8.2.0-2019.02.0/bin/../lib/gcc/riscv64-unknown-elf/8.2.0/../../../../riscv64-unknown-elf/lib/rv32imac/ilp32\libc.a(lib_a-fflush.o)
                0x0000000020011524                __sflush_r
                0x000000002001167e                _fflush_r
                0x00000000200116ae                fflush
 .text          0x00000000200116d0      0x29a d:/freedomstudio-4.7.2/sifive/toolchain/riscv64-unknown-elf-gcc-8.2.0-2019.02.0/bin/../lib/gcc/riscv64-unknown-elf/8.2.0/../../../../riscv64-unknown-elf/lib/rv32imac/ilp32\libc.a(lib_a-freer.o)
                0x00000000200116d0                _malloc_trim_r
                0x000000002001179a                _free_r
 .text          0x000000002001196a       0x34 d:/freedomstudio-4.7.2/sifive/toolchain/riscv64-unknown-elf-gcc-8.2.0-2019.02.0/bin/../lib/gcc/riscv64-unknown-elf/8.2.0/../../../../riscv64-unknown-elf/lib/rv32imac/ilp32\libc.a(lib_a-lseekr.o)
                0x000000002001196a                _lseek_r
 .text          0x000000002001199e      0x102 d:/freedomstudio-4.7.2/sifive/toolchain/riscv64-unknown-elf-gcc-8.2.0-2019.02.0/bin/../lib/gcc/riscv64-unknown-elf/8.2.0/../../../../riscv64-unknown-elf/lib/rv32imac/ilp32\libc.a(lib_a-makebuf.o)
                0x000000002001199e                __swhatbuf_r
                0x0000000020011a02                __smakebuf_r
 .text          0x0000000020011aa0       0x34 d:/freedomstudio-4.7.2/sifive/toolchain/riscv64-unknown-elf-gcc-8.2.0-2019.02.0/bin/../lib/gcc/riscv64-unknown-elf/8.2.0/../../../../riscv64-unknown-elf/lib/rv32imac/ilp32\libc.a(lib_a-readr.o)
                0x0000000020011aa0                _read_r
 .text          0x0000000020011ad4       0x32 d:/freedomstudio-4.7.2/sifive/toolchain/riscv64-unknown-elf-gcc-8.2.0-2019.02.0/bin/../lib/gcc/riscv64-unknown-elf/8.2.0/../../../../riscv64-unknown-elf/lib/rv32imac/ilp32\libc.a(lib_a-fstatr.o)
                0x0000000020011ad4                _fstat_r
 .text          0x0000000020011b06       0x30 d:/freedomstudio-4.7.2/sifive/toolchain/riscv64-unknown-elf-gcc-8.2.0-2019.02.0/bin/../lib/gcc/riscv64-unknown-elf/8.2.0/../../../../riscv64-unknown-elf/lib/rv32imac/ilp32\libc.a(lib_a-isattyr.o)
                0x0000000020011b06                _isatty_r
 *fill*         0x0000000020011b36        0x2 
 .text.metal.init.trapvec
                0x0000000020011b38        0x2 C:/Users/miyazaki/wsFreedomStudio/sample/bsp/install/lib/debug/\libmetal.a(libriscv__mmachine___a-entry.o)
 .text._close   0x0000000020011b3a       0x22 C:/Users/miyazaki/wsFreedomStudio/sample/bsp/install/lib/debug/\libmetal-gloss.a(sys_close.o)
                0x0000000020011b3a                _close
 .text._fstat   0x0000000020011b5c       0x26 C:/Users/miyazaki/wsFreedomStudio/sample/bsp/install/lib/debug/\libmetal-gloss.a(sys_fstat.o)
                0x0000000020011b5c                _fstat
 .text._isatty  0x0000000020011b82       0x20 C:/Users/miyazaki/wsFreedomStudio/sample/bsp/install/lib/debug/\libmetal-gloss.a(sys_isatty.o)
                0x0000000020011b82                _isatty
 .text._lseek   0x0000000020011ba2       0x2a C:/Users/miyazaki/wsFreedomStudio/sample/bsp/install/lib/debug/\libmetal-gloss.a(sys_lseek.o)
                0x0000000020011ba2                _lseek
 .text._read    0x0000000020011bcc       0x2a C:/Users/miyazaki/wsFreedomStudio/sample/bsp/install/lib/debug/\libmetal-gloss.a(sys_read.o)
                0x0000000020011bcc                _read
 .text._sbrk    0x0000000020011bf6       0x64 C:/Users/miyazaki/wsFreedomStudio/sample/bsp/install/lib/debug/\libmetal-gloss.a(sys_sbrk.o)
                0x0000000020011bf6                _sbrk
 .text._write   0x0000000020011c5a       0x6e C:/Users/miyazaki/wsFreedomStudio/sample/bsp/install/lib/debug/\libmetal-gloss.a(sys_write.o)
                0x0000000020011c5a                _write
 .text          0x0000000020011cc8        0xa d:/freedomstudio-4.7.2/sifive/toolchain/riscv64-unknown-elf-gcc-8.2.0-2019.02.0/bin/../lib/gcc/riscv64-unknown-elf/8.2.0/../../../../riscv64-unknown-elf/lib/rv32imac/ilp32\libc.a(lib_a-atexit.o)
                0x0000000020011cc8                atexit
 .text          0x0000000020011cd2        0xc d:/freedomstudio-4.7.2/sifive/toolchain/riscv64-unknown-elf-gcc-8.2.0-2019.02.0/bin/../lib/gcc/riscv64-unknown-elf/8.2.0/../../../../riscv64-unknown-elf/lib/rv32imac/ilp32\libc.a(lib_a-errno.o)
                0x0000000020011cd2                __errno
 .text          0x0000000020011cde       0x1e d:/freedomstudio-4.7.2/sifive/toolchain/riscv64-unknown-elf-gcc-8.2.0-2019.02.0/bin/../lib/gcc/riscv64-unknown-elf/8.2.0/../../../../riscv64-unknown-elf/lib/rv32imac/ilp32\libc.a(lib_a-exit.o)
                0x0000000020011cde                exit
 .text          0x0000000020011cfc       0x3a d:/freedomstudio-4.7.2/sifive/toolchain/riscv64-unknown-elf-gcc-8.2.0-2019.02.0/bin/../lib/gcc/riscv64-unknown-elf/8.2.0/../../../../riscv64-unknown-elf/lib/rv32imac/ilp32\libc.a(lib_a-fini.o)
                0x0000000020011cfc                __libc_fini_array
 .text          0x0000000020011d36       0x6e d:/freedomstudio-4.7.2/sifive/toolchain/riscv64-unknown-elf-gcc-8.2.0-2019.02.0/bin/../lib/gcc/riscv64-unknown-elf/8.2.0/../../../../riscv64-unknown-elf/lib/rv32imac/ilp32\libc.a(lib_a-init.o)
                0x0000000020011d36                __libc_init_array
 .text          0x0000000020011da4       0x62 d:/freedomstudio-4.7.2/sifive/toolchain/riscv64-unknown-elf-gcc-8.2.0-2019.02.0/bin/../lib/gcc/riscv64-unknown-elf/8.2.0/../../../../riscv64-unknown-elf/lib/rv32imac/ilp32\libc.a(lib_a-__atexit.o)
                0x0000000020011da4                __register_exitproc
 .text          0x0000000020011e06       0xae d:/freedomstudio-4.7.2/sifive/toolchain/riscv64-unknown-elf-gcc-8.2.0-2019.02.0/bin/../lib/gcc/riscv64-unknown-elf/8.2.0/../../../../riscv64-unknown-elf/lib/rv32imac/ilp32\libc.a(lib_a-__call_atexit.o)
                0x0000000020011e06                __call_exitprocs
 .text.metal_tty_putc
                0x0000000020011eb4       0x50 C:/Users/miyazaki/wsFreedomStudio/sample/bsp/install/lib/debug/\libmetal.a(libriscv__mmachine___a-tty.o)
                0x0000000020011eb4                metal_tty_putc
 .text.metal_tty_init
                0x0000000020011f04       0x22 C:/Users/miyazaki/wsFreedomStudio/sample/bsp/install/lib/debug/\libmetal.a(libriscv__mmachine___a-tty.o)
 .text.metal_uart_init
                0x0000000020011f26       0x2a C:/Users/miyazaki/wsFreedomStudio/sample/bsp/install/lib/debug/\libmetal.a(libriscv__mmachine___a-uart.o)
                0x0000000020011f26                metal_uart_init
 .text.metal_uart_putc
                0x0000000020011f50       0x32 C:/Users/miyazaki/wsFreedomStudio/sample/bsp/install/lib/debug/\libmetal.a(libriscv__mmachine___a-uart.o)
                0x0000000020011f50                metal_uart_putc
 .text.metal_uart_set_baud_rate
                0x0000000020011f82       0x2e C:/Users/miyazaki/wsFreedomStudio/sample/bsp/install/lib/debug/\libmetal.a(libriscv__mmachine___a-uart.o)
                0x0000000020011f82                metal_uart_set_baud_rate
 .text.__metal_driver_fixed_clock_get_rate_hz
                0x0000000020011fb0       0x20 C:/Users/miyazaki/wsFreedomStudio/sample/bsp/install/lib/debug/\libmetal.a(libriscv__mmachine___a-fixed-clock.o)
                0x0000000020011fb0                __metal_driver_fixed_clock_get_rate_hz
 .text.__metal_driver_fixed_clock_set_rate_hz
                0x0000000020011fd0       0x22 C:/Users/miyazaki/wsFreedomStudio/sample/bsp/install/lib/debug/\libmetal.a(libriscv__mmachine___a-fixed-clock.o)
                0x0000000020011fd0                __metal_driver_fixed_clock_set_rate_hz
 .text.__metal_clint0_mtime_get
                0x0000000020011ff2       0x76 C:/Users/miyazaki/wsFreedomStudio/sample/bsp/install/lib/debug/\libmetal.a(libriscv__mmachine___a-riscv,clint0.o)
                0x0000000020011ff2                __metal_clint0_mtime_get
 .text.__metal_clint0_mtime_set
                0x0000000020012068       0x58 C:/Users/miyazaki/wsFreedomStudio/sample/bsp/install/lib/debug/\libmetal.a(libriscv__mmachine___a-riscv,clint0.o)
                0x0000000020012068                __metal_clint0_mtime_set
 .text.__metal_driver_riscv_clint0_init
                0x00000000200120c0       0x7e C:/Users/miyazaki/wsFreedomStudio/sample/bsp/install/lib/debug/\libmetal.a(libriscv__mmachine___a-riscv,clint0.o)
                0x00000000200120c0                __metal_driver_riscv_clint0_init
 .text.__metal_driver_riscv_clint0_register
                0x000000002001213e       0x62 C:/Users/miyazaki/wsFreedomStudio/sample/bsp/install/lib/debug/\libmetal.a(libriscv__mmachine___a-riscv,clint0.o)
                0x000000002001213e                __metal_driver_riscv_clint0_register
 .text.__metal_driver_riscv_clint0_enable
                0x00000000200121a0       0x56 C:/Users/miyazaki/wsFreedomStudio/sample/bsp/install/lib/debug/\libmetal.a(libriscv__mmachine___a-riscv,clint0.o)
                0x00000000200121a0                __metal_driver_riscv_clint0_enable
 .text.__metal_driver_riscv_clint0_disable
                0x00000000200121f6       0x56 C:/Users/miyazaki/wsFreedomStudio/sample/bsp/install/lib/debug/\libmetal.a(libriscv__mmachine___a-riscv,clint0.o)
                0x00000000200121f6                __metal_driver_riscv_clint0_disable
 .text.__metal_driver_riscv_clint0_command_request
                0x000000002001224c      0x122 C:/Users/miyazaki/wsFreedomStudio/sample/bsp/install/lib/debug/\libmetal.a(libriscv__mmachine___a-riscv,clint0.o)
                0x000000002001224c                __metal_driver_riscv_clint0_command_request
 .text.__metal_driver_cpu_get
                0x000000002001236e       0x2c C:/Users/miyazaki/wsFreedomStudio/sample/bsp/install/lib/debug/\libmetal.a(libriscv__mmachine___a-riscv,cpu.o)
                0x000000002001236e                __metal_driver_cpu_get
 .text.__metal_myhart_id
                0x000000002001239a       0x1a C:/Users/miyazaki/wsFreedomStudio/sample/bsp/install/lib/debug/\libmetal.a(libriscv__mmachine___a-riscv,cpu.o)
                0x000000002001239a                __metal_myhart_id
 .text.__metal_interrupt_global_enable
                0x00000000200123b4       0x18 C:/Users/miyazaki/wsFreedomStudio/sample/bsp/install/lib/debug/\libmetal.a(libriscv__mmachine___a-riscv,cpu.o)
                0x00000000200123b4                __metal_interrupt_global_enable
 .text.__metal_interrupt_global_disable
                0x00000000200123cc       0x18 C:/Users/miyazaki/wsFreedomStudio/sample/bsp/install/lib/debug/\libmetal.a(libriscv__mmachine___a-riscv,cpu.o)
                0x00000000200123cc                __metal_interrupt_global_disable
 .text.__metal_interrupt_software_enable
                0x00000000200123e4       0x18 C:/Users/miyazaki/wsFreedomStudio/sample/bsp/install/lib/debug/\libmetal.a(libriscv__mmachine___a-riscv,cpu.o)
                0x00000000200123e4                __metal_interrupt_software_enable
 .text.__metal_interrupt_software_disable
                0x00000000200123fc       0x18 C:/Users/miyazaki/wsFreedomStudio/sample/bsp/install/lib/debug/\libmetal.a(libriscv__mmachine___a-riscv,cpu.o)
                0x00000000200123fc                __metal_interrupt_software_disable
 .text.__metal_interrupt_timer_enable
                0x0000000020012414       0x1a C:/Users/miyazaki/wsFreedomStudio/sample/bsp/install/lib/debug/\libmetal.a(libriscv__mmachine___a-riscv,cpu.o)
                0x0000000020012414                __metal_interrupt_timer_enable
 .text.__metal_interrupt_timer_disable
                0x000000002001242e       0x1a C:/Users/miyazaki/wsFreedomStudio/sample/bsp/install/lib/debug/\libmetal.a(libriscv__mmachine___a-riscv,cpu.o)
                0x000000002001242e                __metal_interrupt_timer_disable
 .text.__metal_interrupt_external_enable
                0x0000000020012448       0x1c C:/Users/miyazaki/wsFreedomStudio/sample/bsp/install/lib/debug/\libmetal.a(libriscv__mmachine___a-riscv,cpu.o)
                0x0000000020012448                __metal_interrupt_external_enable
 .text.__metal_interrupt_external_disable
                0x0000000020012464       0x1c C:/Users/miyazaki/wsFreedomStudio/sample/bsp/install/lib/debug/\libmetal.a(libriscv__mmachine___a-riscv,cpu.o)
                0x0000000020012464                __metal_interrupt_external_disable
 .text.__metal_interrupt_local_enable
                0x0000000020012480       0x2c C:/Users/miyazaki/wsFreedomStudio/sample/bsp/install/lib/debug/\libmetal.a(libriscv__mmachine___a-riscv,cpu.o)
                0x0000000020012480                __metal_interrupt_local_enable
 .text.__metal_interrupt_local_disable
                0x00000000200124ac       0x2c C:/Users/miyazaki/wsFreedomStudio/sample/bsp/install/lib/debug/\libmetal.a(libriscv__mmachine___a-riscv,cpu.o)
                0x00000000200124ac                __metal_interrupt_local_disable
 .text.__metal_default_exception_handler
                0x00000000200124d8       0x18 C:/Users/miyazaki/wsFreedomStudio/sample/bsp/install/lib/debug/\libmetal.a(libriscv__mmachine___a-riscv,cpu.o)
                0x00000000200124d8                __metal_default_exception_handler
 .text.__metal_default_interrupt_handler
                0x00000000200124f0       0x18 C:/Users/miyazaki/wsFreedomStudio/sample/bsp/install/lib/debug/\libmetal.a(libriscv__mmachine___a-riscv,cpu.o)
                0x00000000200124f0                __metal_default_interrupt_handler
 .text.__metal_default_sw_handler
                0x0000000020012508       0x64 C:/Users/miyazaki/wsFreedomStudio/sample/bsp/install/lib/debug/\libmetal.a(libriscv__mmachine___a-riscv,cpu.o)
                0x0000000020012508                __metal_default_sw_handler
 .text.__metal_default_timer_handler
                0x000000002001256c       0x66 C:/Users/miyazaki/wsFreedomStudio/sample/bsp/install/lib/debug/\libmetal.a(libriscv__mmachine___a-riscv,cpu.o)
                0x000000002001256c                __metal_default_timer_handler
 *fill*         0x00000000200125d2       0x2e 
 .text.__metal_exception_handler
                0x0000000020012600      0x178 C:/Users/miyazaki/wsFreedomStudio/sample/bsp/install/lib/debug/\libmetal.a(libriscv__mmachine___a-riscv,cpu.o)
                0x0000000020012600                __metal_exception_handler
 .text.__metal_controller_interrupt_vector
                0x0000000020012778       0xa6 C:/Users/miyazaki/wsFreedomStudio/sample/bsp/install/lib/debug/\libmetal.a(libriscv__mmachine___a-riscv,cpu.o)
                0x0000000020012778                __metal_controller_interrupt_vector
 .text.__metal_valid_interrupt_id
                0x000000002001281e       0x38 C:/Users/miyazaki/wsFreedomStudio/sample/bsp/install/lib/debug/\libmetal.a(libriscv__mmachine___a-riscv,cpu.o)
                0x000000002001281e                __metal_valid_interrupt_id
 .text.__metal_local_interrupt_enable
                0x0000000020012856       0xa2 C:/Users/miyazaki/wsFreedomStudio/sample/bsp/install/lib/debug/\libmetal.a(libriscv__mmachine___a-riscv,cpu.o)
                0x0000000020012856                __metal_local_interrupt_enable
 .text.__metal_exception_register
                0x00000000200128f8       0x4e C:/Users/miyazaki/wsFreedomStudio/sample/bsp/install/lib/debug/\libmetal.a(libriscv__mmachine___a-riscv,cpu.o)
                0x00000000200128f8                __metal_exception_register
 .text.__metal_driver_riscv_cpu_controller_interrupt_init
                0x0000000020012946       0xf4 C:/Users/miyazaki/wsFreedomStudio/sample/bsp/install/lib/debug/\libmetal.a(libriscv__mmachine___a-riscv,cpu.o)
                0x0000000020012946                __metal_driver_riscv_cpu_controller_interrupt_init
 .text.__metal_driver_riscv_cpu_controller_interrupt_register
                0x0000000020012a3a      0x148 C:/Users/miyazaki/wsFreedomStudio/sample/bsp/install/lib/debug/\libmetal.a(libriscv__mmachine___a-riscv,cpu.o)
                0x0000000020012a3a                __metal_driver_riscv_cpu_controller_interrupt_register
 .text.__metal_driver_riscv_cpu_controller_interrupt_enable
                0x0000000020012b82       0x2a C:/Users/miyazaki/wsFreedomStudio/sample/bsp/install/lib/debug/\libmetal.a(libriscv__mmachine___a-riscv,cpu.o)
                0x0000000020012b82                __metal_driver_riscv_cpu_controller_interrupt_enable
 .text.__metal_driver_riscv_cpu_controller_interrupt_disable
                0x0000000020012bac       0x2a C:/Users/miyazaki/wsFreedomStudio/sample/bsp/install/lib/debug/\libmetal.a(libriscv__mmachine___a-riscv,cpu.o)
                0x0000000020012bac                __metal_driver_riscv_cpu_controller_interrupt_disable
 .text.__metal_driver_riscv_cpu_controller_interrupt_enable_vector
                0x0000000020012bd6       0x62 C:/Users/miyazaki/wsFreedomStudio/sample/bsp/install/lib/debug/\libmetal.a(libriscv__mmachine___a-riscv,cpu.o)
                0x0000000020012bd6                __metal_driver_riscv_cpu_controller_interrupt_enable_vector
 .text.__metal_driver_riscv_cpu_controller_interrupt_disable_vector
                0x0000000020012c38       0x3a C:/Users/miyazaki/wsFreedomStudio/sample/bsp/install/lib/debug/\libmetal.a(libriscv__mmachine___a-riscv,cpu.o)
                0x0000000020012c38                __metal_driver_riscv_cpu_controller_interrupt_disable_vector
 .text.__metal_driver_riscv_cpu_controller_command_request
                0x0000000020012c72       0x1c C:/Users/miyazaki/wsFreedomStudio/sample/bsp/install/lib/debug/\libmetal.a(libriscv__mmachine___a-riscv,cpu.o)
                0x0000000020012c72                __metal_driver_riscv_cpu_controller_command_request
 .text.__metal_driver_cpu_timer_get
                0x0000000020012c8e       0x72 C:/Users/miyazaki/wsFreedomStudio/sample/bsp/install/lib/debug/\libmetal.a(libriscv__mmachine___a-riscv,cpu.o)
                0x0000000020012c8e                __metal_driver_cpu_timer_get
 .text.__metal_driver_cpu_timebase_get
                0x0000000020012d00       0x34 C:/Users/miyazaki/wsFreedomStudio/sample/bsp/install/lib/debug/\libmetal.a(libriscv__mmachine___a-riscv,cpu.o)
                0x0000000020012d00                __metal_driver_cpu_timebase_get
 .text.__metal_driver_cpu_mtime_get
                0x0000000020012d34       0x6e C:/Users/miyazaki/wsFreedomStudio/sample/bsp/install/lib/debug/\libmetal.a(libriscv__mmachine___a-riscv,cpu.o)
                0x0000000020012d34                __metal_driver_cpu_mtime_get
 .text.__metal_driver_cpu_mtimecmp_set
                0x0000000020012da2       0x6e C:/Users/miyazaki/wsFreedomStudio/sample/bsp/install/lib/debug/\libmetal.a(libriscv__mmachine___a-riscv,cpu.o)
                0x0000000020012da2                __metal_driver_cpu_mtimecmp_set
 .text.__metal_driver_cpu_timer_controller_interrupt
                0x0000000020012e10       0x1a C:/Users/miyazaki/wsFreedomStudio/sample/bsp/install/lib/debug/\libmetal.a(libriscv__mmachine___a-riscv,cpu.o)
                0x0000000020012e10                __metal_driver_cpu_timer_controller_interrupt
 .text.__metal_driver_cpu_get_timer_interrupt_id
                0x0000000020012e2a       0x14 C:/Users/miyazaki/wsFreedomStudio/sample/bsp/install/lib/debug/\libmetal.a(libriscv__mmachine___a-riscv,cpu.o)
                0x0000000020012e2a                __metal_driver_cpu_get_timer_interrupt_id
 .text.__metal_driver_cpu_sw_controller_interrupt
                0x0000000020012e3e       0x1a C:/Users/miyazaki/wsFreedomStudio/sample/bsp/install/lib/debug/\libmetal.a(libriscv__mmachine___a-riscv,cpu.o)
                0x0000000020012e3e                __metal_driver_cpu_sw_controller_interrupt
 .text.__metal_driver_cpu_get_sw_interrupt_id
                0x0000000020012e58       0x14 C:/Users/miyazaki/wsFreedomStudio/sample/bsp/install/lib/debug/\libmetal.a(libriscv__mmachine___a-riscv,cpu.o)
                0x0000000020012e58                __metal_driver_cpu_get_sw_interrupt_id
 .text.__metal_driver_cpu_set_sw_ipi
                0x0000000020012e6c       0x6a C:/Users/miyazaki/wsFreedomStudio/sample/bsp/install/lib/debug/\libmetal.a(libriscv__mmachine___a-riscv,cpu.o)
                0x0000000020012e6c                __metal_driver_cpu_set_sw_ipi
 .text.__metal_driver_cpu_clear_sw_ipi
                0x0000000020012ed6       0x6a C:/Users/miyazaki/wsFreedomStudio/sample/bsp/install/lib/debug/\libmetal.a(libriscv__mmachine___a-riscv,cpu.o)
                0x0000000020012ed6                __metal_driver_cpu_clear_sw_ipi
 .text.__metal_driver_cpu_get_msip
                0x0000000020012f40       0x68 C:/Users/miyazaki/wsFreedomStudio/sample/bsp/install/lib/debug/\libmetal.a(libriscv__mmachine___a-riscv,cpu.o)
                0x0000000020012f40                __metal_driver_cpu_get_msip
 .text.__metal_driver_cpu_controller_interrupt
                0x0000000020012fa8       0x20 C:/Users/miyazaki/wsFreedomStudio/sample/bsp/install/lib/debug/\libmetal.a(libriscv__mmachine___a-riscv,cpu.o)
                0x0000000020012fa8                __metal_driver_cpu_controller_interrupt
 .text.__metal_driver_cpu_exception_register
                0x0000000020012fc8       0x48 C:/Users/miyazaki/wsFreedomStudio/sample/bsp/install/lib/debug/\libmetal.a(libriscv__mmachine___a-riscv,cpu.o)
                0x0000000020012fc8                __metal_driver_cpu_exception_register
 .text.__metal_driver_cpu_get_instruction_length
                0x0000000020013010       0x28 C:/Users/miyazaki/wsFreedomStudio/sample/bsp/install/lib/debug/\libmetal.a(libriscv__mmachine___a-riscv,cpu.o)
                0x0000000020013010                __metal_driver_cpu_get_instruction_length
 .text.__metal_driver_cpu_get_exception_pc
                0x0000000020013038       0x1e C:/Users/miyazaki/wsFreedomStudio/sample/bsp/install/lib/debug/\libmetal.a(libriscv__mmachine___a-riscv,cpu.o)
                0x0000000020013038                __metal_driver_cpu_get_exception_pc
 .text.__metal_driver_cpu_set_exception_pc
                0x0000000020013056       0x20 C:/Users/miyazaki/wsFreedomStudio/sample/bsp/install/lib/debug/\libmetal.a(libriscv__mmachine___a-riscv,cpu.o)
                0x0000000020013056                __metal_driver_cpu_set_exception_pc
 .text.__metal_plic0_claim_interrupt
                0x0000000020013076       0x22 C:/Users/miyazaki/wsFreedomStudio/sample/bsp/install/lib/debug/\libmetal.a(libriscv__mmachine___a-riscv,plic0.o)
                0x0000000020013076                __metal_plic0_claim_interrupt
 .text.__metal_plic0_complete_interrupt
                0x0000000020013098       0x2c C:/Users/miyazaki/wsFreedomStudio/sample/bsp/install/lib/debug/\libmetal.a(libriscv__mmachine___a-riscv,plic0.o)
                0x0000000020013098                __metal_plic0_complete_interrupt
 .text.__metal_plic0_set_threshold
                0x00000000200130c4       0x2a C:/Users/miyazaki/wsFreedomStudio/sample/bsp/install/lib/debug/\libmetal.a(libriscv__mmachine___a-riscv,plic0.o)
                0x00000000200130c4                __metal_plic0_set_threshold
 .text.__metal_plic0_set_priority
                0x00000000200130ee       0x48 C:/Users/miyazaki/wsFreedomStudio/sample/bsp/install/lib/debug/\libmetal.a(libriscv__mmachine___a-riscv,plic0.o)
                0x00000000200130ee                __metal_plic0_set_priority
 .text.__metal_plic0_enable
                0x0000000020013136       0x8a C:/Users/miyazaki/wsFreedomStudio/sample/bsp/install/lib/debug/\libmetal.a(libriscv__mmachine___a-riscv,plic0.o)
                0x0000000020013136                __metal_plic0_enable
 .text.__metal_plic0_default_handler
                0x00000000200131c0       0x18 C:/Users/miyazaki/wsFreedomStudio/sample/bsp/install/lib/debug/\libmetal.a(libriscv__mmachine___a-riscv,plic0.o)
                0x00000000200131c0                __metal_plic0_default_handler
 .text.__metal_plic0_handler
                0x00000000200131d8       0x8a C:/Users/miyazaki/wsFreedomStudio/sample/bsp/install/lib/debug/\libmetal.a(libriscv__mmachine___a-riscv,plic0.o)
                0x00000000200131d8                __metal_plic0_handler
 .text.__metal_driver_riscv_plic0_init
                0x0000000020013262      0x11a C:/Users/miyazaki/wsFreedomStudio/sample/bsp/install/lib/debug/\libmetal.a(libriscv__mmachine___a-riscv,plic0.o)
                0x0000000020013262                __metal_driver_riscv_plic0_init
 .text.__metal_driver_riscv_plic0_register
                0x000000002001337c       0xbe C:/Users/miyazaki/wsFreedomStudio/sample/bsp/install/lib/debug/\libmetal.a(libriscv__mmachine___a-riscv,plic0.o)
                0x000000002001337c                __metal_driver_riscv_plic0_register
 .text.__metal_driver_riscv_plic0_enable
                0x000000002001343a       0x42 C:/Users/miyazaki/wsFreedomStudio/sample/bsp/install/lib/debug/\libmetal.a(libriscv__mmachine___a-riscv,plic0.o)
                0x000000002001343a                __metal_driver_riscv_plic0_enable
 .text.__metal_driver_riscv_plic0_disable
                0x000000002001347c       0x42 C:/Users/miyazaki/wsFreedomStudio/sample/bsp/install/lib/debug/\libmetal.a(libriscv__mmachine___a-riscv,plic0.o)
                0x000000002001347c                __metal_driver_riscv_plic0_disable
 .text.__metal_driver_sifive_fe310_g000_hfrosc_get_rate_hz
                0x00000000200134be       0x5c C:/Users/miyazaki/wsFreedomStudio/sample/bsp/install/lib/debug/\libmetal.a(libriscv__mmachine___a-sifive,fe310-g000,hfrosc.o)
                0x00000000200134be                __metal_driver_sifive_fe310_g000_hfrosc_get_rate_hz
 .text.__metal_driver_sifive_fe310_g000_hfrosc_set_rate_hz
                0x000000002001351a       0x22 C:/Users/miyazaki/wsFreedomStudio/sample/bsp/install/lib/debug/\libmetal.a(libriscv__mmachine___a-sifive,fe310-g000,hfrosc.o)
                0x000000002001351a                __metal_driver_sifive_fe310_g000_hfrosc_set_rate_hz
 .text.__metal_driver_sifive_fe310_g000_hfxosc_get_rate_hz
                0x000000002001353c       0x4c C:/Users/miyazaki/wsFreedomStudio/sample/bsp/install/lib/debug/\libmetal.a(libriscv__mmachine___a-sifive,fe310-g000,hfxosc.o)
                0x000000002001353c                __metal_driver_sifive_fe310_g000_hfxosc_get_rate_hz
 .text.__metal_driver_sifive_fe310_g000_hfxosc_set_rate_hz
                0x0000000020013588       0x22 C:/Users/miyazaki/wsFreedomStudio/sample/bsp/install/lib/debug/\libmetal.a(libriscv__mmachine___a-sifive,fe310-g000,hfxosc.o)
                0x0000000020013588                __metal_driver_sifive_fe310_g000_hfxosc_set_rate_hz
 .text.get_pll_config_freq
                0x00000000200135aa       0x4e C:/Users/miyazaki/wsFreedomStudio/sample/bsp/install/lib/debug/\libmetal.a(libriscv__mmachine___a-sifive,fe310-g000,pll.o)
 .text.metal_sifive_fe310_g000_pll_init
                0x00000000200135f8       0x28 C:/Users/miyazaki/wsFreedomStudio/sample/bsp/install/lib/debug/\libmetal.a(libriscv__mmachine___a-sifive,fe310-g000,pll.o)
 .text.__metal_driver_sifive_fe310_g000_pll_init
                0x0000000020013620       0xaa C:/Users/miyazaki/wsFreedomStudio/sample/bsp/install/lib/debug/\libmetal.a(libriscv__mmachine___a-sifive,fe310-g000,pll.o)
                0x0000000020013620                __metal_driver_sifive_fe310_g000_pll_init
 .text.__metal_driver_sifive_fe310_g000_pll_get_rate_hz
                0x00000000200136ca      0x156 C:/Users/miyazaki/wsFreedomStudio/sample/bsp/install/lib/debug/\libmetal.a(libriscv__mmachine___a-sifive,fe310-g000,pll.o)
                0x00000000200136ca                __metal_driver_sifive_fe310_g000_pll_get_rate_hz
 .text.find_closest_config
                0x0000000020013820       0xa8 C:/Users/miyazaki/wsFreedomStudio/sample/bsp/install/lib/debug/\libmetal.a(libriscv__mmachine___a-sifive,fe310-g000,pll.o)
 .text.configure_pll
                0x00000000200138c8      0x132 C:/Users/miyazaki/wsFreedomStudio/sample/bsp/install/lib/debug/\libmetal.a(libriscv__mmachine___a-sifive,fe310-g000,pll.o)
 .text.__metal_driver_sifive_fe310_g000_pll_set_rate_hz
                0x00000000200139fa      0x13e C:/Users/miyazaki/wsFreedomStudio/sample/bsp/install/lib/debug/\libmetal.a(libriscv__mmachine___a-sifive,fe310-g000,pll.o)
                0x00000000200139fa                __metal_driver_sifive_fe310_g000_pll_set_rate_hz
 .text.use_hfxosc
                0x0000000020013b38       0x28 C:/Users/miyazaki/wsFreedomStudio/sample/bsp/install/lib/debug/\libmetal.a(libriscv__mmachine___a-sifive,fe310-g000,pll.o)
 .text.__metal_driver_sifive_fe310_g000_prci_get_reg
                0x0000000020013b60       0x24 C:/Users/miyazaki/wsFreedomStudio/sample/bsp/install/lib/debug/\libmetal.a(libriscv__mmachine___a-sifive,fe310-g000,prci.o)
                0x0000000020013b60                __metal_driver_sifive_fe310_g000_prci_get_reg
 .text.__metal_driver_sifive_fe310_g000_prci_set_reg
                0x0000000020013b84       0x2e C:/Users/miyazaki/wsFreedomStudio/sample/bsp/install/lib/debug/\libmetal.a(libriscv__mmachine___a-sifive,fe310-g000,prci.o)
                0x0000000020013b84                __metal_driver_sifive_fe310_g000_prci_set_reg
 .text.__metal_driver_sifive_gpio0_disable_input
                0x0000000020013bb2       0x40 C:/Users/miyazaki/wsFreedomStudio/sample/bsp/install/lib/debug/\libmetal.a(libriscv__mmachine___a-sifive,gpio0.o)
                0x0000000020013bb2                __metal_driver_sifive_gpio0_disable_input
 .text.__metal_driver_sifive_gpio0_output
                0x0000000020013bf2       0x24 C:/Users/miyazaki/wsFreedomStudio/sample/bsp/install/lib/debug/\libmetal.a(libriscv__mmachine___a-sifive,gpio0.o)
                0x0000000020013bf2                __metal_driver_sifive_gpio0_output
 .text.__metal_driver_sifive_gpio0_enable_output
                0x0000000020013c16       0x3a C:/Users/miyazaki/wsFreedomStudio/sample/bsp/install/lib/debug/\libmetal.a(libriscv__mmachine___a-sifive,gpio0.o)
                0x0000000020013c16                __metal_driver_sifive_gpio0_enable_output
 .text.__metal_driver_sifive_gpio0_output_set
                0x0000000020013c50       0x3a C:/Users/miyazaki/wsFreedomStudio/sample/bsp/install/lib/debug/\libmetal.a(libriscv__mmachine___a-sifive,gpio0.o)
                0x0000000020013c50                __metal_driver_sifive_gpio0_output_set
 .text.__metal_driver_sifive_gpio0_output_clear
                0x0000000020013c8a       0x40 C:/Users/miyazaki/wsFreedomStudio/sample/bsp/install/lib/debug/\libmetal.a(libriscv__mmachine___a-sifive,gpio0.o)
                0x0000000020013c8a                __metal_driver_sifive_gpio0_output_clear
 .text.__metal_driver_sifive_gpio0_output_toggle
                0x0000000020013cca       0x3a C:/Users/miyazaki/wsFreedomStudio/sample/bsp/install/lib/debug/\libmetal.a(libriscv__mmachine___a-sifive,gpio0.o)
                0x0000000020013cca                __metal_driver_sifive_gpio0_output_toggle
 .text.__metal_driver_sifive_gpio0_enable_io
                0x0000000020013d04       0x66 C:/Users/miyazaki/wsFreedomStudio/sample/bsp/install/lib/debug/\libmetal.a(libriscv__mmachine___a-sifive,gpio0.o)
                0x0000000020013d04                __metal_driver_sifive_gpio0_enable_io
 .text.__metal_driver_sifive_uart0_interrupt_controller
                0x0000000020013d6a       0x20 C:/Users/miyazaki/wsFreedomStudio/sample/bsp/install/lib/debug/\libmetal.a(libriscv__mmachine___a-sifive,uart0.o)
                0x0000000020013d6a                __metal_driver_sifive_uart0_interrupt_controller
 .text.__metal_driver_sifive_uart0_get_interrupt_id
                0x0000000020013d8a       0x24 C:/Users/miyazaki/wsFreedomStudio/sample/bsp/install/lib/debug/\libmetal.a(libriscv__mmachine___a-sifive,uart0.o)
                0x0000000020013d8a                __metal_driver_sifive_uart0_get_interrupt_id
 .text.__metal_driver_sifive_uart0_putc
                0x0000000020013dae       0x36 C:/Users/miyazaki/wsFreedomStudio/sample/bsp/install/lib/debug/\libmetal.a(libriscv__mmachine___a-sifive,uart0.o)
                0x0000000020013dae                __metal_driver_sifive_uart0_putc
 .text.__metal_driver_sifive_uart0_getc
                0x0000000020013de4       0x48 C:/Users/miyazaki/wsFreedomStudio/sample/bsp/install/lib/debug/\libmetal.a(libriscv__mmachine___a-sifive,uart0.o)
                0x0000000020013de4                __metal_driver_sifive_uart0_getc
 .text.__metal_driver_sifive_uart0_get_baud_rate
                0x0000000020013e2c       0x20 C:/Users/miyazaki/wsFreedomStudio/sample/bsp/install/lib/debug/\libmetal.a(libriscv__mmachine___a-sifive,uart0.o)
                0x0000000020013e2c                __metal_driver_sifive_uart0_get_baud_rate
 .text.__metal_driver_sifive_uart0_set_baud_rate
                0x0000000020013e4c       0x98 C:/Users/miyazaki/wsFreedomStudio/sample/bsp/install/lib/debug/\libmetal.a(libriscv__mmachine___a-sifive,uart0.o)
                0x0000000020013e4c                __metal_driver_sifive_uart0_set_baud_rate
 .text.pre_rate_change_callback
                0x0000000020013ee4       0xd0 C:/Users/miyazaki/wsFreedomStudio/sample/bsp/install/lib/debug/\libmetal.a(libriscv__mmachine___a-sifive,uart0.o)
 .text.post_rate_change_callback
                0x0000000020013fb4       0x30 C:/Users/miyazaki/wsFreedomStudio/sample/bsp/install/lib/debug/\libmetal.a(libriscv__mmachine___a-sifive,uart0.o)
 .text.__metal_driver_sifive_uart0_init
                0x0000000020013fe4       0x94 C:/Users/miyazaki/wsFreedomStudio/sample/bsp/install/lib/debug/\libmetal.a(libriscv__mmachine___a-sifive,uart0.o)
                0x0000000020013fe4                __metal_driver_sifive_uart0_init
 .text.metal_clock_get_rate_hz
                0x0000000020014078       0x26 C:/Users/miyazaki/wsFreedomStudio/sample/bsp/install/lib/debug/\libmetal.a(libriscv__mmachine___a-clock.o)
                0x0000000020014078                metal_clock_get_rate_hz
 .text.metal_clock_set_rate_hz
                0x000000002001409e       0x64 C:/Users/miyazaki/wsFreedomStudio/sample/bsp/install/lib/debug/\libmetal.a(libriscv__mmachine___a-clock.o)
                0x000000002001409e                metal_clock_set_rate_hz
 .text.metal_clock_register_pre_rate_change_callback
                0x0000000020014102       0x2e C:/Users/miyazaki/wsFreedomStudio/sample/bsp/install/lib/debug/\libmetal.a(libriscv__mmachine___a-clock.o)
                0x0000000020014102                metal_clock_register_pre_rate_change_callback
 .text.metal_clock_register_post_rate_change_callback
                0x0000000020014130       0x2e C:/Users/miyazaki/wsFreedomStudio/sample/bsp/install/lib/debug/\libmetal.a(libriscv__mmachine___a-clock.o)
                0x0000000020014130                metal_clock_register_post_rate_change_callback
 .text.metal_shutdown
                0x000000002001415e        0xe C:/Users/miyazaki/wsFreedomStudio/sample/bsp/install/lib/debug/\libmetal.a(libriscv__mmachine___a-shutdown.o)
                0x000000002001415e                metal_shutdown
 .text._exit    0x000000002001416c       0x12 C:/Users/miyazaki/wsFreedomStudio/sample/bsp/install/lib/debug/\libmetal-gloss.a(sys_exit.o)
                0x000000002001416c                _exit
 *(.itim .itim.*)
 *(.gnu.linkonce.t.*)

.fini
 *(SORT_NONE(.fini))
                [!provide]                        PROVIDE (__etext = .)
                [!provide]                        PROVIDE (_etext = .)
                [!provide]                        PROVIDE (etext = .)

.rodata         0x0000000020014180      0xb0c
 *(.rdata)
 *(.rodata .rodata.*)
 .rodata        0x0000000020014180       0x1a C:\Users\miyazaki\AppData\Local\Temp\ccIXSqJf.o
 *fill*         0x000000002001419a        0x2 
 .rodata.str1.4
                0x000000002001419c        0x4 d:/freedomstudio-4.7.2/sifive/toolchain/riscv64-unknown-elf-gcc-8.2.0-2019.02.0/bin/../lib/gcc/riscv64-unknown-elf/8.2.0/../../../../riscv64-unknown-elf/lib/rv32imac/ilp32\libc.a(lib_a-puts.o)
                                          0x2 (size before relaxing)
 .rodata.libgloss.start
                0x00000000200141a0       0x11 C:/Users/miyazaki/wsFreedomStudio/sample/bsp/install/lib/debug/\libmetal-gloss.a(crt0.o)
 *fill*         0x00000000200141b1        0x3 
 .rodata.__metal_driver_vtable_riscv_cpu_intc
                0x00000000200141b4       0x1c C:/Users/miyazaki/wsFreedomStudio/sample/bsp/install/lib/debug/\libmetal.a(libriscv__mmachine___a-tty.o)
                0x00000000200141b4                __metal_driver_vtable_riscv_cpu_intc
 .rodata.__metal_driver_vtable_cpu
                0x00000000200141d0       0x40 C:/Users/miyazaki/wsFreedomStudio/sample/bsp/install/lib/debug/\libmetal.a(libriscv__mmachine___a-tty.o)
                0x00000000200141d0                __metal_driver_vtable_cpu
 .rodata.__metal_driver_vtable_riscv_clint0
                0x0000000020014210       0x1c C:/Users/miyazaki/wsFreedomStudio/sample/bsp/install/lib/debug/\libmetal.a(libriscv__mmachine___a-tty.o)
                0x0000000020014210                __metal_driver_vtable_riscv_clint0
 .rodata.__metal_driver_vtable_riscv_plic0
                0x000000002001422c       0x1c C:/Users/miyazaki/wsFreedomStudio/sample/bsp/install/lib/debug/\libmetal.a(libriscv__mmachine___a-tty.o)
                0x000000002001422c                __metal_driver_vtable_riscv_plic0
 .rodata.__metal_driver_vtable_sifive_gpio0
                0x0000000020014248       0x1c C:/Users/miyazaki/wsFreedomStudio/sample/bsp/install/lib/debug/\libmetal.a(libriscv__mmachine___a-tty.o)
                0x0000000020014248                __metal_driver_vtable_sifive_gpio0
 .rodata.__metal_driver_vtable_sifive_uart0
                0x0000000020014264       0x1c C:/Users/miyazaki/wsFreedomStudio/sample/bsp/install/lib/debug/\libmetal.a(libriscv__mmachine___a-tty.o)
                0x0000000020014264                __metal_driver_vtable_sifive_uart0
 .rodata.__metal_driver_vtable_sifive_fe310_g000_pll
                0x0000000020014280        0xc C:/Users/miyazaki/wsFreedomStudio/sample/bsp/install/lib/debug/\libmetal.a(libriscv__mmachine___a-tty.o)
                0x0000000020014280                __metal_driver_vtable_sifive_fe310_g000_pll
 .rodata.__metal_driver_riscv_clint0_command_request
                0x000000002001428c       0x18 C:/Users/miyazaki/wsFreedomStudio/sample/bsp/install/lib/debug/\libmetal.a(libriscv__mmachine___a-riscv,clint0.o)
 .rodata.__metal_valid_interrupt_id
                0x00000000200142a4       0x74 C:/Users/miyazaki/wsFreedomStudio/sample/bsp/install/lib/debug/\libmetal.a(libriscv__mmachine___a-riscv,cpu.o)
 .rodata.__metal_local_interrupt_enable
                0x0000000020014318       0x80 C:/Users/miyazaki/wsFreedomStudio/sample/bsp/install/lib/debug/\libmetal.a(libriscv__mmachine___a-riscv,cpu.o)
 .rodata.__metal_driver_riscv_cpu_controller_interrupt_register
                0x0000000020014398       0x74 C:/Users/miyazaki/wsFreedomStudio/sample/bsp/install/lib/debug/\libmetal.a(libriscv__mmachine___a-riscv,cpu.o)
 .rodata.pll_configs
                0x000000002001440c      0x880 C:/Users/miyazaki/wsFreedomStudio/sample/bsp/install/lib/debug/\libmetal.a(libriscv__mmachine___a-sifive,fe310-g000,pll.o)
 *(.gnu.linkonce.r.*)

.rela.dyn       0x0000000020014c8c        0x0
 .rela.text     0x0000000020014c8c        0x0 C:\Users\miyazaki\AppData\Local\Temp\ccIXSqJf.o
 .rela.text.metal.init.enter
                0x0000000020014c8c        0x0 C:\Users\miyazaki\AppData\Local\Temp\ccIXSqJf.o
 .rela.text.libgloss.start
                0x0000000020014c8c        0x0 C:\Users\miyazaki\AppData\Local\Temp\ccIXSqJf.o
 .rela.sdata.brk
                0x0000000020014c8c        0x0 C:\Users\miyazaki\AppData\Local\Temp\ccIXSqJf.o
 .rela.text._sbrk
                0x0000000020014c8c        0x0 C:\Users\miyazaki\AppData\Local\Temp\ccIXSqJf.o
 .rela.data.__metal_dt_clock_0
                0x0000000020014c8c        0x0 C:\Users\miyazaki\AppData\Local\Temp\ccIXSqJf.o
 .rela.data.__metal_dt_clock_2
                0x0000000020014c8c        0x0 C:\Users\miyazaki\AppData\Local\Temp\ccIXSqJf.o
 .rela.data.__metal_dt_clint_2000000
                0x0000000020014c8c        0x0 C:\Users\miyazaki\AppData\Local\Temp\ccIXSqJf.o
 .rela.data.__metal_dt_cpu_0
                0x0000000020014c8c        0x0 C:\Users\miyazaki\AppData\Local\Temp\ccIXSqJf.o
 .rela.data.__metal_dt_interrupt_controller
                0x0000000020014c8c        0x0 C:\Users\miyazaki\AppData\Local\Temp\ccIXSqJf.o
 .rela.data.__metal_dt_interrupt_controller_c000000
                0x0000000020014c8c        0x0 C:\Users\miyazaki\AppData\Local\Temp\ccIXSqJf.o
 .rela.data.__metal_dt_gpio_10012000
                0x0000000020014c8c        0x0 C:\Users\miyazaki\AppData\Local\Temp\ccIXSqJf.o
 .rela.data.__metal_dt_serial_10013000
                0x0000000020014c8c        0x0 C:\Users\miyazaki\AppData\Local\Temp\ccIXSqJf.o
 .rela.data.__metal_dt_clock_3
                0x0000000020014c8c        0x0 C:\Users\miyazaki\AppData\Local\Temp\ccIXSqJf.o
 .rela.data.__metal_dt_clock_1
                0x0000000020014c8c        0x0 C:\Users\miyazaki\AppData\Local\Temp\ccIXSqJf.o
 .rela.data.__metal_dt_clock_4
                0x0000000020014c8c        0x0 C:\Users\miyazaki\AppData\Local\Temp\ccIXSqJf.o
 .rela.data.__metal_dt_prci_10008000
                0x0000000020014c8c        0x0 C:\Users\miyazaki\AppData\Local\Temp\ccIXSqJf.o
 .rela.sdata.__metal_cpu_table
                0x0000000020014c8c        0x0 C:\Users\miyazaki\AppData\Local\Temp\ccIXSqJf.o
 .rela.text.metal_tty_putc
                0x0000000020014c8c        0x0 C:\Users\miyazaki\AppData\Local\Temp\ccIXSqJf.o
 .rela.text.metal_tty_init
                0x0000000020014c8c        0x0 C:\Users\miyazaki\AppData\Local\Temp\ccIXSqJf.o
 .rela.text.__metal_driver_cpu_get
                0x0000000020014c8c        0x0 C:\Users\miyazaki\AppData\Local\Temp\ccIXSqJf.o
 .rela.text.__metal_default_sw_handler
                0x0000000020014c8c        0x0 C:\Users\miyazaki\AppData\Local\Temp\ccIXSqJf.o
 .rela.text.__metal_exception_handler
                0x0000000020014c8c        0x0 C:\Users\miyazaki\AppData\Local\Temp\ccIXSqJf.o
 .rela.text.__metal_driver_cpu_timer_controller_interrupt
                0x0000000020014c8c        0x0 C:\Users\miyazaki\AppData\Local\Temp\ccIXSqJf.o
 .rela.text.__metal_driver_cpu_sw_controller_interrupt
                0x0000000020014c8c        0x0 C:\Users\miyazaki\AppData\Local\Temp\ccIXSqJf.o
 .rela.text.metal_sifive_fe310_g000_pll_init
                0x0000000020014c8c        0x0 C:\Users\miyazaki\AppData\Local\Temp\ccIXSqJf.o
 .rela.text.use_hfxosc
                0x0000000020014c8c        0x0 C:\Users\miyazaki\AppData\Local\Temp\ccIXSqJf.o
                0x0000000020014c8c                . = ALIGN (0x4)

.preinit_array  0x0000000020014c8c        0x0
                0x0000000020014c8c                PROVIDE (__preinit_array_start = .)
 *(.preinit_array)
                0x0000000020014c8c                PROVIDE (__preinit_array_end = .)

.init_array     0x0000000020014c8c        0xc
                0x0000000020014c8c                PROVIDE (__init_array_start = .)
 *(SORT_BY_INIT_PRIORITY(.init_array.*) SORT_BY_INIT_PRIORITY(.ctors.*))
 *(.init_array EXCLUDE_FILE(*crtend?.o *crtend.o *crtbegin?.o *crtbegin.o) .ctors)
 .init_array    0x0000000020014c8c        0x4 C:/Users/miyazaki/wsFreedomStudio/sample/bsp/install/lib/debug/\libmetal.a(libriscv__mmachine___a-tty.o)
 .init_array    0x0000000020014c90        0x8 C:/Users/miyazaki/wsFreedomStudio/sample/bsp/install/lib/debug/\libmetal.a(libriscv__mmachine___a-sifive,fe310-g000,pll.o)
                0x0000000020014c98                PROVIDE (__init_array_end = .)

.finit_array    0x0000000020014c98        0x0
                [!provide]                        PROVIDE (__finit_array_start = .)
 *(SORT_BY_INIT_PRIORITY(.fini_array.*) SORT_BY_INIT_PRIORITY(.dtors.*))
 *(.fini_array EXCLUDE_FILE(*crtend?.o *crtend.o *crtbegin?.o *crtbegin.o) .dtors)
                [!provide]                        PROVIDE (__finit_array_end = .)

.ctors
 *crtbegin.o(.ctors)
 *crtbegin?.o(.ctors)
 *(EXCLUDE_FILE(*crtend?.o *crtend.o) .ctors)
 *(SORT_BY_NAME(.ctors.*))
 *(.ctors)

.dtors
 *crtbegin.o(.dtors)
 *crtbegin?.o(.dtors)
 *(EXCLUDE_FILE(*crtend?.o *crtend.o) .dtors)
 *(SORT_BY_NAME(.dtors.*))
 *(.dtors)

.litimalign     0x0000000020014c98        0x0
                0x0000000020014c98                . = ALIGN (0x4)
                0x0000000020014c98                PROVIDE (metal_segment_itim_source_start = .)

.ditimalign     0x0000000080000000        0x0 load address 0x0000000020014c98
                0x0000000080000000                . = ALIGN (0x4)
                0x0000000080000000                PROVIDE (metal_segment_itim_target_start = .)

.itim
 *(.itim .itim.*)
                0x0000000080000000                . = ALIGN (0x8)
                0x0000000080000000                PROVIDE (metal_segment_itim_target_end = .)

.lalign         0x0000000020014c98        0x0
                0x0000000020014c98                . = ALIGN (0x4)
                [!provide]                        PROVIDE (_data_lma = .)
                0x0000000020014c98                PROVIDE (metal_segment_data_source_start = .)

.dalign         0x0000000080000000        0x0 load address 0x0000000020014c98
                0x0000000080000000                . = ALIGN (0x4)
                0x0000000080000000                PROVIDE (metal_segment_data_target_start = .)

.data           0x0000000080000000     0x10cc load address 0x0000000020014c98
 *(.data .data.*)
 .data          0x0000000080000000      0x428 d:/freedomstudio-4.7.2/sifive/toolchain/riscv64-unknown-elf-gcc-8.2.0-2019.02.0/bin/../lib/gcc/riscv64-unknown-elf/8.2.0/../../../../riscv64-unknown-elf/lib/rv32imac/ilp32\libc.a(lib_a-impure.o)
 .data          0x0000000080000428      0x408 d:/freedomstudio-4.7.2/sifive/toolchain/riscv64-unknown-elf-gcc-8.2.0-2019.02.0/bin/../lib/gcc/riscv64-unknown-elf/8.2.0/../../../../riscv64-unknown-elf/lib/rv32imac/ilp32\libc.a(lib_a-mallocr.o)
                0x0000000080000428                __malloc_av_
 .data.__metal_dt_clock_0
                0x0000000080000830       0x1c C:/Users/miyazaki/wsFreedomStudio/sample/bsp/install/lib/debug/\libmetal.a(libriscv__mmachine___a-tty.o)
                0x0000000080000830                __metal_dt_clock_0
 .data.__metal_dt_clock_2
                0x000000008000084c       0x1c C:/Users/miyazaki/wsFreedomStudio/sample/bsp/install/lib/debug/\libmetal.a(libriscv__mmachine___a-tty.o)
                0x000000008000084c                __metal_dt_clock_2
 .data.__metal_dt_clint_2000000
                0x0000000080000868       0x24 C:/Users/miyazaki/wsFreedomStudio/sample/bsp/install/lib/debug/\libmetal.a(libriscv__mmachine___a-tty.o)
                0x0000000080000868                __metal_dt_clint_2000000
 .data.__metal_dt_cpu_0
                0x000000008000088c       0x10 C:/Users/miyazaki/wsFreedomStudio/sample/bsp/install/lib/debug/\libmetal.a(libriscv__mmachine___a-tty.o)
                0x000000008000088c                __metal_dt_cpu_0
 *fill*         0x000000008000089c        0x4 
 .data.__metal_dt_interrupt_controller
                0x00000000800008a0      0x3c0 C:/Users/miyazaki/wsFreedomStudio/sample/bsp/install/lib/debug/\libmetal.a(libriscv__mmachine___a-tty.o)
                0x00000000800008a0                __metal_dt_interrupt_controller
 .data.__metal_dt_interrupt_controller_c000000
                0x0000000080000c60      0x320 C:/Users/miyazaki/wsFreedomStudio/sample/bsp/install/lib/debug/\libmetal.a(libriscv__mmachine___a-tty.o)
                0x0000000080000c60                __metal_dt_interrupt_controller_c000000
 .data.__metal_dt_gpio_10012000
                0x0000000080000f80       0x58 C:/Users/miyazaki/wsFreedomStudio/sample/bsp/install/lib/debug/\libmetal.a(libriscv__mmachine___a-tty.o)
                0x0000000080000f80                __metal_dt_gpio_10012000
 .data.__metal_dt_serial_10013000
                0x0000000080000fd8       0x30 C:/Users/miyazaki/wsFreedomStudio/sample/bsp/install/lib/debug/\libmetal.a(libriscv__mmachine___a-tty.o)
                0x0000000080000fd8                __metal_dt_serial_10013000
 .data.__metal_dt_clock_3
                0x0000000080001008       0x24 C:/Users/miyazaki/wsFreedomStudio/sample/bsp/install/lib/debug/\libmetal.a(libriscv__mmachine___a-tty.o)
                0x0000000080001008                __metal_dt_clock_3
 .data.__metal_dt_clock_1
                0x000000008000102c       0x24 C:/Users/miyazaki/wsFreedomStudio/sample/bsp/install/lib/debug/\libmetal.a(libriscv__mmachine___a-tty.o)
                0x000000008000102c                __metal_dt_clock_1
 .data.__metal_dt_clock_4
                0x0000000080001050       0x34 C:/Users/miyazaki/wsFreedomStudio/sample/bsp/install/lib/debug/\libmetal.a(libriscv__mmachine___a-tty.o)
                0x0000000080001050                __metal_dt_clock_4
 .data.__metal_dt_prci_10008000
                0x0000000080001084        0xc C:/Users/miyazaki/wsFreedomStudio/sample/bsp/install/lib/debug/\libmetal.a(libriscv__mmachine___a-tty.o)
                0x0000000080001084                __metal_dt_prci_10008000
 *(.gnu.linkonce.d.*)
                0x0000000080001090                . = ALIGN (0x8)
                0x0000000080001890                PROVIDE (__global_pointer$ = (. + 0x800))
 *(.sdata .sdata.* .sdata2.*)
 .sdata         0x0000000080001090        0x4 d:/freedomstudio-4.7.2/sifive/toolchain/riscv64-unknown-elf-gcc-8.2.0-2019.02.0/bin/../lib/gcc/riscv64-unknown-elf/8.2.0/../../../../riscv64-unknown-elf/lib/rv32imac/ilp32\libc.a(lib_a-impure.o)
                0x0000000080001090                _impure_ptr
 .sdata         0x0000000080001094        0x8 d:/freedomstudio-4.7.2/sifive/toolchain/riscv64-unknown-elf-gcc-8.2.0-2019.02.0/bin/../lib/gcc/riscv64-unknown-elf/8.2.0/../../../../riscv64-unknown-elf/lib/rv32imac/ilp32\libc.a(lib_a-mallocr.o)
                0x0000000080001094                __malloc_sbrk_base
                0x0000000080001098                __malloc_trim_threshold
 .sdata.brk     0x000000008000109c        0x4 C:/Users/miyazaki/wsFreedomStudio/sample/bsp/install/lib/debug/\libmetal-gloss.a(sys_sbrk.o)
 .sdata2.__metal_driver_vtable_fixed_clock
                0x00000000800010a0        0x8 C:/Users/miyazaki/wsFreedomStudio/sample/bsp/install/lib/debug/\libmetal.a(libriscv__mmachine___a-tty.o)
                0x00000000800010a0                __metal_driver_vtable_fixed_clock
 .sdata2.__metal_driver_vtable_sifive_fe310_g000_prci
                0x00000000800010a8        0x8 C:/Users/miyazaki/wsFreedomStudio/sample/bsp/install/lib/debug/\libmetal.a(libriscv__mmachine___a-tty.o)
                0x00000000800010a8                __metal_driver_vtable_sifive_fe310_g000_prci
 .sdata2.__metal_driver_vtable_sifive_fe310_g000_hfrosc
                0x00000000800010b0        0x8 C:/Users/miyazaki/wsFreedomStudio/sample/bsp/install/lib/debug/\libmetal.a(libriscv__mmachine___a-tty.o)
                0x00000000800010b0                __metal_driver_vtable_sifive_fe310_g000_hfrosc
 .sdata2.__metal_driver_vtable_sifive_fe310_g000_hfxosc
                0x00000000800010b8        0x8 C:/Users/miyazaki/wsFreedomStudio/sample/bsp/install/lib/debug/\libmetal.a(libriscv__mmachine___a-tty.o)
                0x00000000800010b8                __metal_driver_vtable_sifive_fe310_g000_hfxosc
 .sdata.__metal_cpu_table
                0x00000000800010c0        0x4 C:/Users/miyazaki/wsFreedomStudio/sample/bsp/install/lib/debug/\libmetal.a(libriscv__mmachine___a-tty.o)
                0x00000000800010c0                __metal_cpu_table
 *(.gnu.linkonce.s.*)
                0x00000000800010c8                . = ALIGN (0x8)
 *fill*         0x00000000800010c4        0x4 
 *(.srodata.cst16)
 *(.srodata.cst8)
 *(.srodata.cst4)
 *(.srodata.cst2)
 *(.srodata .srodata.*)
 .srodata       0x00000000800010c8        0x4 d:/freedomstudio-4.7.2/sifive/toolchain/riscv64-unknown-elf-gcc-8.2.0-2019.02.0/bin/../lib/gcc/riscv64-unknown-elf/8.2.0/../../../../riscv64-unknown-elf/lib/rv32imac/ilp32\libc.a(lib_a-impure.o)
                0x00000000800010c8                _global_impure_ptr
                0x00000000800010cc                . = ALIGN (0x4)
                [!provide]                        PROVIDE (_edata = .)
                [!provide]                        PROVIDE (edata = .)
                0x00000000800010cc                PROVIDE (metal_segment_data_target_end = .)
                [!provide]                        PROVIDE (_fbss = .)
                [!provide]                        PROVIDE (__bss_start = .)
                0x00000000800010cc                PROVIDE (metal_segment_bss_target_start = .)

.bss            0x00000000800010cc       0x38
 *(.sbss*)
 .sbss          0x00000000800010cc        0xc d:/freedomstudio-4.7.2/sifive/toolchain/riscv64-unknown-elf-gcc-8.2.0-2019.02.0/bin/../lib/gcc/riscv64-unknown-elf/8.2.0/../../../../riscv64-unknown-elf/lib/rv32imac/ilp32\libc.a(lib_a-mallocr.o)
                0x00000000800010cc                __malloc_max_total_mem
                0x00000000800010d0                __malloc_max_sbrked_mem
                0x00000000800010d4                __malloc_top_pad
 *(.gnu.linkonce.sb.*)
 *(.bss .bss.*)
 .bss           0x00000000800010d8       0x28 d:/freedomstudio-4.7.2/sifive/toolchain/riscv64-unknown-elf-gcc-8.2.0-2019.02.0/bin/../lib/gcc/riscv64-unknown-elf/8.2.0/../../../../riscv64-unknown-elf/lib/rv32imac/ilp32\libc.a(lib_a-mallocr.o)
                0x00000000800010d8                __malloc_current_mallinfo
 *(.gnu.linkonce.b.*)
 *(COMMON)
 COMMON         0x0000000080001100        0x4 d:/freedomstudio-4.7.2/sifive/toolchain/riscv64-unknown-elf-gcc-8.2.0-2019.02.0/bin/../lib/gcc/riscv64-unknown-elf/8.2.0/../../../../riscv64-unknown-elf/lib/rv32imac/ilp32\libc.a(lib_a-reent.o)
                0x0000000080001100                errno
                0x0000000080001104                . = ALIGN (0x4)
                0x0000000080001108                . = ALIGN (0x8)
                [!provide]                        PROVIDE (_end = .)
                [!provide]                        PROVIDE (end = .)
                0x0000000080001108                PROVIDE (metal_segment_bss_target_end = .)

.stack          0x0000000080001104      0x400
                [!provide]                        PROVIDE (metal_segment_stack_begin = .)
                0x0000000000000400                . = __stack_size
 *fill*         0x0000000080001104      0x400 
                [!provide]                        PROVIDE (_sp = .)
                0x0000000080001504                PROVIDE (metal_segment_stack_end = .)

.heap           0x0000000080001504     0x2afc
                0x0000000080001504                PROVIDE (metal_segment_heap_target_start = .)
                0x0000000000000400                . = __heap_size
 *fill*         0x0000000080001504      0x400 
                0x0000000080004000                . = (__heap_size == 0x0)?0x0:(ORIGIN (ram) + LENGTH (ram))
 *fill*         0x0000000080001904     0x26fc 
                0x0000000080004000                PROVIDE (metal_segment_heap_target_end = .)
                [!provide]                        PROVIDE (_heap_end = .)
OUTPUT(hello elf32-littleriscv)

.debug_info     0x0000000000000000     0xdbd7
 .debug_info    0x0000000000000000      0x971 C:\Users\miyazaki\AppData\Local\Temp\ccIXSqJf.o
 .debug_info    0x0000000000000971       0x22 C:/Users/miyazaki/wsFreedomStudio/sample/bsp/install/lib/debug/\libmetal.a(libriscv__mmachine___a-entry.o)
 .debug_info    0x0000000000000993       0x26 C:/Users/miyazaki/wsFreedomStudio/sample/bsp/install/lib/debug/\libmetal-gloss.a(crt0.o)
 .debug_info    0x00000000000009b9      0x969 C:/Users/miyazaki/wsFreedomStudio/sample/bsp/install/lib/debug/\libmetal-gloss.a(sys_close.o)
 .debug_info    0x0000000000001322      0xbac C:/Users/miyazaki/wsFreedomStudio/sample/bsp/install/lib/debug/\libmetal-gloss.a(sys_fstat.o)
 .debug_info    0x0000000000001ece       0xf4 C:/Users/miyazaki/wsFreedomStudio/sample/bsp/install/lib/debug/\libmetal-gloss.a(sys_isatty.o)
 .debug_info    0x0000000000001fc2      0x99f C:/Users/miyazaki/wsFreedomStudio/sample/bsp/install/lib/debug/\libmetal-gloss.a(sys_lseek.o)
 .debug_info    0x0000000000002961      0x99f C:/Users/miyazaki/wsFreedomStudio/sample/bsp/install/lib/debug/\libmetal-gloss.a(sys_read.o)
 .debug_info    0x0000000000003300      0x117 C:/Users/miyazaki/wsFreedomStudio/sample/bsp/install/lib/debug/\libmetal-gloss.a(sys_sbrk.o)
 .debug_info    0x0000000000003417      0xa1e C:/Users/miyazaki/wsFreedomStudio/sample/bsp/install/lib/debug/\libmetal-gloss.a(sys_write.o)
 .debug_info    0x0000000000003e35     0x1460 C:/Users/miyazaki/wsFreedomStudio/sample/bsp/install/lib/debug/\libmetal.a(libriscv__mmachine___a-tty.o)
 .debug_info    0x0000000000005295      0x3f1 C:/Users/miyazaki/wsFreedomStudio/sample/bsp/install/lib/debug/\libmetal.a(libriscv__mmachine___a-uart.o)
 .debug_info    0x0000000000005686      0x220 C:/Users/miyazaki/wsFreedomStudio/sample/bsp/install/lib/debug/\libmetal.a(libriscv__mmachine___a-fixed-clock.o)
 .debug_info    0x00000000000058a6      0x822 C:/Users/miyazaki/wsFreedomStudio/sample/bsp/install/lib/debug/\libmetal.a(libriscv__mmachine___a-riscv,clint0.o)
 .debug_info    0x00000000000060c8     0x22c6 C:/Users/miyazaki/wsFreedomStudio/sample/bsp/install/lib/debug/\libmetal.a(libriscv__mmachine___a-riscv,cpu.o)
 .debug_info    0x000000000000838e      0x8da C:/Users/miyazaki/wsFreedomStudio/sample/bsp/install/lib/debug/\libmetal.a(libriscv__mmachine___a-riscv,plic0.o)
 .debug_info    0x0000000000008c68      0x315 C:/Users/miyazaki/wsFreedomStudio/sample/bsp/install/lib/debug/\libmetal.a(libriscv__mmachine___a-sifive,fe310-g000,hfrosc.o)
 .debug_info    0x0000000000008f7d      0x315 C:/Users/miyazaki/wsFreedomStudio/sample/bsp/install/lib/debug/\libmetal.a(libriscv__mmachine___a-sifive,fe310-g000,hfxosc.o)
 .debug_info    0x0000000000009292     0x2008 C:/Users/miyazaki/wsFreedomStudio/sample/bsp/install/lib/debug/\libmetal.a(libriscv__mmachine___a-sifive,fe310-g000,pll.o)
 .debug_info    0x000000000000b29a      0x18e C:/Users/miyazaki/wsFreedomStudio/sample/bsp/install/lib/debug/\libmetal.a(libriscv__mmachine___a-sifive,fe310-g000,prci.o)
 .debug_info    0x000000000000b428      0x3fc C:/Users/miyazaki/wsFreedomStudio/sample/bsp/install/lib/debug/\libmetal.a(libriscv__mmachine___a-sifive,gpio0.o)
 .debug_info    0x000000000000b824      0xc6d C:/Users/miyazaki/wsFreedomStudio/sample/bsp/install/lib/debug/\libmetal.a(libriscv__mmachine___a-sifive,uart0.o)
 .debug_info    0x000000000000c491      0x229 C:/Users/miyazaki/wsFreedomStudio/sample/bsp/install/lib/debug/\libmetal.a(libriscv__mmachine___a-clock.o)
 .debug_info    0x000000000000c6ba     0x14ce C:/Users/miyazaki/wsFreedomStudio/sample/bsp/install/lib/debug/\libmetal.a(libriscv__mmachine___a-shutdown.o)
 .debug_info    0x000000000000db88       0x4f C:/Users/miyazaki/wsFreedomStudio/sample/bsp/install/lib/debug/\libmetal-gloss.a(sys_exit.o)

.debug_abbrev   0x0000000000000000     0x2486
 .debug_abbrev  0x0000000000000000      0x1fc C:\Users\miyazaki\AppData\Local\Temp\ccIXSqJf.o
 .debug_abbrev  0x00000000000001fc       0x12 C:/Users/miyazaki/wsFreedomStudio/sample/bsp/install/lib/debug/\libmetal.a(libriscv__mmachine___a-entry.o)
 .debug_abbrev  0x000000000000020e       0x14 C:/Users/miyazaki/wsFreedomStudio/sample/bsp/install/lib/debug/\libmetal-gloss.a(crt0.o)
 .debug_abbrev  0x0000000000000222      0x1e7 C:/Users/miyazaki/wsFreedomStudio/sample/bsp/install/lib/debug/\libmetal-gloss.a(sys_close.o)
 .debug_abbrev  0x0000000000000409      0x1fa C:/Users/miyazaki/wsFreedomStudio/sample/bsp/install/lib/debug/\libmetal-gloss.a(sys_fstat.o)
 .debug_abbrev  0x0000000000000603       0x73 C:/Users/miyazaki/wsFreedomStudio/sample/bsp/install/lib/debug/\libmetal-gloss.a(sys_isatty.o)
 .debug_abbrev  0x0000000000000676      0x1f8 C:/Users/miyazaki/wsFreedomStudio/sample/bsp/install/lib/debug/\libmetal-gloss.a(sys_lseek.o)
 .debug_abbrev  0x000000000000086e      0x1f8 C:/Users/miyazaki/wsFreedomStudio/sample/bsp/install/lib/debug/\libmetal-gloss.a(sys_read.o)
 .debug_abbrev  0x0000000000000a66       0xb8 C:/Users/miyazaki/wsFreedomStudio/sample/bsp/install/lib/debug/\libmetal-gloss.a(sys_sbrk.o)
 .debug_abbrev  0x0000000000000b1e      0x22a C:/Users/miyazaki/wsFreedomStudio/sample/bsp/install/lib/debug/\libmetal-gloss.a(sys_write.o)
 .debug_abbrev  0x0000000000000d48      0x1f9 C:/Users/miyazaki/wsFreedomStudio/sample/bsp/install/lib/debug/\libmetal.a(libriscv__mmachine___a-tty.o)
 .debug_abbrev  0x0000000000000f41      0x105 C:/Users/miyazaki/wsFreedomStudio/sample/bsp/install/lib/debug/\libmetal.a(libriscv__mmachine___a-uart.o)
 .debug_abbrev  0x0000000000001046       0xfe C:/Users/miyazaki/wsFreedomStudio/sample/bsp/install/lib/debug/\libmetal.a(libriscv__mmachine___a-fixed-clock.o)
 .debug_abbrev  0x0000000000001144      0x1a2 C:/Users/miyazaki/wsFreedomStudio/sample/bsp/install/lib/debug/\libmetal.a(libriscv__mmachine___a-riscv,clint0.o)
 .debug_abbrev  0x00000000000012e6      0x35a C:/Users/miyazaki/wsFreedomStudio/sample/bsp/install/lib/debug/\libmetal.a(libriscv__mmachine___a-riscv,cpu.o)
 .debug_abbrev  0x0000000000001640      0x1b7 C:/Users/miyazaki/wsFreedomStudio/sample/bsp/install/lib/debug/\libmetal.a(libriscv__mmachine___a-riscv,plic0.o)
 .debug_abbrev  0x00000000000017f7       0xf1 C:/Users/miyazaki/wsFreedomStudio/sample/bsp/install/lib/debug/\libmetal.a(libriscv__mmachine___a-sifive,fe310-g000,hfrosc.o)
 .debug_abbrev  0x00000000000018e8       0xf1 C:/Users/miyazaki/wsFreedomStudio/sample/bsp/install/lib/debug/\libmetal.a(libriscv__mmachine___a-sifive,fe310-g000,hfxosc.o)
 .debug_abbrev  0x00000000000019d9      0x3aa C:/Users/miyazaki/wsFreedomStudio/sample/bsp/install/lib/debug/\libmetal.a(libriscv__mmachine___a-sifive,fe310-g000,pll.o)
 .debug_abbrev  0x0000000000001d83       0xd0 C:/Users/miyazaki/wsFreedomStudio/sample/bsp/install/lib/debug/\libmetal.a(libriscv__mmachine___a-sifive,fe310-g000,prci.o)
 .debug_abbrev  0x0000000000001e53      0x105 C:/Users/miyazaki/wsFreedomStudio/sample/bsp/install/lib/debug/\libmetal.a(libriscv__mmachine___a-sifive,gpio0.o)
 .debug_abbrev  0x0000000000001f58      0x1cc C:/Users/miyazaki/wsFreedomStudio/sample/bsp/install/lib/debug/\libmetal.a(libriscv__mmachine___a-sifive,uart0.o)
 .debug_abbrev  0x0000000000002124      0x116 C:/Users/miyazaki/wsFreedomStudio/sample/bsp/install/lib/debug/\libmetal.a(libriscv__mmachine___a-clock.o)
 .debug_abbrev  0x000000000000223a      0x1ff C:/Users/miyazaki/wsFreedomStudio/sample/bsp/install/lib/debug/\libmetal.a(libriscv__mmachine___a-shutdown.o)
 .debug_abbrev  0x0000000000002439       0x4d C:/Users/miyazaki/wsFreedomStudio/sample/bsp/install/lib/debug/\libmetal-gloss.a(sys_exit.o)

.debug_aranges  0x0000000000000000      0x648
 .debug_aranges
                0x0000000000000000       0x28 C:\Users\miyazaki\AppData\Local\Temp\ccIXSqJf.o
 .debug_aranges
                0x0000000000000028       0x30 C:/Users/miyazaki/wsFreedomStudio/sample/bsp/install/lib/debug/\libmetal.a(libriscv__mmachine___a-entry.o)
 .debug_aranges
                0x0000000000000058       0x20 C:/Users/miyazaki/wsFreedomStudio/sample/bsp/install/lib/debug/\libmetal-gloss.a(crt0.o)
 .debug_aranges
                0x0000000000000078       0x20 C:/Users/miyazaki/wsFreedomStudio/sample/bsp/install/lib/debug/\libmetal-gloss.a(sys_close.o)
 .debug_aranges
                0x0000000000000098       0x20 C:/Users/miyazaki/wsFreedomStudio/sample/bsp/install/lib/debug/\libmetal-gloss.a(sys_fstat.o)
 .debug_aranges
                0x00000000000000b8       0x20 C:/Users/miyazaki/wsFreedomStudio/sample/bsp/install/lib/debug/\libmetal-gloss.a(sys_isatty.o)
 .debug_aranges
                0x00000000000000d8       0x20 C:/Users/miyazaki/wsFreedomStudio/sample/bsp/install/lib/debug/\libmetal-gloss.a(sys_lseek.o)
 .debug_aranges
                0x00000000000000f8       0x20 C:/Users/miyazaki/wsFreedomStudio/sample/bsp/install/lib/debug/\libmetal-gloss.a(sys_read.o)
 .debug_aranges
                0x0000000000000118       0x28 C:/Users/miyazaki/wsFreedomStudio/sample/bsp/install/lib/debug/\libmetal-gloss.a(sys_sbrk.o)
 .debug_aranges
                0x0000000000000140       0x20 C:/Users/miyazaki/wsFreedomStudio/sample/bsp/install/lib/debug/\libmetal-gloss.a(sys_write.o)
 .debug_aranges
                0x0000000000000160       0x28 C:/Users/miyazaki/wsFreedomStudio/sample/bsp/install/lib/debug/\libmetal.a(libriscv__mmachine___a-tty.o)
 .debug_aranges
                0x0000000000000188       0x40 C:/Users/miyazaki/wsFreedomStudio/sample/bsp/install/lib/debug/\libmetal.a(libriscv__mmachine___a-uart.o)
 .debug_aranges
                0x00000000000001c8       0x28 C:/Users/miyazaki/wsFreedomStudio/sample/bsp/install/lib/debug/\libmetal.a(libriscv__mmachine___a-fixed-clock.o)
 .debug_aranges
                0x00000000000001f0       0x50 C:/Users/miyazaki/wsFreedomStudio/sample/bsp/install/lib/debug/\libmetal.a(libriscv__mmachine___a-riscv,clint0.o)
 .debug_aranges
                0x0000000000000240      0x198 C:/Users/miyazaki/wsFreedomStudio/sample/bsp/install/lib/debug/\libmetal.a(libriscv__mmachine___a-riscv,cpu.o)
 .debug_aranges
                0x00000000000003d8       0x70 C:/Users/miyazaki/wsFreedomStudio/sample/bsp/install/lib/debug/\libmetal.a(libriscv__mmachine___a-riscv,plic0.o)
 .debug_aranges
                0x0000000000000448       0x28 C:/Users/miyazaki/wsFreedomStudio/sample/bsp/install/lib/debug/\libmetal.a(libriscv__mmachine___a-sifive,fe310-g000,hfrosc.o)
 .debug_aranges
                0x0000000000000470       0x28 C:/Users/miyazaki/wsFreedomStudio/sample/bsp/install/lib/debug/\libmetal.a(libriscv__mmachine___a-sifive,fe310-g000,hfxosc.o)
 .debug_aranges
                0x0000000000000498       0x58 C:/Users/miyazaki/wsFreedomStudio/sample/bsp/install/lib/debug/\libmetal.a(libriscv__mmachine___a-sifive,fe310-g000,pll.o)
 .debug_aranges
                0x00000000000004f0       0x28 C:/Users/miyazaki/wsFreedomStudio/sample/bsp/install/lib/debug/\libmetal.a(libriscv__mmachine___a-sifive,fe310-g000,prci.o)
 .debug_aranges
                0x0000000000000518       0x50 C:/Users/miyazaki/wsFreedomStudio/sample/bsp/install/lib/debug/\libmetal.a(libriscv__mmachine___a-sifive,gpio0.o)
 .debug_aranges
                0x0000000000000568       0x60 C:/Users/miyazaki/wsFreedomStudio/sample/bsp/install/lib/debug/\libmetal.a(libriscv__mmachine___a-sifive,uart0.o)
 .debug_aranges
                0x00000000000005c8       0x38 C:/Users/miyazaki/wsFreedomStudio/sample/bsp/install/lib/debug/\libmetal.a(libriscv__mmachine___a-clock.o)
 .debug_aranges
                0x0000000000000600       0x28 C:/Users/miyazaki/wsFreedomStudio/sample/bsp/install/lib/debug/\libmetal.a(libriscv__mmachine___a-shutdown.o)
 .debug_aranges
                0x0000000000000628       0x20 C:/Users/miyazaki/wsFreedomStudio/sample/bsp/install/lib/debug/\libmetal-gloss.a(sys_exit.o)

.debug_ranges   0x0000000000000000      0x4b0
 .debug_ranges  0x0000000000000000       0x18 C:\Users\miyazaki\AppData\Local\Temp\ccIXSqJf.o
 .debug_ranges  0x0000000000000018       0x28 C:/Users/miyazaki/wsFreedomStudio/sample/bsp/install/lib/debug/\libmetal.a(libriscv__mmachine___a-entry.o)
 .debug_ranges  0x0000000000000040       0x10 C:/Users/miyazaki/wsFreedomStudio/sample/bsp/install/lib/debug/\libmetal-gloss.a(sys_close.o)
 .debug_ranges  0x0000000000000050       0x10 C:/Users/miyazaki/wsFreedomStudio/sample/bsp/install/lib/debug/\libmetal-gloss.a(sys_fstat.o)
 .debug_ranges  0x0000000000000060       0x10 C:/Users/miyazaki/wsFreedomStudio/sample/bsp/install/lib/debug/\libmetal-gloss.a(sys_isatty.o)
 .debug_ranges  0x0000000000000070       0x10 C:/Users/miyazaki/wsFreedomStudio/sample/bsp/install/lib/debug/\libmetal-gloss.a(sys_lseek.o)
 .debug_ranges  0x0000000000000080       0x10 C:/Users/miyazaki/wsFreedomStudio/sample/bsp/install/lib/debug/\libmetal-gloss.a(sys_read.o)
 .debug_ranges  0x0000000000000090       0x18 C:/Users/miyazaki/wsFreedomStudio/sample/bsp/install/lib/debug/\libmetal-gloss.a(sys_sbrk.o)
 .debug_ranges  0x00000000000000a8       0x10 C:/Users/miyazaki/wsFreedomStudio/sample/bsp/install/lib/debug/\libmetal-gloss.a(sys_write.o)
 .debug_ranges  0x00000000000000b8       0x18 C:/Users/miyazaki/wsFreedomStudio/sample/bsp/install/lib/debug/\libmetal.a(libriscv__mmachine___a-tty.o)
 .debug_ranges  0x00000000000000d0       0x30 C:/Users/miyazaki/wsFreedomStudio/sample/bsp/install/lib/debug/\libmetal.a(libriscv__mmachine___a-uart.o)
 .debug_ranges  0x0000000000000100       0x18 C:/Users/miyazaki/wsFreedomStudio/sample/bsp/install/lib/debug/\libmetal.a(libriscv__mmachine___a-fixed-clock.o)
 .debug_ranges  0x0000000000000118       0x40 C:/Users/miyazaki/wsFreedomStudio/sample/bsp/install/lib/debug/\libmetal.a(libriscv__mmachine___a-riscv,clint0.o)
 .debug_ranges  0x0000000000000158      0x188 C:/Users/miyazaki/wsFreedomStudio/sample/bsp/install/lib/debug/\libmetal.a(libriscv__mmachine___a-riscv,cpu.o)
 .debug_ranges  0x00000000000002e0       0x60 C:/Users/miyazaki/wsFreedomStudio/sample/bsp/install/lib/debug/\libmetal.a(libriscv__mmachine___a-riscv,plic0.o)
 .debug_ranges  0x0000000000000340       0x18 C:/Users/miyazaki/wsFreedomStudio/sample/bsp/install/lib/debug/\libmetal.a(libriscv__mmachine___a-sifive,fe310-g000,hfrosc.o)
 .debug_ranges  0x0000000000000358       0x18 C:/Users/miyazaki/wsFreedomStudio/sample/bsp/install/lib/debug/\libmetal.a(libriscv__mmachine___a-sifive,fe310-g000,hfxosc.o)
 .debug_ranges  0x0000000000000370       0x48 C:/Users/miyazaki/wsFreedomStudio/sample/bsp/install/lib/debug/\libmetal.a(libriscv__mmachine___a-sifive,fe310-g000,pll.o)
 .debug_ranges  0x00000000000003b8       0x18 C:/Users/miyazaki/wsFreedomStudio/sample/bsp/install/lib/debug/\libmetal.a(libriscv__mmachine___a-sifive,fe310-g000,prci.o)
 .debug_ranges  0x00000000000003d0       0x40 C:/Users/miyazaki/wsFreedomStudio/sample/bsp/install/lib/debug/\libmetal.a(libriscv__mmachine___a-sifive,gpio0.o)
 .debug_ranges  0x0000000000000410       0x50 C:/Users/miyazaki/wsFreedomStudio/sample/bsp/install/lib/debug/\libmetal.a(libriscv__mmachine___a-sifive,uart0.o)
 .debug_ranges  0x0000000000000460       0x28 C:/Users/miyazaki/wsFreedomStudio/sample/bsp/install/lib/debug/\libmetal.a(libriscv__mmachine___a-clock.o)
 .debug_ranges  0x0000000000000488       0x18 C:/Users/miyazaki/wsFreedomStudio/sample/bsp/install/lib/debug/\libmetal.a(libriscv__mmachine___a-shutdown.o)
 .debug_ranges  0x00000000000004a0       0x10 C:/Users/miyazaki/wsFreedomStudio/sample/bsp/install/lib/debug/\libmetal-gloss.a(sys_exit.o)

.debug_line     0x0000000000000000     0x56e6
 .debug_line    0x0000000000000000      0x1a5 C:\Users\miyazaki\AppData\Local\Temp\ccIXSqJf.o
 .debug_line    0x00000000000001a5       0xfb C:/Users/miyazaki/wsFreedomStudio/sample/bsp/install/lib/debug/\libmetal.a(libriscv__mmachine___a-entry.o)
 .debug_line    0x00000000000002a0      0x1a6 C:/Users/miyazaki/wsFreedomStudio/sample/bsp/install/lib/debug/\libmetal-gloss.a(crt0.o)
 .debug_line    0x0000000000000446      0x1bb C:/Users/miyazaki/wsFreedomStudio/sample/bsp/install/lib/debug/\libmetal-gloss.a(sys_close.o)
 .debug_line    0x0000000000000601      0x2dc C:/Users/miyazaki/wsFreedomStudio/sample/bsp/install/lib/debug/\libmetal-gloss.a(sys_fstat.o)
 .debug_line    0x00000000000008dd      0x106 C:/Users/miyazaki/wsFreedomStudio/sample/bsp/install/lib/debug/\libmetal-gloss.a(sys_isatty.o)
 .debug_line    0x00000000000009e3      0x1c6 C:/Users/miyazaki/wsFreedomStudio/sample/bsp/install/lib/debug/\libmetal-gloss.a(sys_lseek.o)
 .debug_line    0x0000000000000ba9      0x1c5 C:/Users/miyazaki/wsFreedomStudio/sample/bsp/install/lib/debug/\libmetal-gloss.a(sys_read.o)
 .debug_line    0x0000000000000d6e      0x16e C:/Users/miyazaki/wsFreedomStudio/sample/bsp/install/lib/debug/\libmetal-gloss.a(sys_sbrk.o)
 .debug_line    0x0000000000000edc      0x228 C:/Users/miyazaki/wsFreedomStudio/sample/bsp/install/lib/debug/\libmetal-gloss.a(sys_write.o)
 .debug_line    0x0000000000001104      0x465 C:/Users/miyazaki/wsFreedomStudio/sample/bsp/install/lib/debug/\libmetal.a(libriscv__mmachine___a-tty.o)
 .debug_line    0x0000000000001569      0x16f C:/Users/miyazaki/wsFreedomStudio/sample/bsp/install/lib/debug/\libmetal.a(libriscv__mmachine___a-uart.o)
 .debug_line    0x00000000000016d8      0x159 C:/Users/miyazaki/wsFreedomStudio/sample/bsp/install/lib/debug/\libmetal.a(libriscv__mmachine___a-fixed-clock.o)
 .debug_line    0x0000000000001831      0x5f5 C:/Users/miyazaki/wsFreedomStudio/sample/bsp/install/lib/debug/\libmetal.a(libriscv__mmachine___a-riscv,clint0.o)
 .debug_line    0x0000000000001e26     0x12b1 C:/Users/miyazaki/wsFreedomStudio/sample/bsp/install/lib/debug/\libmetal.a(libriscv__mmachine___a-riscv,cpu.o)
 .debug_line    0x00000000000030d7      0x648 C:/Users/miyazaki/wsFreedomStudio/sample/bsp/install/lib/debug/\libmetal.a(libriscv__mmachine___a-riscv,plic0.o)
 .debug_line    0x000000000000371f      0x1c9 C:/Users/miyazaki/wsFreedomStudio/sample/bsp/install/lib/debug/\libmetal.a(libriscv__mmachine___a-sifive,fe310-g000,hfrosc.o)
 .debug_line    0x00000000000038e8      0x1b1 C:/Users/miyazaki/wsFreedomStudio/sample/bsp/install/lib/debug/\libmetal.a(libriscv__mmachine___a-sifive,fe310-g000,hfxosc.o)
 .debug_line    0x0000000000003a99      0xa92 C:/Users/miyazaki/wsFreedomStudio/sample/bsp/install/lib/debug/\libmetal.a(libriscv__mmachine___a-sifive,fe310-g000,pll.o)
 .debug_line    0x000000000000452b      0x16d C:/Users/miyazaki/wsFreedomStudio/sample/bsp/install/lib/debug/\libmetal.a(libriscv__mmachine___a-sifive,fe310-g000,prci.o)
 .debug_line    0x0000000000004698      0x33f C:/Users/miyazaki/wsFreedomStudio/sample/bsp/install/lib/debug/\libmetal.a(libriscv__mmachine___a-sifive,gpio0.o)
 .debug_line    0x00000000000049d7      0x6c9 C:/Users/miyazaki/wsFreedomStudio/sample/bsp/install/lib/debug/\libmetal.a(libriscv__mmachine___a-sifive,uart0.o)
 .debug_line    0x00000000000050a0      0x168 C:/Users/miyazaki/wsFreedomStudio/sample/bsp/install/lib/debug/\libmetal.a(libriscv__mmachine___a-clock.o)
 .debug_line    0x0000000000005208      0x45e C:/Users/miyazaki/wsFreedomStudio/sample/bsp/install/lib/debug/\libmetal.a(libriscv__mmachine___a-shutdown.o)
 .debug_line    0x0000000000005666       0x80 C:/Users/miyazaki/wsFreedomStudio/sample/bsp/install/lib/debug/\libmetal-gloss.a(sys_exit.o)

.debug_str      0x0000000000000000     0x2d82
 .debug_str     0x0000000000000000      0x4a0 C:\Users\miyazaki\AppData\Local\Temp\ccIXSqJf.o
                                        0x51c (size before relaxing)
 .debug_str     0x00000000000004a0       0x88 C:/Users/miyazaki/wsFreedomStudio/sample/bsp/install/lib/debug/\libmetal.a(libriscv__mmachine___a-entry.o)
 .debug_str     0x0000000000000528       0x44 C:/Users/miyazaki/wsFreedomStudio/sample/bsp/install/lib/debug/\libmetal-gloss.a(crt0.o)
                                         0x89 (size before relaxing)
 .debug_str     0x000000000000056c       0x60 C:/Users/miyazaki/wsFreedomStudio/sample/bsp/install/lib/debug/\libmetal-gloss.a(sys_close.o)
                                        0x580 (size before relaxing)
 .debug_str     0x00000000000005cc      0x175 C:/Users/miyazaki/wsFreedomStudio/sample/bsp/install/lib/debug/\libmetal-gloss.a(sys_fstat.o)
                                        0x6f1 (size before relaxing)
 .debug_str     0x0000000000000741       0x78 C:/Users/miyazaki/wsFreedomStudio/sample/bsp/install/lib/debug/\libmetal-gloss.a(sys_isatty.o)
                                        0x1b7 (size before relaxing)
 .debug_str     0x00000000000007b9       0x50 C:/Users/miyazaki/wsFreedomStudio/sample/bsp/install/lib/debug/\libmetal-gloss.a(sys_lseek.o)
                                        0x595 (size before relaxing)
 .debug_str     0x0000000000000809       0x48 C:/Users/miyazaki/wsFreedomStudio/sample/bsp/install/lib/debug/\libmetal-gloss.a(sys_read.o)
                                        0x58e (size before relaxing)
 .debug_str     0x0000000000000851       0xa5 C:/Users/miyazaki/wsFreedomStudio/sample/bsp/install/lib/debug/\libmetal-gloss.a(sys_sbrk.o)
                                        0x1d8 (size before relaxing)
 .debug_str     0x00000000000008f6       0x4e C:/Users/miyazaki/wsFreedomStudio/sample/bsp/install/lib/debug/\libmetal-gloss.a(sys_write.o)
                                        0x5c1 (size before relaxing)
 .debug_str     0x0000000000000944      0xb27 C:/Users/miyazaki/wsFreedomStudio/sample/bsp/install/lib/debug/\libmetal.a(libriscv__mmachine___a-tty.o)
                                        0xeb2 (size before relaxing)
 .debug_str     0x000000000000146b       0xa4 C:/Users/miyazaki/wsFreedomStudio/sample/bsp/install/lib/debug/\libmetal.a(libriscv__mmachine___a-uart.o)
                                        0x342 (size before relaxing)
 .debug_str     0x000000000000150f       0xae C:/Users/miyazaki/wsFreedomStudio/sample/bsp/install/lib/debug/\libmetal.a(libriscv__mmachine___a-fixed-clock.o)
                                        0x2c3 (size before relaxing)
 .debug_str     0x00000000000015bd      0x207 C:/Users/miyazaki/wsFreedomStudio/sample/bsp/install/lib/debug/\libmetal.a(libriscv__mmachine___a-riscv,clint0.o)
                                        0x6d3 (size before relaxing)
 .debug_str     0x00000000000017c4      0xb01 C:/Users/miyazaki/wsFreedomStudio/sample/bsp/install/lib/debug/\libmetal.a(libriscv__mmachine___a-riscv,cpu.o)
                                       0x1a30 (size before relaxing)
 .debug_str     0x00000000000022c5      0x1a6 C:/Users/miyazaki/wsFreedomStudio/sample/bsp/install/lib/debug/\libmetal.a(libriscv__mmachine___a-riscv,plic0.o)
                                        0x70d (size before relaxing)
 .debug_str     0x000000000000246b       0xc6 C:/Users/miyazaki/wsFreedomStudio/sample/bsp/install/lib/debug/\libmetal.a(libriscv__mmachine___a-sifive,fe310-g000,hfrosc.o)
                                        0x39d (size before relaxing)
 .debug_str     0x0000000000002531       0xc6 C:/Users/miyazaki/wsFreedomStudio/sample/bsp/install/lib/debug/\libmetal.a(libriscv__mmachine___a-sifive,fe310-g000,hfxosc.o)
                                        0x39d (size before relaxing)
 .debug_str     0x00000000000025f7      0x20f C:/Users/miyazaki/wsFreedomStudio/sample/bsp/install/lib/debug/\libmetal.a(libriscv__mmachine___a-sifive,fe310-g000,pll.o)
                                       0x146c (size before relaxing)
 .debug_str     0x0000000000002806       0xb8 C:/Users/miyazaki/wsFreedomStudio/sample/bsp/install/lib/debug/\libmetal.a(libriscv__mmachine___a-sifive,fe310-g000,prci.o)
                                        0x222 (size before relaxing)
 .debug_str     0x00000000000028be      0x17b C:/Users/miyazaki/wsFreedomStudio/sample/bsp/install/lib/debug/\libmetal.a(libriscv__mmachine___a-sifive,gpio0.o)
                                        0x36c (size before relaxing)
 .debug_str     0x0000000000002a39      0x1a0 C:/Users/miyazaki/wsFreedomStudio/sample/bsp/install/lib/debug/\libmetal.a(libriscv__mmachine___a-sifive,uart0.o)
                                        0xb48 (size before relaxing)
 .debug_str     0x0000000000002bd9       0xd0 C:/Users/miyazaki/wsFreedomStudio/sample/bsp/install/lib/debug/\libmetal.a(libriscv__mmachine___a-clock.o)
                                        0x2a2 (size before relaxing)
 .debug_str     0x0000000000002ca9       0x85 C:/Users/miyazaki/wsFreedomStudio/sample/bsp/install/lib/debug/\libmetal.a(libriscv__mmachine___a-shutdown.o)
                                        0xef1 (size before relaxing)
 .debug_str     0x0000000000002d2e       0x54 C:/Users/miyazaki/wsFreedomStudio/sample/bsp/install/lib/debug/\libmetal-gloss.a(sys_exit.o)
                                         0xf8 (size before relaxing)

.comment        0x0000000000000000       0x11
 .comment       0x0000000000000000       0x11 C:\Users\miyazaki\AppData\Local\Temp\ccIXSqJf.o
                                         0x12 (size before relaxing)
 .comment       0x0000000000000011       0x12 d:/freedomstudio-4.7.2/sifive/toolchain/riscv64-unknown-elf-gcc-8.2.0-2019.02.0/bin/../lib/gcc/riscv64-unknown-elf/8.2.0/../../../../riscv64-unknown-elf/lib/rv32imac/ilp32\libc.a(lib_a-puts.o)
 .comment       0x0000000000000011       0x12 d:/freedomstudio-4.7.2/sifive/toolchain/riscv64-unknown-elf-gcc-8.2.0-2019.02.0/bin/../lib/gcc/riscv64-unknown-elf/8.2.0/../../../../riscv64-unknown-elf/lib/rv32imac/ilp32\libc.a(lib_a-strlen.o)
 .comment       0x0000000000000011       0x12 d:/freedomstudio-4.7.2/sifive/toolchain/riscv64-unknown-elf-gcc-8.2.0-2019.02.0/bin/../lib/gcc/riscv64-unknown-elf/8.2.0/../../../../riscv64-unknown-elf/lib/rv32imac/ilp32\libc.a(lib_a-findfp.o)
 .comment       0x0000000000000011       0x12 d:/freedomstudio-4.7.2/sifive/toolchain/riscv64-unknown-elf-gcc-8.2.0-2019.02.0/bin/../lib/gcc/riscv64-unknown-elf/8.2.0/../../../../riscv64-unknown-elf/lib/rv32imac/ilp32\libc.a(lib_a-fvwrite.o)
 .comment       0x0000000000000011       0x12 d:/freedomstudio-4.7.2/sifive/toolchain/riscv64-unknown-elf-gcc-8.2.0-2019.02.0/bin/../lib/gcc/riscv64-unknown-elf/8.2.0/../../../../riscv64-unknown-elf/lib/rv32imac/ilp32\libc.a(lib_a-fwalk.o)
 .comment       0x0000000000000011       0x12 d:/freedomstudio-4.7.2/sifive/toolchain/riscv64-unknown-elf-gcc-8.2.0-2019.02.0/bin/../lib/gcc/riscv64-unknown-elf/8.2.0/../../../../riscv64-unknown-elf/lib/rv32imac/ilp32\libc.a(lib_a-impure.o)
 .comment       0x0000000000000011       0x12 d:/freedomstudio-4.7.2/sifive/toolchain/riscv64-unknown-elf-gcc-8.2.0-2019.02.0/bin/../lib/gcc/riscv64-unknown-elf/8.2.0/../../../../riscv64-unknown-elf/lib/rv32imac/ilp32\libc.a(lib_a-mallocr.o)
 .comment       0x0000000000000011       0x12 d:/freedomstudio-4.7.2/sifive/toolchain/riscv64-unknown-elf-gcc-8.2.0-2019.02.0/bin/../lib/gcc/riscv64-unknown-elf/8.2.0/../../../../riscv64-unknown-elf/lib/rv32imac/ilp32\libc.a(lib_a-memchr.o)
 .comment       0x0000000000000011       0x12 d:/freedomstudio-4.7.2/sifive/toolchain/riscv64-unknown-elf-gcc-8.2.0-2019.02.0/bin/../lib/gcc/riscv64-unknown-elf/8.2.0/../../../../riscv64-unknown-elf/lib/rv32imac/ilp32\libc.a(lib_a-memcpy.o)
 .comment       0x0000000000000011       0x12 d:/freedomstudio-4.7.2/sifive/toolchain/riscv64-unknown-elf-gcc-8.2.0-2019.02.0/bin/../lib/gcc/riscv64-unknown-elf/8.2.0/../../../../riscv64-unknown-elf/lib/rv32imac/ilp32\libc.a(lib_a-memmove.o)
 .comment       0x0000000000000011       0x12 d:/freedomstudio-4.7.2/sifive/toolchain/riscv64-unknown-elf-gcc-8.2.0-2019.02.0/bin/../lib/gcc/riscv64-unknown-elf/8.2.0/../../../../riscv64-unknown-elf/lib/rv32imac/ilp32\libc.a(lib_a-mlock.o)
 .comment       0x0000000000000011       0x12 d:/freedomstudio-4.7.2/sifive/toolchain/riscv64-unknown-elf-gcc-8.2.0-2019.02.0/bin/../lib/gcc/riscv64-unknown-elf/8.2.0/../../../../riscv64-unknown-elf/lib/rv32imac/ilp32\libc.a(lib_a-reallocr.o)
 .comment       0x0000000000000011       0x12 d:/freedomstudio-4.7.2/sifive/toolchain/riscv64-unknown-elf-gcc-8.2.0-2019.02.0/bin/../lib/gcc/riscv64-unknown-elf/8.2.0/../../../../riscv64-unknown-elf/lib/rv32imac/ilp32\libc.a(lib_a-sbrkr.o)
 .comment       0x0000000000000011       0x12 d:/freedomstudio-4.7.2/sifive/toolchain/riscv64-unknown-elf-gcc-8.2.0-2019.02.0/bin/../lib/gcc/riscv64-unknown-elf/8.2.0/../../../../riscv64-unknown-elf/lib/rv32imac/ilp32\libc.a(lib_a-stdio.o)
 .comment       0x0000000000000011       0x12 d:/freedomstudio-4.7.2/sifive/toolchain/riscv64-unknown-elf-gcc-8.2.0-2019.02.0/bin/../lib/gcc/riscv64-unknown-elf/8.2.0/../../../../riscv64-unknown-elf/lib/rv32imac/ilp32\libc.a(lib_a-writer.o)
 .comment       0x0000000000000011       0x12 d:/freedomstudio-4.7.2/sifive/toolchain/riscv64-unknown-elf-gcc-8.2.0-2019.02.0/bin/../lib/gcc/riscv64-unknown-elf/8.2.0/../../../../riscv64-unknown-elf/lib/rv32imac/ilp32\libc.a(lib_a-wsetup.o)
 .comment       0x0000000000000011       0x12 d:/freedomstudio-4.7.2/sifive/toolchain/riscv64-unknown-elf-gcc-8.2.0-2019.02.0/bin/../lib/gcc/riscv64-unknown-elf/8.2.0/../../../../riscv64-unknown-elf/lib/rv32imac/ilp32\libc.a(lib_a-closer.o)
 .comment       0x0000000000000011       0x12 d:/freedomstudio-4.7.2/sifive/toolchain/riscv64-unknown-elf-gcc-8.2.0-2019.02.0/bin/../lib/gcc/riscv64-unknown-elf/8.2.0/../../../../riscv64-unknown-elf/lib/rv32imac/ilp32\libc.a(lib_a-fclose.o)
 .comment       0x0000000000000011       0x12 d:/freedomstudio-4.7.2/sifive/toolchain/riscv64-unknown-elf-gcc-8.2.0-2019.02.0/bin/../lib/gcc/riscv64-unknown-elf/8.2.0/../../../../riscv64-unknown-elf/lib/rv32imac/ilp32\libc.a(lib_a-fflush.o)